Component: ARM Compiler 5.06 update 5 (build 528) Tool: armlink [4d35e2]

==============================================================================

Section Cross References

    startup_stm32l476xx.o(RESET) refers to startup_stm32l476xx.o(STACK) for __initial_sp
    startup_stm32l476xx.o(RESET) refers to startup_stm32l476xx.o(.text) for Reset_Handler
    startup_stm32l476xx.o(RESET) refers to stm32l4xx_it.o(i.NMI_Handler) for NMI_Handler
    startup_stm32l476xx.o(RESET) refers to stm32l4xx_it.o(i.HardFault_Handler) for HardFault_Handler
    startup_stm32l476xx.o(RESET) refers to stm32l4xx_it.o(i.MemManage_Handler) for MemManage_Handler
    startup_stm32l476xx.o(RESET) refers to stm32l4xx_it.o(i.BusFault_Handler) for BusFault_Handler
    startup_stm32l476xx.o(RESET) refers to stm32l4xx_it.o(i.UsageFault_Handler) for UsageFault_Handler
    startup_stm32l476xx.o(RESET) refers to stm32l4xx_it.o(i.SVC_Handler) for SVC_Handler
    startup_stm32l476xx.o(RESET) refers to stm32l4xx_it.o(i.DebugMon_Handler) for DebugMon_Handler
    startup_stm32l476xx.o(RESET) refers to stm32l4xx_it.o(i.PendSV_Handler) for PendSV_Handler
    startup_stm32l476xx.o(RESET) refers to stm32l4xx_it.o(i.SysTick_Handler) for SysTick_Handler
    startup_stm32l476xx.o(RESET) refers to stm32l4xx_it.o(i.I2C1_EV_IRQHandler) for I2C1_EV_IRQHandler
    startup_stm32l476xx.o(RESET) refers to stm32l4xx_it.o(i.I2C2_EV_IRQHandler) for I2C2_EV_IRQHandler
    startup_stm32l476xx.o(RESET) refers to stm32l4xx_it.o(i.USART1_IRQHandler) for USART1_IRQHandler
    startup_stm32l476xx.o(RESET) refers to stm32l4xx_it.o(i.USART2_IRQHandler) for USART2_IRQHandler
    startup_stm32l476xx.o(RESET) refers to stm32l4xx_it.o(i.USART3_IRQHandler) for USART3_IRQHandler
    startup_stm32l476xx.o(RESET) refers to stm32l4xx_it.o(i.UART4_IRQHandler) for UART4_IRQHandler
    startup_stm32l476xx.o(RESET) refers to stm32l4xx_it.o(i.UART5_IRQHandler) for UART5_IRQHandler
    startup_stm32l476xx.o(RESET) refers to stm32l4xx_it.o(i.OTG_FS_IRQHandler) for OTG_FS_IRQHandler
    startup_stm32l476xx.o(.text) refers to system_stm32l4xx.o(i.SystemInit) for SystemInit
    startup_stm32l476xx.o(.text) refers to entry.o(.ARM.Collect$$$$00000000) for __main
    main.o(i.SystemClock_Config) refers to memseta.o(.text) for __aeabi_memclr4
    main.o(i.SystemClock_Config) refers to stm32l4xx_hal_pwr.o(i.HAL_PWR_EnableBkUpAccess) for HAL_PWR_EnableBkUpAccess
    main.o(i.SystemClock_Config) refers to stm32l4xx_hal_rcc.o(i.HAL_RCC_OscConfig) for HAL_RCC_OscConfig
    main.o(i.SystemClock_Config) refers to stm32l4xx_hal_rcc.o(i.HAL_RCC_ClockConfig) for HAL_RCC_ClockConfig
    main.o(i.SystemClock_Config) refers to stm32l4xx_hal_rcc_ex.o(i.HAL_RCCEx_PeriphCLKConfig) for HAL_RCCEx_PeriphCLKConfig
    main.o(i.SystemClock_Config) refers to stm32l4xx_hal_pwr_ex.o(i.HAL_PWREx_ControlVoltageScaling) for HAL_PWREx_ControlVoltageScaling
    main.o(i.SystemClock_Config) refers to stm32l4xx_hal_rcc_ex.o(i.HAL_RCCEx_EnableMSIPLLMode) for HAL_RCCEx_EnableMSIPLLMode
    main.o(i.main) refers to stm32l4xx_hal.o(i.HAL_Init) for HAL_Init
    main.o(i.main) refers to main.o(i.SystemClock_Config) for SystemClock_Config
    main.o(i.main) refers to gpio.o(i.MX_GPIO_Init) for MX_GPIO_Init
    main.o(i.main) refers to i2c.o(i.MX_I2C1_Init) for MX_I2C1_Init
    main.o(i.main) refers to i2c.o(i.MX_I2C2_Init) for MX_I2C2_Init
    main.o(i.main) refers to usart.o(i.MX_UART4_Init) for MX_UART4_Init
    main.o(i.main) refers to usart.o(i.MX_UART5_Init) for MX_UART5_Init
    main.o(i.main) refers to usart.o(i.MX_USART1_UART_Init) for MX_USART1_UART_Init
    main.o(i.main) refers to usart.o(i.MX_USART2_UART_Init) for MX_USART2_UART_Init
    main.o(i.main) refers to usart.o(i.MX_USART3_UART_Init) for MX_USART3_UART_Init
    main.o(i.main) refers to usb_device.o(i.MX_USB_DEVICE_Init) for MX_USB_DEVICE_Init
    main.o(i.main) refers to veml6070.o(i.VEML6070_Init) for VEML6070_Init
    main.o(i.main) refers to adc.o(i.MX_ADC1_Init) for MX_ADC1_Init
    main.o(i.main) refers to tem_hum_ill.o(i.Init_Tem_Hum_Ill_Sensor) for Init_Tem_Hum_Ill_Sensor
    main.o(i.main) refers to stm32l4xx_hal_uart.o(i.HAL_UART_Receive_IT) for HAL_UART_Receive_IT
    main.o(i.main) refers to tem_hum_ill.o(i.Tem_Hum_Ill_Sensor_Read_Data) for Tem_Hum_Ill_Sensor_Read_Data
    main.o(i.main) refers to stm32l4xx_hal_gpio.o(i.HAL_GPIO_TogglePin) for HAL_GPIO_TogglePin
    main.o(i.main) refers to stm32l4xx_hal.o(i.HAL_Delay) for HAL_Delay
    main.o(i.main) refers to printfa.o(i.__0printf) for __2printf
    main.o(i.main) refers to f2d.o(.text) for __aeabi_f2d
    main.o(i.main) refers to veml6070.o(i.VEML6070_Read_Data) for VEML6070_Read_Data
    main.o(i.main) refers to adc.o(i.Get_Battery_Value) for Get_Battery_Value
    main.o(i.main) refers to usart.o(.data) for UART2RxBuffer
    main.o(i.main) refers to usart.o(.bss) for huart2
    main.o(i.main) refers to main.o(.bss) for .bss
[...]
    i.fputc                                  0x08006cbc   Section        0  bsp_usart.o(i.fputc)
    i.free                                   0x08006cd4   Section        0  malloc.o(i.free)
    i.main                                   0x08006d24   Section        0  main.o(i.main)
    i.malloc                                 0x08006f30   Section        0  malloc.o(i.malloc)
    .constdata                               0x08006f9c   Section       64  system_stm32l4xx.o(.constdata)
    .constdata                               0x08006fdc   Section        8  system_stm32l4xx.o(.constdata)
    .conststring                             0x08006fe4   Section      151  usart.o(.conststring)
    .data                                    0x20000000   Section        6  usart.o(.data)
    particulate_matter_rx_counter            0x20000000   Data           1  usart.o(.data)
    .data                                    0x20000008   Section       32  usbd_desc.o(.data)
    .data                                    0x20000028   Section       62  usbd_desc.o(.data)
    .data                                    0x20000068   Section       20  usbd_cdc_if.o(.data)
    .data                                    0x2000007c   Section       12  stm32l4xx_hal.o(.data)
    .data                                    0x20000088   Section        4  system_stm32l4xx.o(.data)
    .data                                    0x2000008c   Section        1  usbd_ctlreq.o(.data)
    cfgidx                                   0x2000008c   Data           1  usbd_ctlreq.o(.data)
    .data                                    0x20000090   Section      215  usbd_cdc.o(.data)
    USBD_CDC_DeviceQualifierDesc             0x20000090   Data          10  usbd_cdc.o(.data)
    USBD_CDC_CfgHSDesc                       0x2000009c   Data          67  usbd_cdc.o(.data)
    USBD_CDC_CfgFSDesc                       0x200000e0   Data          67  usbd_cdc.o(.data)
    USBD_CDC_OtherSpeedCfgDesc               0x20000124   Data          67  usbd_cdc.o(.data)
    .data                                    0x20000168   Section       56  usbd_cdc.o(.data)
    .data                                    0x200001a0   Section        4  stdout.o(.data)
    .data                                    0x200001a4   Section        4  mvars.o(.data)
    .data                                    0x200001a8   Section        4  mvars.o(.data)
    .bss                                     0x200001ac   Section       44  main.o(.bss)
    .bss                                     0x200001d8   Section      152  i2c.o(.bss)
    .bss                                     0x20000270   Section      672  usart.o(.bss)
    .bss                                     0x20000510   Section      100  adc.o(.bss)
    .bss                                     0x20000574   Section      720  usb_device.o(.bss)
    .bss                                     0x20000844   Section      512  usbd_desc.o(.bss)
    .bss                                     0x20000a44   Section     4096  usbd_cdc_if.o(.bss)
    .bss                                     0x20001a44   Section     1576  usbd_conf.o(.bss)
    mem                                      0x20001a44   Data         544  usbd_conf.o(.bss)
    HEAP                                     0x20002070   Section      512  startup_stm32l476xx.o(HEAP)
    STACK                                    0x20002270   Section     1024  startup_stm32l476xx.o(STACK)

    Global Symbols

    Symbol Name                              Value     Ov Type        Size  Object(Section)

    BuildAttributes$$THM_ISAv4$E$P$D$K$B$S$7EM$VFPi3$EXTD16$VFPS$VFMA$PE$A:L22UL41UL21$X:L11$S22US41US21$IEEE1$IW$USESV6$~STKCKD$USESV7$~SHL$OTIME$ROPI$EBA8$MICROLIB$REQ8$PRES8$EABIv2 0x00000000   Number         0  anon$$obj.o ABSOLUTE
    __ARM_use_no_argv                        0x00000000   Number         0  main.o ABSOLUTE
    _printf_a                                0x00000000   Number         0  stubs.o ABSOLUTE
    _printf_c                                0x00000000   Number         0  stubs.o ABSOLUTE
    _printf_charcount                        0x00000000   Number         0  stubs.o ABSOLUTE
    _printf_d                                0x00000000   Number         0  stubs.o ABSOLUTE
    _printf_e                                0x00000000   Number         0  stubs.o ABSOLUTE
    _printf_f                                0x00000000   Number         0  stubs.o ABSOLUTE
    _printf_flags                            0x00000000   Number         0  stubs.o ABSOLUTE
    _printf_fp_dec                           0x00000000   Number         0  stubs.o ABSOLUTE
    _printf_fp_hex                           0x00000000   Number         0  stubs.o ABSOLUTE
    _printf_g                                0x00000000   Number         0  stubs.o ABSOLUTE
    _printf_i                                0x00000000   Number         0  stubs.o ABSOLUTE
    _printf_int_dec                          0x00000000   Number         0  stubs.o ABSOLUTE
    _printf_l                                0x00000000   Number         0  stubs.o ABSOLUTE
    _printf_lc                               0x00000000   Number         0  stubs.o ABSOLUTE
    _printf_ll                               0x00000000   Number         0  stubs.o ABSOLUTE
    _printf_lld                              0x00000000   Number         0  stubs.o ABSOLUTE
    _printf_lli                              0x00000000   Number         0  stubs.o ABSOLUTE
    _printf_llo                              0x00000000   Number         0  stubs.o ABSOLUTE
    _printf_llu                              0x00000000   Number         0  stubs.o ABSOLUTE
    _printf_llx                              0x00000000   Number         0  stubs.o ABSOLUTE
    _printf_longlong_dec                     0x00000000   Number         0  stubs.o ABSOLUTE
    _printf_longlong_hex                     0x00000000   Number         0  stubs.o ABSOLUTE
    _printf_longlong_oct                     0x00000000   Number         0  stubs.o ABSOLUTE
    _printf_ls                               0x00000000   Number         0  stubs.o ABSOLUTE
    _printf_mbtowc                           0x00000000   Number         0  stubs.o ABSOLUTE
    _printf_n                                0x00000000   Number         0  stubs.o ABSOLUTE
    _printf_o                                0x00000000   Number         0  stubs.o ABSOLUTE
    _printf_p                                0x00000000   Number         0  stubs.o ABSOLUTE
    _printf_percent                          0x00000000   Number         0  stubs.o ABSOLUTE
    _printf_pre_padding                      0x00000000   Number         0  stubs.o ABSOLUTE
    _printf_return_value                     0x00000000   Number         0  stubs.o ABSOLUTE
    _printf_s                                0x00000000   Number         0  stubs.o ABSOLUTE
    _printf_sizespec                         0x00000000   Number         0  stubs.o ABSOLUTE
    _printf_str                              0x00000000   Number         0  stubs.o ABSOLUTE
    _printf_truncate_signed                  0x00000000   Number         0  stubs.o ABSOLUTE
    _printf_truncate_unsigned                0x00000000   Number         0  stubs.o ABSOLUTE
    _printf_u                                0x00000000   Number         0  stubs.o ABSOLUTE
    _printf_wc                               0x00000000   Number         0  stubs.o ABSOLUTE
    _printf_wctomb                           0x00000000   Number         0  stubs.o ABSOLUTE
    _printf_widthprec                        0x00000000   Number         0  stubs.o ABSOLUTE
    _printf_x                                0x00000000   Number         0  stubs.o ABSOLUTE
    __cpp_initialize__aeabi_                  - Undefined Weak Reference
    __cxa_finalize                            - Undefined Weak Reference
    _clock_init                               - Undefined Weak Reference
    _microlib_exit                            - Undefined Weak Reference
    __Vectors_Size                           0x00000188   Number         0  startup_stm32l476xx.o ABSOLUTE
    __Vectors                                0x08000000   Data           4  startup_stm32l476xx.o(RESET)
    __Vectors_End                            0x08000188   Data           0  startup_stm32l476xx.o(RESET)
    __main                                   0x08000189   Thumb Code     0  entry.o(.ARM.Collect$$$$00000000)
    _main_stk                                0x08000189   Thumb Code     0  entry2.o(.ARM.Collect$$$$00000001)
    _main_scatterload                        0x0800018d   Thumb Code     0  entry5.o(.ARM.Collect$$$$00000004)
    __main_after_scatterload                 0x08000191   Thumb Code     0  entry5.o(.ARM.Collect$$$$00000004)
    _main_clock                              0x08000191   Thumb Code     0  entry7b.o(.ARM.Collect$$$$00000008)
    _main_cpp_init                           0x08000191   Thumb Code     0  entry8b.o(.ARM.Collect$$$$0000000A)
    _main_init                               0x08000191   Thumb Code     0  entry9a.o(.ARM.Collect$$$$0000000B)
    __rt_final_cpp                           0x08000199   Thumb Code     0  entry10a.o(.ARM.Collect$$$$0000000D)
    __rt_final_exit                          0x08000199   Thumb Code     0  entry11a.o(.ARM.Collect$$$$0000000F)
    Reset_Handler                            0x0800019d   Thumb Code     8  startup_stm32l476xx.o(.text)
    ADC1_2_IRQHandler                        0x080001b7   Thumb Code     0  startup_stm32l476xx.o(.text)
    ADC3_IRQHandler                          0x080001b7   Thumb Code     0  startup_stm32l476xx.o(.text)
    CAN1_RX0_IRQHandler                      0x080001b7   Thumb Code     0  startup_stm32l476xx.o(.text)
    CAN1_RX1_IRQHandler                      0x080001b7   Thumb Code     0  startup_stm32l476xx.o(.text)
    CAN1_SCE_IRQHandler                      0x080001b7   Thumb Code     0  startup_stm32l476xx.o(.text)
    CAN1_TX_IRQHandler                       0x080001b7   Thumb Code     0  startup_stm32l476xx.o(.text)
    COMP_IRQHandler                          0x080001b7   Thumb Code     0  startup_stm32l476xx.o(.text)
    DFSDM1_FLT0_IRQHandler                   0x080001b7   Thumb Code     0  startup_stm32l476xx.o(.text)
    DFSDM1_FLT1_IRQHandler                   0x080001b7   Thumb Code     0  startup_stm32l476xx.o(.text)
    DFSDM1_FLT2_IRQHandler                   0x080001b7   Thumb Code     0  startup_stm32l476xx.o(.text)
    DFSDM1_FLT3_IRQHandler                   0x080001b7   Thumb Code     0  startup_stm32l476xx.o(.text)
    DMA1_Channel1_IRQHandler                 0x080001b7   Thumb Code     0  startup_stm32l476xx.o(.text)
    DMA1_Channel2_IRQHandler                 0x080001b7   Thumb Code     0  startup_stm32l476xx.o(.text)
    DMA1_Channel3_IRQHandler                 0x080001b7   Thumb Code     0  startup_stm32l476xx.o(.text)
    DMA1_Channel4_IRQHandler                 0x080001b7   Thumb Code     0  startup_stm32l476xx.o(.text)
    DMA1_Channel5_IRQHandler                 0x080001b7   Thumb Code     0  startup_stm32l476xx.o(.text)
    DMA1_Channel6_IRQHandler                 0x080001b7   Thumb Code     0  startup_stm32l476xx.o(.text)
    DMA1_Channel7_IRQHandler                 0x080001b7   Thumb Code     0  startup_stm32l476xx.o(.text)
    DMA2_Channel1_IRQHandler                 0x080001b7   Thumb Code     0  startup_stm32l476xx.o(.text)
    DMA2_Channel2_IRQHandler                 0x080001b7   Thumb Code     0  startup_stm32l476xx.o(.text)
    DMA2_Channel3_IRQHandler                 0x080001b7   Thumb Code     0  startup_stm32l476xx.o(.text)
    DMA2_Channel4_IRQHandler                 0x080001b7   Thumb Code     0  startup_stm32l476xx.o(.text)
    DMA2_Channel5_IRQHandler                 0x080001b7   Thumb Code     0  startup_stm32l476xx.o(.text)
    DMA2_Channel6_IRQHandler                 0x080001b7   Thumb Code     0  startup_stm32l476xx.o(.text)
    DMA2_Channel7_IRQHandler                 0x080001b7   Thumb Code     0  startup_stm32l476xx.o(.text)
    EXTI0_IRQHandler                         0x080001b7   Thumb Code     0  startup_stm32l476xx.o(.text)
    EXTI15_10_IRQHandler                     0x080001b7   Thumb Code     0  startup_stm32l476xx.o(.text)
    EXTI1_IRQHandler                         0x080001b7   Thumb Code     0  startup_stm32l476xx.o(.text)
    EXTI2_IRQHandler                         0x080001b7   Thumb Code     0  startup_stm32l476xx.o(.text)
    EXTI3_IRQHandler                         0x080001b7   Thumb Code     0  startup_stm32l476xx.o(.text)
    EXTI4_IRQHandler                         0x080001b7   Thumb Code     0  startup_stm32l476xx.o(.text)
    EXTI9_5_IRQHandler                       0x080001b7   Thumb Code     0  startup_stm32l476xx.o(.text)
    FLASH_IRQHandler                         0x080001b7   Thumb Code     0  startup_stm32l476xx.o(.text)
    FMC_IRQHandler                           0x080001b7   Thumb Code     0  startup_stm32l476xx.o(.text)
    FPU_IRQHandler                           0x080001b7   Thumb Code     0  startup_stm32l476xx.o(.text)
    I2C1_ER_IRQHandler                       0x080001b7   Thumb Code     0  startup_stm32l476xx.o(.text)
    I2C2_ER_IRQHandler                       0x080001b7   Thumb Code     0  startup_stm32l476xx.o(.text)
    I2C3_ER_IRQHandler                       0x080001b7   Thumb Code     0  startup_stm32l476xx.o(.text)
    I2C3_EV_IRQHandler                       0x080001b7   Thumb Code     0  startup_stm32l476xx.o(.text)
    LCD_IRQHandler                           0x080001b7   Thumb Code     0  startup_stm32l476xx.o(.text)
    LPTIM1_IRQHandler                        0x080001b7   Thumb Code     0  startup_stm32l476xx.o(.text)
    LPTIM2_IRQHandler                        0x080001b7   Thumb Code     0  startup_stm32l476xx.o(.text)
    LPUART1_IRQHandler                       0x080001b7   Thumb Code     0  startup_stm32l476xx.o(.text)
    PVD_PVM_IRQHandler                       0x080001b7   Thumb Code     0  startup_stm32l476xx.o(.text)
    QUADSPI_IRQHandler                       0x080001b7   Thumb Code     0  startup_stm32l476xx.o(.text)
    RCC_IRQHandler                           0x080001b7   Thumb Code     0  startup_stm32l476xx.o(.text)
    RNG_IRQHandler                           0x080001b7   Thumb Code     0  startup_stm32l476xx.o(.text)
    RTC_Alarm_IRQHandler                     0x080001b7   Thumb Code     0  startup_stm32l476xx.o(.text)
    RTC_WKUP_IRQHandler                      0x080001b7   Thumb Code     0  startup_stm32l476xx.o(.text)
    SAI1_IRQHandler                          0x080001b7   Thumb Code     0  startup_stm32l476xx.o(.text)
    SAI2_IRQHandler                          0x080001b7   Thumb Code     0  startup_stm32l476xx.o(.text)
    SDMMC1_IRQHandler                        0x080001b7   Thumb Code     0  startup_stm32l476xx.o(.text)
    SPI1_IRQHandler                          0x080001b7   Thumb Code     0  startup_stm32l476xx.o(.text)
    SPI2_IRQHandler                          0x080001b7   Thumb Code     0  startup_stm32l476xx.o(.text)
    SPI3_IRQHandler                          0x080001b7   Thumb Code     0  startup_stm32l476xx.o(.text)
    SWPMI1_IRQHandler                        0x080001b7   Thumb Code     0  startup_stm32l476xx.o(.text)
    TAMP_STAMP_IRQHandler                    0x080001b7   Thumb Code     0  startup_stm32l476xx.o(.text)
    TIM1_BRK_TIM15_IRQHandler                0x080001b7   Thumb Code     0  startup_stm32l476xx.o(.text)
    TIM1_CC_IRQHandler                       0x080001b7   Thumb Code     0  startup_stm32l476xx.o(.text)
    TIM1_TRG_COM_TIM17_IRQHandler            0x080001b7   Thumb Code     0  startup_stm32l476xx.o(.text)
    TIM1_UP_TIM16_IRQHandler                 0x080001b7   Thumb Code     0  startup_stm32l476xx.o(.text)
    TIM2_IRQHandler                          0x080001b7   Thumb Code     0  startup_stm32l476xx.o(.text)
    TIM3_IRQHandler                          0x080001b7   Thumb Code     0  startup_stm32l476xx.o(.text)
    TIM4_IRQHandler                          0x080001b7   Thumb Code     0  startup_stm32l476xx.o(.text)
    TIM5_IRQHandler                          0x080001b7   Thumb Code     0  startup_stm32l476xx.o(.text)
    TIM6_DAC_IRQHandler                      0x080001b7   Thumb Code     0  startup_stm32l476xx.o(.text)
    TIM7_IRQHandler                          0x080001b7   Thumb Code     0  startup_stm32l476xx.o(.text)
    TIM8_BRK_IRQHandler                      0x080001b7   Thumb Code     0  startup_stm32l476xx.o(.text)
    TIM8_CC_IRQHandler                       0x080001b7   Thumb Code     0  startup_stm32l476xx.o(.text)
    TIM8_TRG_COM_IRQHandler                  0x080001b7   Thumb Code     0  startup_stm32l476xx.o(.text)
    TIM8_UP_IRQHandler                       0x080001b7   Thumb Code     0  startup_stm32l476xx.o(.text)
    TSC_IRQHandler                           0x080001b7   Thumb Code     0  startup_stm32l476xx.o(.text)
    WWDG_IRQHandler                          0x080001b7   Thumb Code     0  startup_stm32l476xx.o(.text)
    __aeabi_uldivmod                         0x080001c1   Thumb Code    98  uldiv.o(.text)
    __aeabi_memcpy                           0x08000229   Thumb Code    36  memcpya.o(.text)
    __aeabi_memcpy4                          0x08000229   Thumb Code     0  memcpya.o(.text)
    __aeabi_memcpy8                          0x08000229   Thumb Code     0  memcpya.o(.text)
    __aeabi_memset                           0x0800024d   Thumb Code    14  memseta.o(.text)
    __aeabi_memset4                          0x0800024d   Thumb Code     0  memseta.o(.text)
    __aeabi_memset8                          0x0800024d   Thumb Code     0  memseta.o(.text)
    __aeabi_memclr                           0x0800025b   Thumb Code     4  memseta.o(.text)
    __aeabi_memclr4                          0x0800025b   Thumb Code     0  memseta.o(.text)
    __aeabi_memclr8                          0x0800025b   Thumb Code     0  memseta.o(.text)
    _memset$wrapper                          0x0800025f   Thumb Code    18  memseta.o(.text)
    __aeabi_dmul                             0x08000271   Thumb Code   228  dmul.o(.text)
    __aeabi_ddiv                             0x0800035b   Thumb Code   222  ddiv.o(.text)
    __aeabi_i2d                              0x08000439   Thumb Code    34  dflti.o(.text)
    __aeabi_ui2d                             0x0800045b   Thumb Code    26  dfltui.o(.text)
    __aeabi_f2d                              0x08000475   Thumb Code    38  f2d.o(.text)
    __aeabi_d2f                              0x0800049b   Thumb Code    56  d2f.o(.text)
    __aeabi_uidiv                            0x080004d3   Thumb Code     0  uidiv.o(.text)
    __aeabi_uidivmod                         0x080004d3   Thumb Code    44  uidiv.o(.text)
    __aeabi_llsl                             0x080004ff   Thumb Code    30  llshl.o(.text)
    _ll_shift_l                              0x080004ff   Thumb Code     0  llshl.o(.text)
    __aeabi_llsr                             0x0800051d   Thumb Code    32  llushr.o(.text)
    _ll_ushift_r                             0x0800051d   Thumb Code     0  llushr.o(.text)
    __I$use$fp                               0x0800053d   Thumb Code     0  iusefp.o(.text)
    _float_round                             0x0800053d   Thumb Code    18  fepilogue.o(.text)
    _float_epilogue                          0x0800054f   Thumb Code    92  fepilogue.o(.text)
    _double_round                            0x080005ab   Thumb Code    30  depilogue.o(.text)
    _double_epilogue                         0x080005c9   Thumb Code   156  depilogue.o(.text)
    __aeabi_dadd                             0x08000665   Thumb Code   322  dadd.o(.text)
    __aeabi_dsub                             0x080007a7   Thumb Code     6  dadd.o(.text)
    __aeabi_drsub                            0x080007ad   Thumb Code     6  dadd.o(.text)
    __aeabi_d2ulz                            0x080007c3   Thumb Code    48  dfixul.o(.text)
    __aeabi_cdrcmple                         0x080007f5   Thumb Code    48  cdrcmple.o(.text)
    __scatterload                            0x08000825   Thumb Code    28  init.o(.text)
    __scatterload_rt2                        0x08000825   Thumb Code     0  init.o(.text)
    __aeabi_lasr                             0x08000849   Thumb Code    36  llsshr.o(.text)
    _ll_sshift_r                             0x08000849   Thumb Code     0  llsshr.o(.text)
    __decompress                             0x0800086d   Thumb Code     0  __dczerorl2.o(.text)
    __decompress1                            0x0800086d   Thumb Code    86  __dczerorl2.o(.text)
    ADC_ConversionStop                       0x080008c5   Thumb Code   212  stm32l4xx_hal_adc.o(i.ADC_ConversionStop)
    ADC_Disable                              0x080009a1   Thumb Code    98  stm32l4xx_hal_adc.o(i.ADC_Disable)
    ADC_Enable                               0x08000a09   Thumb Code   100  stm32l4xx_hal_adc.o(i.ADC_Enable)
    BusFault_Handler                         0x08000a71   Thumb Code     2  stm32l4xx_it.o(i.BusFault_Handler)
    Convert_BH1750                           0x08000abd   Thumb Code    66  tem_hum_ill.o(i.Convert_BH1750)
    Convert_VEML6070                         0x08000b0d   Thumb Code    74  veml6070.o(i.Convert_VEML6070)
    DebugMon_Handler                         0x08000b5d   Thumb Code     2  stm32l4xx_it.o(i.DebugMon_Handler)
    Error_Handler                            0x08000b5f   Thumb Code     2  main.o(i.Error_Handler)
    Get_Battery_Value                        0x08000b61   Thumb Code    58  adc.o(i.Get_Battery_Value)
    HAL_ADCEx_MultiModeConfigChannel         0x08000bad   Thumb Code   222  stm32l4xx_hal_adc_ex.o(i.HAL_ADCEx_MultiModeConfigChannel)
    HAL_ADC_ConfigChannel                    0x08000c9d   Thumb Code   968  stm32l4xx_hal_adc.o(i.HAL_ADC_ConfigChannel)
    HAL_ADC_GetValue                         0x0800109b   Thumb Code     6  stm32l4xx_hal_adc.o(i.HAL_ADC_GetValue)
    HAL_ADC_Init                             0x080010a1   Thumb Code   416  stm32l4xx_hal_adc.o(i.HAL_ADC_Init)
    HAL_ADC_MspInit                          0x08001269   Thumb Code    80  adc.o(i.HAL_ADC_MspInit)
    HAL_ADC_PollForConversion                0x080012c5   Thumb Code   234  stm32l4xx_hal_adc.o(i.HAL_ADC_PollForConversion)
    HAL_ADC_Start                            0x080013bd   Thumb Code   228  stm32l4xx_hal_adc.o(i.HAL_ADC_Start)
    HAL_ADC_Stop                             0x080014b1   Thumb Code    62  stm32l4xx_hal_adc.o(i.HAL_ADC_Stop)
    HAL_DMA_Abort_IT                         0x080014ef   Thumb Code    78  stm32l4xx_hal_dma.o(i.HAL_DMA_Abort_IT)
    HAL_Delay                                0x0800153d   Thumb Code    32  stm32l4xx_hal.o(i.HAL_Delay)
    HAL_GPIO_Init                            0x08001561   Thumb Code   570  stm32l4xx_hal_gpio.o(i.HAL_GPIO_Init)
    HAL_GPIO_TogglePin                       0x080017c7   Thumb Code    16  stm32l4xx_hal_gpio.o(i.HAL_GPIO_TogglePin)
    HAL_GPIO_WritePin                        0x080017d7   Thumb Code    10  stm32l4xx_hal_gpio.o(i.HAL_GPIO_WritePin)
    HAL_GetTick                              0x080017e1   Thumb Code     6  stm32l4xx_hal.o(i.HAL_GetTick)
    HAL_I2CEx_ConfigAnalogFilter             0x080017ed   Thumb Code    86  stm32l4xx_hal_i2c_ex.o(i.HAL_I2CEx_ConfigAnalogFilter)
    HAL_I2CEx_ConfigDigitalFilter            0x08001843   Thumb Code    82  stm32l4xx_hal_i2c_ex.o(i.HAL_I2CEx_ConfigDigitalFilter)
    HAL_I2C_EV_IRQHandler                    0x08001895   Thumb Code    16  stm32l4xx_hal_i2c.o(i.HAL_I2C_EV_IRQHandler)
    HAL_I2C_Init                             0x080018a5   Thumb Code   178  stm32l4xx_hal_i2c.o(i.HAL_I2C_Init)
    HAL_I2C_Master_Receive                   0x0800195d   Thumb Code   282  stm32l4xx_hal_i2c.o(i.HAL_I2C_Master_Receive)
    HAL_I2C_Master_Transmit                  0x08001a89   Thumb Code   282  stm32l4xx_hal_i2c.o(i.HAL_I2C_Master_Transmit)
    HAL_I2C_MspInit                          0x08001bb5   Thumb Code   172  i2c.o(i.HAL_I2C_MspInit)
    HAL_IncTick                              0x08001c71   Thumb Code    12  stm32l4xx_hal.o(i.HAL_IncTick)
    HAL_Init                                 0x08001c81   Thumb Code    30  stm32l4xx_hal.o(i.HAL_Init)
    HAL_InitTick                             0x08001ca1   Thumb Code    58  stm32l4xx_hal.o(i.HAL_InitTick)
    HAL_MspInit                              0x08001ce5   Thumb Code    38  stm32l4xx_hal_msp.o(i.HAL_MspInit)
    HAL_NVIC_EnableIRQ                       0x08001d11   Thumb Code    26  stm32l4xx_hal_cortex.o(i.HAL_NVIC_EnableIRQ)
    HAL_NVIC_SetPriority                     0x08001d2d   Thumb Code    60  stm32l4xx_hal_cortex.o(i.HAL_NVIC_SetPriority)
    HAL_NVIC_SetPriorityGrouping             0x08001d6d   Thumb Code    26  stm32l4xx_hal_cortex.o(i.HAL_NVIC_SetPriorityGrouping)
    HAL_PCDEx_ActivateLPM                    0x08001d91   Thumb Code    34  stm32l4xx_hal_pcd_ex.o(i.HAL_PCDEx_ActivateLPM)
    HAL_PCDEx_LPM_Callback                   0x08001db9   Thumb Code    92  usbd_conf.o(i.HAL_PCDEx_LPM_Callback)
    HAL_PCDEx_SetRxFiFo                      0x08001e19   Thumb Code     8  stm32l4xx_hal_pcd_ex.o(i.HAL_PCDEx_SetRxFiFo)
    HAL_PCDEx_SetTxFiFo                      0x08001e21   Thumb Code    68  stm32l4xx_hal_pcd_ex.o(i.HAL_PCDEx_SetTxFiFo)
    HAL_PCD_ConnectCallback                  0x08001e65   Thumb Code     8  usbd_conf.o(i.HAL_PCD_ConnectCallback)
    HAL_PCD_DataInStageCallback              0x08001e6d   Thumb Code    18  usbd_conf.o(i.HAL_PCD_DataInStageCallback)
    HAL_PCD_DataOutStageCallback             0x08001e7f   Thumb Code    20  usbd_conf.o(i.HAL_PCD_DataOutStageCallback)
    HAL_PCD_DisconnectCallback               0x08001e93   Thumb Code     8  usbd_conf.o(i.HAL_PCD_DisconnectCallback)
    HAL_PCD_EP_Close                         0x08001e9b   Thumb Code    76  stm32l4xx_hal_pcd.o(i.HAL_PCD_EP_Close)
    HAL_PCD_EP_ClrStall                      0x08001ee7   Thumb Code    92  stm32l4xx_hal_pcd.o(i.HAL_PCD_EP_ClrStall)
    HAL_PCD_EP_GetRxCount                    0x08001f43   Thumb Code    18  stm32l4xx_hal_pcd.o(i.HAL_PCD_EP_GetRxCount)
    HAL_PCD_EP_Open                          0x08001f55   Thumb Code    96  stm32l4xx_hal_pcd.o(i.HAL_PCD_EP_Open)
    HAL_PCD_EP_Receive                       0x08001fb5   Thumb Code    58  stm32l4xx_hal_pcd.o(i.HAL_PCD_EP_Receive)
    HAL_PCD_EP_SetStall                      0x08001fef   Thumb Code   114  stm32l4xx_hal_pcd.o(i.HAL_PCD_EP_SetStall)
    HAL_PCD_EP_Transmit                      0x08002061   Thumb Code    54  stm32l4xx_hal_pcd.o(i.HAL_PCD_EP_Transmit)
    HAL_PCD_IRQHandler                       0x08002099   Thumb Code  1102  stm32l4xx_hal_pcd.o(i.HAL_PCD_IRQHandler)
    HAL_PCD_ISOINIncompleteCallback          0x080024f7   Thumb Code     8  usbd_conf.o(i.HAL_PCD_ISOINIncompleteCallback)
    HAL_PCD_ISOOUTIncompleteCallback         0x080024ff   Thumb Code     8  usbd_conf.o(i.HAL_PCD_ISOOUTIncompleteCallback)
    HAL_PCD_Init                             0x08002507   Thumb Code   238  stm32l4xx_hal_pcd.o(i.HAL_PCD_Init)
    HAL_PCD_MspInit                          0x080025f5   Thumb Code   148  usbd_conf.o(i.HAL_PCD_MspInit)
    HAL_PCD_ResetCallback                    0x0800268d   Thumb Code    38  usbd_conf.o(i.HAL_PCD_ResetCallback)
    HAL_PCD_ResumeCallback                   0x080026b5   Thumb Code    48  usbd_conf.o(i.HAL_PCD_ResumeCallback)
    HAL_PCD_SOFCallback                      0x080026e9   Thumb Code     8  usbd_conf.o(i.HAL_PCD_SOFCallback)
    HAL_PCD_SetAddress                       0x080026f1   Thumb Code    40  stm32l4xx_hal_pcd.o(i.HAL_PCD_SetAddress)
    HAL_PCD_SetupStageCallback               0x08002719   Thumb Code    14  usbd_conf.o(i.HAL_PCD_SetupStageCallback)
    HAL_PCD_Start                            0x08002727   Thumb Code    60  stm32l4xx_hal_pcd.o(i.HAL_PCD_Start)
    HAL_PCD_SuspendCallback                  0x08002765   Thumb Code    44  usbd_conf.o(i.HAL_PCD_SuspendCallback)
    HAL_PWREx_ControlVoltageScaling          0x08002795   Thumb Code    90  stm32l4xx_hal_pwr_ex.o(i.HAL_PWREx_ControlVoltageScaling)
    HAL_PWREx_EnableVddIO2                   0x080027fd   Thumb Code    12  stm32l4xx_hal_pwr_ex.o(i.HAL_PWREx_EnableVddIO2)
    HAL_PWREx_EnableVddUSB                   0x0800280d   Thumb Code    12  stm32l4xx_hal_pwr_ex.o(i.HAL_PWREx_EnableVddUSB)
    HAL_PWREx_GetVoltageRange                0x0800281d   Thumb Code    10  stm32l4xx_hal_pwr_ex.o(i.HAL_PWREx_GetVoltageRange)
    HAL_PWR_EnableBkUpAccess                 0x0800282d   Thumb Code    12  stm32l4xx_hal_pwr.o(i.HAL_PWR_EnableBkUpAccess)
    HAL_RCCEx_EnableMSIPLLMode               0x0800283d   Thumb Code    12  stm32l4xx_hal_rcc_ex.o(i.HAL_RCCEx_EnableMSIPLLMode)
    HAL_RCCEx_PeriphCLKConfig                0x0800284d   Thumb Code   928  stm32l4xx_hal_rcc_ex.o(i.HAL_RCCEx_PeriphCLKConfig)
    HAL_RCC_ClockConfig                      0x08002bfd   Thumb Code   266  stm32l4xx_hal_rcc.o(i.HAL_RCC_ClockConfig)
    HAL_RCC_GetHCLKFreq                      0x08002d1d   Thumb Code     6  stm32l4xx_hal_rcc.o(i.HAL_RCC_GetHCLKFreq)
    HAL_RCC_GetPCLK1Freq                     0x08002d29   Thumb Code    24  stm32l4xx_hal_rcc.o(i.HAL_RCC_GetPCLK1Freq)
    HAL_RCC_GetPCLK2Freq                     0x08002d4d   Thumb Code    24  stm32l4xx_hal_rcc.o(i.HAL_RCC_GetPCLK2Freq)
    HAL_RCC_GetSysClockFreq                  0x08002d71   Thumb Code   150  stm32l4xx_hal_rcc.o(i.HAL_RCC_GetSysClockFreq)
    HAL_RCC_OscConfig                        0x08002e15   Thumb Code  1310  stm32l4xx_hal_rcc.o(i.HAL_RCC_OscConfig)
    HAL_SYSTICK_Config                       0x0800333d   Thumb Code    40  stm32l4xx_hal_cortex.o(i.HAL_SYSTICK_Config)
    HAL_UARTEx_WakeupCallback                0x08003365   Thumb Code     2  stm32l4xx_hal_uart_ex.o(i.HAL_UARTEx_WakeupCallback)
    HAL_UART_ErrorCallback                   0x08003367   Thumb Code     2  stm32l4xx_hal_uart.o(i.HAL_UART_ErrorCallback)
    HAL_UART_IRQHandler                      0x08003369   Thumb Code   348  stm32l4xx_hal_uart.o(i.HAL_UART_IRQHandler)
    HAL_UART_Init                            0x080034cd   Thumb Code   102  stm32l4xx_hal_uart.o(i.HAL_UART_Init)
    HAL_UART_MspInit                         0x08003535   Thumb Code   412  usart.o(i.HAL_UART_MspInit)
    HAL_UART_Receive_IT                      0x080036f1   Thumb Code   164  stm32l4xx_hal_uart.o(i.HAL_UART_Receive_IT)
    HAL_UART_RxCpltCallback                  0x0800379d   Thumb Code   136  usart.o(i.HAL_UART_RxCpltCallback)
    HAL_UART_Transmit                        0x0800383d   Thumb Code   182  stm32l4xx_hal_uart.o(i.HAL_UART_Transmit)
    HAL_UART_TxCpltCallback                  0x080038f3   Thumb Code     2  stm32l4xx_hal_uart.o(i.HAL_UART_TxCpltCallback)
    HardFault_Handler                        0x080038f5   Thumb Code     2  stm32l4xx_it.o(i.HardFault_Handler)
    I2C1_EV_IRQHandler                       0x080038f9   Thumb Code     6  stm32l4xx_it.o(i.I2C1_EV_IRQHandler)
    I2C2_EV_IRQHandler                       0x08003905   Thumb Code     6  stm32l4xx_it.o(i.I2C2_EV_IRQHandler)
    Init_BH1750                              0x08003b5d   Thumb Code    26  tem_hum_ill.o(i.Init_BH1750)
    Init_SHT30                               0x08003b7d   Thumb Code    26  tem_hum_ill.o(i.Init_SHT30)
    Init_Tem_Hum_Ill_Sensor                  0x08003ba1   Thumb Code    14  tem_hum_ill.o(i.Init_Tem_Hum_Ill_Sensor)
    MX_ADC1_Init                             0x08003c4d   Thumb Code   128  adc.o(i.MX_ADC1_Init)
    MX_GPIO_Init                             0x08003cd9   Thumb Code   604  gpio.o(i.MX_GPIO_Init)
    MX_I2C1_Init                             0x08003f49   Thumb Code    76  i2c.o(i.MX_I2C1_Init)
    MX_I2C2_Init                             0x08003fa1   Thumb Code    76  i2c.o(i.MX_I2C2_Init)
    MX_UART4_Init                            0x08003ff9   Thumb Code    52  usart.o(i.MX_UART4_Init)
    MX_UART5_Init                            0x08004035   Thumb Code    52  usart.o(i.MX_UART5_Init)
    MX_USART1_UART_Init                      0x08004071   Thumb Code    52  usart.o(i.MX_USART1_UART_Init)
    MX_USART2_UART_Init                      0x080040ad   Thumb Code    58  usart.o(i.MX_USART2_UART_Init)
    MX_USART3_UART_Init                      0x080040f1   Thumb Code    52  usart.o(i.MX_USART3_UART_Init)
    MX_USB_DEVICE_Init                       0x0800412d   Thumb Code    66  usb_device.o(i.MX_USB_DEVICE_Init)
    MemManage_Handler                        0x08004181   Thumb Code     2  stm32l4xx_it.o(i.MemManage_Handler)
    NMI_Handler                              0x08004183   Thumb Code     2  stm32l4xx_it.o(i.NMI_Handler)
    OTG_FS_IRQHandler                        0x08004185   Thumb Code     6  stm32l4xx_it.o(i.OTG_FS_IRQHandler)
    PendSV_Handler                           0x08004229   Thumb Code     2  stm32l4xx_it.o(i.PendSV_Handler)
    SHT3x_CalcRH                             0x080044dd   Thumb Code    30  tem_hum_ill.o(i.SHT3x_CalcRH)
    SHT3x_CalcTemperatureC                   0x08004505   Thumb Code    38  tem_hum_ill.o(i.SHT3x_CalcTemperatureC)
    SHT3x_CheckCrc                           0x08004539   Thumb Code    60  tem_hum_ill.o(i.SHT3x_CheckCrc)
    SVC_Handler                              0x08004575   Thumb Code     2  stm32l4xx_it.o(i.SVC_Handler)
    Start_BH1750                             0x08004581   Thumb Code    26  tem_hum_ill.o(i.Start_BH1750)
    Start_VEML6070_High                      0x080045a1   Thumb Code    26  veml6070.o(i.Start_VEML6070_High)
    Start_VEML6070_Low                       0x080045c1   Thumb Code    26  veml6070.o(i.Start_VEML6070_Low)
    SysTick_Handler                          0x080045e1   Thumb Code     4  stm32l4xx_it.o(i.SysTick_Handler)
    SystemClock_Config                       0x080045e5   Thumb Code   174  main.o(i.SystemClock_Config)
    SystemInit                               0x08004699   Thumb Code    56  system_stm32l4xx.o(i.SystemInit)
    Tem_Hum_Ill_Sensor_Read_Data             0x080046dd   Thumb Code   152  tem_hum_ill.o(i.Tem_Hum_Ill_Sensor_Read_Data)
    UART4_IRQHandler                         0x08004781   Thumb Code     6  stm32l4xx_it.o(i.UART4_IRQHandler)
    UART5_IRQHandler                         0x0800478d   Thumb Code     6  stm32l4xx_it.o(i.UART5_IRQHandler)
    UART_AdvFeatureConfig                    0x08004799   Thumb Code   200  stm32l4xx_hal_uart.o(i.UART_AdvFeatureConfig)
    UART_CheckIdleState                      0x08004861   Thumb Code    88  stm32l4xx_hal_uart.o(i.UART_CheckIdleState)
    UART_SetConfig                           0x080049a1   Thumb Code   548  stm32l4xx_hal_uart.o(i.UART_SetConfig)
    UART_WaitOnFlagUntilTimeout              0x08004bed   Thumb Code   164  stm32l4xx_hal_uart.o(i.UART_WaitOnFlagUntilTimeout)
    USART1_IRQHandler                        0x08004c91   Thumb Code     6  stm32l4xx_it.o(i.USART1_IRQHandler)
    USART2_IRQHandler                        0x08004c9d   Thumb Code     6  stm32l4xx_it.o(i.USART2_IRQHandler)
    USART3_IRQHandler                        0x08004ca9   Thumb Code     6  stm32l4xx_it.o(i.USART3_IRQHandler)
    USBD_CDC_GetDeviceQualifierDescriptor    0x08004dad   Thumb Code     8  usbd_cdc.o(i.USBD_CDC_GetDeviceQualifierDescriptor)
    USBD_CDC_ReceivePacket                   0x08004e7f   Thumb Code    40  usbd_cdc.o(i.USBD_CDC_ReceivePacket)
    USBD_CDC_RegisterInterface               0x08004ea7   Thumb Code    14  usbd_cdc.o(i.USBD_CDC_RegisterInterface)
    USBD_CDC_SetRxBuffer                     0x08004eb5   Thumb Code    12  usbd_cdc.o(i.USBD_CDC_SetRxBuffer)
    USBD_CDC_SetTxBuffer                     0x08004ec1   Thumb Code    16  usbd_cdc.o(i.USBD_CDC_SetTxBuffer)
    USBD_ClrClassConfig                      0x08004f81   Thumb Code    16  usbd_core.o(i.USBD_ClrClassConfig)
    USBD_CtlContinueRx                       0x08004f91   Thumb Code    16  usbd_ioreq.o(i.USBD_CtlContinueRx)
    USBD_CtlContinueSendData                 0x08004fa1   Thumb Code    16  usbd_ioreq.o(i.USBD_CtlContinueSendData)
    USBD_CtlError                            0x08004fb1   Thumb Code    22  usbd_ctlreq.o(i.USBD_CtlError)
    USBD_CtlPrepareRx                        0x08004fc7   Thumb Code    30  usbd_ioreq.o(i.USBD_CtlPrepareRx)
    USBD_CtlReceiveStatus                    0x08004fe5   Thumb Code    22  usbd_ioreq.o(i.USBD_CtlReceiveStatus)
    USBD_CtlSendData                         0x08004ffb   Thumb Code    26  usbd_ioreq.o(i.USBD_CtlSendData)
    USBD_CtlSendStatus                       0x08005015   Thumb Code    22  usbd_ioreq.o(i.USBD_CtlSendStatus)
    USBD_FS_ConfigStrDescriptor              0x0800502d   Thumb Code    16  usbd_desc.o(i.USBD_FS_ConfigStrDescriptor)
    USBD_FS_DeviceDescriptor                 0x0800504d   Thumb Code     8  usbd_desc.o(i.USBD_FS_DeviceDescriptor)
    USBD_FS_InterfaceStrDescriptor           0x08005059   Thumb Code    16  usbd_desc.o(i.USBD_FS_InterfaceStrDescriptor)
    USBD_FS_LangIDStrDescriptor              0x0800507d   Thumb Code     8  usbd_desc.o(i.USBD_FS_LangIDStrDescriptor)
    USBD_FS_ManufacturerStrDescriptor        0x08005089   Thumb Code    16  usbd_desc.o(i.USBD_FS_ManufacturerStrDescriptor)
    USBD_FS_ProductStrDescriptor             0x080050b1   Thumb Code    16  usbd_desc.o(i.USBD_FS_ProductStrDescriptor)
    USBD_FS_SerialStrDescriptor              0x080050dd   Thumb Code    48  usbd_desc.o(i.USBD_FS_SerialStrDescriptor)
    USBD_FS_USR_BOSDescriptor                0x08005115   Thumb Code     8  usbd_desc.o(i.USBD_FS_USR_BOSDescriptor)
    USBD_GetString                           0x0800521b   Thumb Code    72  usbd_ctlreq.o(i.USBD_GetString)
    USBD_Init                                0x08005263   Thumb Code    38  usbd_core.o(i.USBD_Init)
    USBD_LL_ClearStallEP                     0x08005289   Thumb Code    32  usbd_conf.o(i.USBD_LL_ClearStallEP)
    USBD_LL_CloseEP                          0x080052a9   Thumb Code    32  usbd_conf.o(i.USBD_LL_CloseEP)
    USBD_LL_DataInStage                      0x080052c9   Thumb Code   170  usbd_core.o(i.USBD_LL_DataInStage)
    USBD_LL_DataOutStage                     0x08005373   Thumb Code   110  usbd_core.o(i.USBD_LL_DataOutStage)
    USBD_LL_DevConnected                     0x080053e1   Thumb Code     4  usbd_core.o(i.USBD_LL_DevConnected)
    USBD_LL_DevDisconnected                  0x080053e5   Thumb Code    24  usbd_core.o(i.USBD_LL_DevDisconnected)
    USBD_LL_GetRxDataSize                    0x080053fd   Thumb Code     8  usbd_conf.o(i.USBD_LL_GetRxDataSize)
    USBD_LL_Init                             0x08005405   Thumb Code    90  usbd_conf.o(i.USBD_LL_Init)
    USBD_LL_IsStallEP                        0x08005465   Thumb Code    32  usbd_conf.o(i.USBD_LL_IsStallEP)
    USBD_LL_IsoINIncomplete                  0x08005485   Thumb Code     4  usbd_core.o(i.USBD_LL_IsoINIncomplete)
    USBD_LL_IsoOUTIncomplete                 0x08005489   Thumb Code     4  usbd_core.o(i.USBD_LL_IsoOUTIncomplete)
    USBD_LL_OpenEP                           0x0800548d   Thumb Code    38  usbd_conf.o(i.USBD_LL_OpenEP)
    USBD_LL_PrepareReceive                   0x080054b3   Thumb Code    32  usbd_conf.o(i.USBD_LL_PrepareReceive)
    USBD_LL_Reset                            0x080054d3   Thumb Code    82  usbd_core.o(i.USBD_LL_Reset)
    USBD_LL_Resume                           0x08005525   Thumb Code    20  usbd_core.o(i.USBD_LL_Resume)
    USBD_LL_SOF                              0x08005539   Thumb Code    24  usbd_core.o(i.USBD_LL_SOF)
    USBD_LL_SetSpeed                         0x08005551   Thumb Code     6  usbd_core.o(i.USBD_LL_SetSpeed)
    USBD_LL_SetUSBAddress                    0x08005557   Thumb Code    32  usbd_conf.o(i.USBD_LL_SetUSBAddress)
    USBD_LL_SetupStage                       0x08005577   Thumb Code    96  usbd_core.o(i.USBD_LL_SetupStage)
    USBD_LL_StallEP                          0x080055d7   Thumb Code    32  usbd_conf.o(i.USBD_LL_StallEP)
    USBD_LL_Start                            0x080055f7   Thumb Code    32  usbd_conf.o(i.USBD_LL_Start)
    USBD_LL_Suspend                          0x08005617   Thumb Code    18  usbd_core.o(i.USBD_LL_Suspend)
    USBD_LL_Transmit                         0x08005629   Thumb Code    32  usbd_conf.o(i.USBD_LL_Transmit)
    USBD_ParseSetupRequest                   0x08005649   Thumb Code    44  usbd_ctlreq.o(i.USBD_ParseSetupRequest)
    USBD_RegisterClass                       0x08005675   Thumb Code    36  usbd_core.o(i.USBD_RegisterClass)
    USBD_SetClassConfig                      0x08005699   Thumb Code    20  usbd_core.o(i.USBD_SetClassConfig)
    USBD_Start                               0x08005769   Thumb Code     4  usbd_core.o(i.USBD_Start)
    USBD_StdDevReq                           0x0800576d   Thumb Code   276  usbd_ctlreq.o(i.USBD_StdDevReq)
    USBD_StdEPReq                            0x08005881   Thumb Code   320  usbd_ctlreq.o(i.USBD_StdEPReq)
    USBD_StdItfReq                           0x080059c1   Thumb Code    82  usbd_ctlreq.o(i.USBD_StdItfReq)
    USB_ActivateEndpoint                     0x08005a15   Thumb Code   122  stm32l4xx_ll_usb.o(i.USB_ActivateEndpoint)
    USB_ActivateSetup                        0x08005a95   Thumb Code    28  stm32l4xx_ll_usb.o(i.USB_ActivateSetup)
    USB_CoreInit                             0x08005ab1   Thumb Code    92  stm32l4xx_ll_usb.o(i.USB_CoreInit)
    USB_DeactivateEndpoint                   0x08005b49   Thumb Code   194  stm32l4xx_ll_usb.o(i.USB_DeactivateEndpoint)
    USB_DevConnect                           0x08005c15   Thumb Code    28  stm32l4xx_ll_usb.o(i.USB_DevConnect)
    USB_DevDisconnect                        0x08005c31   Thumb Code    28  stm32l4xx_ll_usb.o(i.USB_DevDisconnect)
    USB_DevInit                              0x08005c4d   Thumb Code   330  stm32l4xx_ll_usb.o(i.USB_DevInit)
    USB_DisableGlobalInt                     0x08005da7   Thumb Code    12  stm32l4xx_ll_usb.o(i.USB_DisableGlobalInt)
    USB_EP0StartXfer                         0x08005db5   Thumb Code   232  stm32l4xx_ll_usb.o(i.USB_EP0StartXfer)
    USB_EP0_OutStart                         0x08005ea1   Thumb Code    62  stm32l4xx_ll_usb.o(i.USB_EP0_OutStart)
    USB_EPClearStall                         0x08005ee5   Thumb Code    88  stm32l4xx_ll_usb.o(i.USB_EPClearStall)
    USB_EPSetStall                           0x08005f3d   Thumb Code    88  stm32l4xx_ll_usb.o(i.USB_EPSetStall)
    USB_EPStartXfer                          0x08005f95   Thumb Code   400  stm32l4xx_ll_usb.o(i.USB_EPStartXfer)
    USB_EnableGlobalInt                      0x08006129   Thumb Code    12  stm32l4xx_ll_usb.o(i.USB_EnableGlobalInt)
    USB_FlushRxFifo                          0x08006135   Thumb Code    28  stm32l4xx_ll_usb.o(i.USB_FlushRxFifo)
    USB_FlushTxFifo                          0x08006155   Thumb Code    32  stm32l4xx_ll_usb.o(i.USB_FlushTxFifo)
    USB_GetDevSpeed                          0x08006179   Thumb Code    24  stm32l4xx_ll_usb.o(i.USB_GetDevSpeed)
    USB_GetMode                              0x08006191   Thumb Code     8  stm32l4xx_ll_usb.o(i.USB_GetMode)
    USB_ReadDevAllInEpInterrupt              0x08006199   Thumb Code    14  stm32l4xx_ll_usb.o(i.USB_ReadDevAllInEpInterrupt)
    USB_ReadDevAllOutEpInterrupt             0x080061a7   Thumb Code    14  stm32l4xx_ll_usb.o(i.USB_ReadDevAllOutEpInterrupt)
    USB_ReadDevInEPInterrupt                 0x080061b5   Thumb Code    36  stm32l4xx_ll_usb.o(i.USB_ReadDevInEPInterrupt)
    USB_ReadDevOutEPInterrupt                0x080061d9   Thumb Code    16  stm32l4xx_ll_usb.o(i.USB_ReadDevOutEPInterrupt)
    USB_ReadInterrupts                       0x080061e9   Thumb Code     8  stm32l4xx_ll_usb.o(i.USB_ReadInterrupts)
    USB_ReadPacket                           0x080061f1   Thumb Code    28  stm32l4xx_ll_usb.o(i.USB_ReadPacket)
    USB_SetCurrentMode                       0x0800620d   Thumb Code    46  stm32l4xx_ll_usb.o(i.USB_SetCurrentMode)
    USB_SetDevAddress                        0x0800623b   Thumb Code    34  stm32l4xx_ll_usb.o(i.USB_SetDevAddress)
    USB_SetTurnaroundTime                    0x0800625d   Thumb Code   158  stm32l4xx_ll_usb.o(i.USB_SetTurnaroundTime)
    USB_WritePacket                          0x08006345   Thumb Code    32  stm32l4xx_ll_usb.o(i.USB_WritePacket)
    UsageFault_Handler                       0x08006365   Thumb Code     2  stm32l4xx_it.o(i.UsageFault_Handler)
    VEML6070_Init                            0x08006369   Thumb Code    26  veml6070.o(i.VEML6070_Init)
    VEML6070_Read_Data                       0x08006389   Thumb Code    14  veml6070.o(i.VEML6070_Read_Data)
    __0printf                                0x0800639d   Thumb Code    22  printfa.o(i.__0printf)
    __1printf                                0x0800639d   Thumb Code     0  printfa.o(i.__0printf)
    __2printf                                0x0800639d   Thumb Code     0  printfa.o(i.__0printf)
    __c89printf                              0x0800639d   Thumb Code     0  printfa.o(i.__0printf)
    printf                                   0x0800639d   Thumb Code     0  printfa.o(i.__0printf)
    __scatterload_copy                       0x080063dd   Thumb Code    14  handlers.o(i.__scatterload_copy)
    __scatterload_null                       0x080063eb   Thumb Code     2  handlers.o(i.__scatterload_null)
    __scatterload_zeroinit                   0x080063ed   Thumb Code    14  handlers.o(i.__scatterload_zeroinit)
    fputc                                    0x08006cbd   Thumb Code    20  bsp_usart.o(i.fputc)
    free                                     0x08006cd5   Thumb Code    76  malloc.o(i.free)
    main                                     0x08006d25   Thumb Code   230  main.o(i.main)
    malloc                                   0x08006f31   Thumb Code    92  malloc.o(i.malloc)
    AHBPrescTable                            0x08006f9c   Data          16  system_stm32l4xx.o(.constdata)
    MSIRangeTable                            0x08006fac   Data          48  system_stm32l4xx.o(.constdata)
    APBPrescTable                            0x08006fdc   Data           8  system_stm32l4xx.o(.constdata)
    Region$$Table$$Base                      0x0800707c   Number         0  anon$$obj.o(Region$$Table)
    Region$$Table$$Limit                     0x0800709c   Number         0  anon$$obj.o(Region$$Table)
    UART2RxBuffer                            0x20000001   Data           1  usart.o(.data)
    PM25_concentration                       0x20000002   Data           2  usart.o(.data)
    PM10_concentration                       0x20000004   Data           2  usart.o(.data)
    FS_Desc                                  0x20000008   Data          32  usbd_desc.o(.data)
    USBD_LangIDDesc                          0x20000028   Data           4  usbd_desc.o(.data)
    USBD_FS_DeviceDesc                       0x2000002c   Data          18  usbd_desc.o(.data)
    USBD_FS_BOSDesc                          0x20000040   Data          12  usbd_desc.o(.data)
    USBD_StringSerial                        0x2000004c   Data          26  usbd_desc.o(.data)
    USBD_Interface_fops_FS                   0x20000068   Data          20  usbd_cdc_if.o(.data)
    uwTickFreq                               0x2000007c   Data           1  stm32l4xx_hal.o(.data)
    uwTickPrio                               0x20000080   Data           4  stm32l4xx_hal.o(.data)
    uwTick                                   0x20000084   Data           4  stm32l4xx_hal.o(.data)
    SystemCoreClock                          0x20000088   Data           4  system_stm32l4xx.o(.data)
    USBD_CDC                                 0x20000168   Data          56  usbd_cdc.o(.data)
    __stdout                                 0x200001a0   Data           4  stdout.o(.data)
    __microlib_freelist                      0x200001a4   Data           4  mvars.o(.data)
    __microlib_freelist_initialised          0x200001a8   Data           4  mvars.o(.data)
    Sensor_Data                              0x200001ac   Data          44  main.o(.bss)
    hi2c1                                    0x200001d8   Data          76  i2c.o(.bss)
    hi2c2                                    0x20000224   Data          76  i2c.o(.bss)
    _particulate_matter_msg                  0x20000270   Data          30  usart.o(.bss)
    huart4                                   0x20000290   Data         128  usart.o(.bss)
    huart5                                   0x20000310   Data         128  usart.o(.bss)
    huart1                                   0x20000390   Data         128  usart.o(.bss)
    huart2                                   0x20000410   Data         128  usart.o(.bss)
    huart3                                   0x20000490   Data         128  usart.o(.bss)
    hadc1                                    0x20000510   Data         100  adc.o(.bss)
    hUsbDeviceFS                             0x20000574   Data         720  usb_device.o(.bss)
    USBD_StrDesc                             0x20000844   Data         512  usbd_desc.o(.bss)
    UserRxBufferFS                           0x20000a44   Data        2048  usbd_cdc_if.o(.bss)
    UserTxBufferFS                           0x20001244   Data        2048  usbd_cdc_if.o(.bss)
    hpcd_USB_OTG_FS                          0x20001c64   Data        1032  usbd_conf.o(.bss)
    __heap_base                              0x20002070   Data           0  startup_stm32l476xx.o(HEAP)
    __heap_limit                             0x20002270   Data           0  startup_stm32l476xx.o(HEAP)
    __initial_sp                             0x20002670   Data           0  startup_stm32l476xx.o(STACK)



==============================================================================

Memory Map of the image

  Image Entry point : 0x08000189

  Load Region LR_IROM1 (Base: 0x08000000, Size: 0x00007248, Max: 0x00100000, ABSOLUTE, COMPRESSED[0x0000716c])

    Execution Region ER_IROM1 (Exec base: 0x08000000, Load base: 0x08000000, Size: 0x0000709c, Max: 0x00100000, ABSOLUTE)

    Exec Addr    Load Addr    Size         Type   Attr      Idx    E Section Name        Object

    0x08000000   0x08000000   0x00000188   Data   RO            3    RESET               startup_stm32l476xx.o
    0x08000188   0x08000188   0x00000000   Code   RO         4992  * .ARM.Collect$$$$00000000  mc_w.l(entry.o)
    0x08000188   0x08000188   0x00000004   Code   RO         5304    .ARM.Collect$$$$00000001  mc_w.l(entry2.o)
    0x0800018c   0x0800018c   0x00000004   Code   RO         5307    .ARM.Collect$$$$00000004  mc_w.l(entry5.o)
    0x08000190   0x08000190   0x00000000   Code   RO         5309    .ARM.Collect$$$$00000008  mc_w.l(entry7b.o)
    0x08000190   0x08000190   0x00000000   Code   RO         5311    .ARM.Collect$$$$0000000A  mc_w.l(entry8b.o)
    0x08000190   0x08000190   0x00000008   Code   RO         5312    .ARM.Collect$$$$0000000B  mc_w.l(entry9a.o)
    0x08000198   0x08000198   0x00000000   Code   RO         5314    .ARM.Collect$$$$0000000D  mc_w.l(entry10a.o)
    0x08000198   0x08000198   0x00000000   Code   RO         5316    .ARM.Collect$$$$0000000F  mc_w.l(entry11a.o)
    0x08000198   0x08000198   0x00000004   Code   RO         5305    .ARM.Collect$$$$00002712  mc_w.l(entry2.o)
    0x0800019c   0x0800019c   0x00000024   Code   RO            4    .text               startup_stm32l476xx.o
    0x080001c0   0x080001c0   0x00000068   Code   RO         4995    .text               mc_w.l(uldiv.o)
    0x08000228   0x08000228   0x00000024   Code   RO         4997    .text               mc_w.l(memcpya.o)
    0x0800024c   0x0800024c   0x00000024   Code   RO         4999    .text               mc_w.l(memseta.o)
    0x08000270   0x08000270   0x000000ea   Code   RO         5292    .text               mf_w.l(dmul.o)
    0x0800035a   0x0800035a   0x000000de   Code   RO         5294    .text               mf_w.l(ddiv.o)
    0x08000438   0x08000438   0x00000022   Code   RO         5296    .text               mf_w.l(dflti.o)
    0x0800045a   0x0800045a   0x0000001a   Code   RO         5298    .text               mf_w.l(dfltui.o)
    0x08000474   0x08000474   0x00000026   Code   RO         5300    .text               mf_w.l(f2d.o)
    0x0800049a   0x0800049a   0x00000038   Code   RO         5302    .text               mf_w.l(d2f.o)
    0x080004d2   0x080004d2   0x0000002c   Code   RO         5319    .text               mc_w.l(uidiv.o)
    0x080004fe   0x080004fe   0x0000001e   Code   RO         5321    .text               mc_w.l(llshl.o)
    0x0800051c   0x0800051c   0x00000020   Code   RO         5323    .text               mc_w.l(llushr.o)
    0x0800053c   0x0800053c   0x00000000   Code   RO         5327    .text               mc_w.l(iusefp.o)
    0x0800053c   0x0800053c   0x0000006e   Code   RO         5328    .text               mf_w.l(fepilogue.o)
    0x080005aa   0x080005aa   0x000000ba   Code   RO         5330    .text               mf_w.l(depilogue.o)
    0x08000664   0x08000664   0x0000015e   Code   RO         5332    .text               mf_w.l(dadd.o)
    0x080007c2   0x080007c2   0x00000030   Code   RO         5334    .text               mf_w.l(dfixul.o)
    0x080007f2   0x080007f2   0x00000002   PAD
    0x080007f4   0x080007f4   0x00000030   Code   RO         5336    .text               mf_w.l(cdrcmple.o)
    0x08000824   0x08000824   0x00000024   Code   RO         5338    .text               mc_w.l(init.o)
    0x08000848   0x08000848   0x00000024   Code   RO         5340    .text               mc_w.l(llsshr.o)
    0x0800086c   0x0800086c   0x00000056   Code   RO         5350    .text               mc_w.l(__dczerorl2.o)
    0x080008c2   0x080008c2   0x00000002   PAD
    0x080008c4   0x080008c4   0x000000dc   Code   RO         4143    i.ADC_ConversionStop  stm32l4xx_hal_adc.o
    0x080009a0   0x080009a0   0x00000068   Code   RO         4147    i.ADC_Disable       stm32l4xx_hal_adc.o
    0x08000a08   0x08000a08   0x00000068   Code   RO         4148    i.ADC_Enable        stm32l4xx_hal_adc.o
    0x08000a70   0x08000a70   0x00000002   Code   RO          355    i.BusFault_Handler  stm32l4xx_it.o
    0x08000a72   0x08000a72   0x00000004   Code   RO          853    i.CDC_Control_FS    usbd_cdc_if.o
    0x08000a76   0x08000a76   0x00000004   Code   RO          854    i.CDC_DeInit_FS     usbd_cdc_if.o
    0x08000a7a   0x08000a7a   0x00000002   PAD
    0x08000a7c   0x08000a7c   0x00000024   Code   RO          855    i.CDC_Init_FS       usbd_cdc_if.o
    0x08000aa0   0x08000aa0   0x00000018   Code   RO          856    i.CDC_Receive_FS    usbd_cdc_if.o
    0x08000ab8   0x08000ab8   0x00000004   Code   RO          857    i.CDC_TransmitCplt_FS  usbd_cdc_if.o
    0x08000abc   0x08000abc   0x00000050   Code   RO          531    i.Convert_BH1750    tem_hum_ill.o
    0x08000b0c   0x08000b0c   0x00000050   Code   RO          612    i.Convert_VEML6070  veml6070.o
    0x08000b5c   0x08000b5c   0x00000002   Code   RO          356    i.DebugMon_Handler  stm32l4xx_it.o
    0x08000b5e   0x08000b5e   0x00000002   Code   RO           13    i.Error_Handler     main.o
    0x08000b60   0x08000b60   0x0000004c   Code   RO          665    i.Get_Battery_Value  adc.o
    0x08000bac   0x08000bac   0x000000f0   Code   RO         4391    i.HAL_ADCEx_MultiModeConfigChannel  stm32l4xx_hal_adc_ex.o
    0x08000c9c   0x08000c9c   0x000003fe   Code   RO         4150    i.HAL_ADC_ConfigChannel  stm32l4xx_hal_adc.o
    0x0800109a   0x0800109a   0x00000006   Code   RO         4157    i.HAL_ADC_GetValue  stm32l4xx_hal_adc.o
    0x080010a0   0x080010a0   0x000001c8   Code   RO         4159    i.HAL_ADC_Init      stm32l4xx_hal_adc.o
    0x08001268   0x08001268   0x0000005c   Code   RO          667    i.HAL_ADC_MspInit   adc.o
    0x080012c4   0x080012c4   0x000000f8   Code   RO         4163    i.HAL_ADC_PollForConversion  stm32l4xx_hal_adc.o
    0x080013bc   0x080013bc   0x000000f4   Code   RO         4165    i.HAL_ADC_Start     stm32l4xx_hal_adc.o
    0x080014b0   0x080014b0   0x0000003e   Code   RO         4168    i.HAL_ADC_Stop      stm32l4xx_hal_adc.o
    0x080014ee   0x080014ee   0x0000004e   Code   RO         2983    i.HAL_DMA_Abort_IT  stm32l4xx_hal_dma.o
    0x0800153c   0x0800153c   0x00000024   Code   RO         1712    i.HAL_Delay         stm32l4xx_hal.o
    0x08001560   0x08001560   0x00000266   Code   RO         2918    i.HAL_GPIO_Init     stm32l4xx_hal_gpio.o
    0x080017c6   0x080017c6   0x00000010   Code   RO         2921    i.HAL_GPIO_TogglePin  stm32l4xx_hal_gpio.o
    0x080017d6   0x080017d6   0x0000000a   Code   RO         2922    i.HAL_GPIO_WritePin  stm32l4xx_hal_gpio.o
    0x080017e0   0x080017e0   0x0000000c   Code   RO         1716    i.HAL_GetTick       stm32l4xx_hal.o
    0x080017ec   0x080017ec   0x00000056   Code   RO         2401    i.HAL_I2CEx_ConfigAnalogFilter  stm32l4xx_hal_i2c_ex.o
    0x08001842   0x08001842   0x00000052   Code   RO         2402    i.HAL_I2CEx_ConfigDigitalFilter  stm32l4xx_hal_i2c_ex.o
    0x08001894   0x08001894   0x00000010   Code   RO         1944    i.HAL_I2C_EV_IRQHandler  stm32l4xx_hal_i2c.o
    0x080018a4   0x080018a4   0x000000b8   Code   RO         1950    i.HAL_I2C_Init      stm32l4xx_hal_i2c.o
    0x0800195c   0x0800195c   0x0000012a   Code   RO         1956    i.HAL_I2C_Master_Receive  stm32l4xx_hal_i2c.o
    0x08001a86   0x08001a86   0x00000002   PAD
    0x08001a88   0x08001a88   0x0000012a   Code   RO         1963    i.HAL_I2C_Master_Transmit  stm32l4xx_hal_i2c.o
    0x08001bb2   0x08001bb2   0x00000002   PAD
    0x08001bb4   0x08001bb4   0x000000bc   Code   RO          234    i.HAL_I2C_MspInit   i2c.o
    0x08001c70   0x08001c70   0x00000010   Code   RO         1722    i.HAL_IncTick       stm32l4xx_hal.o
    0x08001c80   0x08001c80   0x0000001e   Code   RO         1723    i.HAL_Init          stm32l4xx_hal.o
    0x08001c9e   0x08001c9e   0x00000002   PAD
    0x08001ca0   0x08001ca0   0x00000044   Code   RO         1724    i.HAL_InitTick      stm32l4xx_hal.o
    0x08001ce4   0x08001ce4   0x0000002c   Code   RO          479    i.HAL_MspInit       stm32l4xx_hal_msp.o
    0x08001d10   0x08001d10   0x0000001a   Code   RO         3465    i.HAL_NVIC_EnableIRQ  stm32l4xx_hal_cortex.o
    0x08001d2a   0x08001d2a   0x00000002   PAD
    0x08001d2c   0x08001d2c   0x00000040   Code   RO         3471    i.HAL_NVIC_SetPriority  stm32l4xx_hal_cortex.o
    0x08001d6c   0x08001d6c   0x00000024   Code   RO         3472    i.HAL_NVIC_SetPriorityGrouping  stm32l4xx_hal_cortex.o
    0x08001d90   0x08001d90   0x00000028   Code   RO         1333    i.HAL_PCDEx_ActivateLPM  stm32l4xx_hal_pcd_ex.o
    0x08001db8   0x08001db8   0x00000060   Code   RO          910    i.HAL_PCDEx_LPM_Callback  usbd_conf.o
    0x08001e18   0x08001e18   0x00000008   Code   RO         1339    i.HAL_PCDEx_SetRxFiFo  stm32l4xx_hal_pcd_ex.o
    0x08001e20   0x08001e20   0x00000044   Code   RO         1340    i.HAL_PCDEx_SetTxFiFo  stm32l4xx_hal_pcd_ex.o
    0x08001e64   0x08001e64   0x00000008   Code   RO          911    i.HAL_PCD_ConnectCallback  usbd_conf.o
    0x08001e6c   0x08001e6c   0x00000012   Code   RO          912    i.HAL_PCD_DataInStageCallback  usbd_conf.o
    0x08001e7e   0x08001e7e   0x00000014   Code   RO          913    i.HAL_PCD_DataOutStageCallback  usbd_conf.o
    0x08001e92   0x08001e92   0x00000008   Code   RO          914    i.HAL_PCD_DisconnectCallback  usbd_conf.o
    0x08001e9a   0x08001e9a   0x0000004c   Code   RO         1126    i.HAL_PCD_EP_Close  stm32l4xx_hal_pcd.o
    0x08001ee6   0x08001ee6   0x0000005c   Code   RO         1127    i.HAL_PCD_EP_ClrStall  stm32l4xx_hal_pcd.o
    0x08001f42   0x08001f42   0x00000012   Code   RO         1129    i.HAL_PCD_EP_GetRxCount  stm32l4xx_hal_pcd.o
    0x08001f54   0x08001f54   0x00000060   Code   RO         1130    i.HAL_PCD_EP_Open   stm32l4xx_hal_pcd.o
    0x08001fb4   0x08001fb4   0x0000003a   Code   RO         1131    i.HAL_PCD_EP_Receive  stm32l4xx_hal_pcd.o
    0x08001fee   0x08001fee   0x00000072   Code   RO         1132    i.HAL_PCD_EP_SetStall  stm32l4xx_hal_pcd.o
    0x08002060   0x08002060   0x00000036   Code   RO         1133    i.HAL_PCD_EP_Transmit  stm32l4xx_hal_pcd.o
    0x08002096   0x08002096   0x00000002   PAD
    0x08002098   0x08002098   0x0000045e   Code   RO         1135    i.HAL_PCD_IRQHandler  stm32l4xx_hal_pcd.o
    0x080024f6   0x080024f6   0x00000008   Code   RO          915    i.HAL_PCD_ISOINIncompleteCallback  usbd_conf.o
    0x080024fe   0x080024fe   0x00000008   Code   RO          916    i.HAL_PCD_ISOOUTIncompleteCallback  usbd_conf.o
    0x08002506   0x08002506   0x000000ee   Code   RO         1138    i.HAL_PCD_Init      stm32l4xx_hal_pcd.o
    0x080025f4   0x080025f4   0x00000098   Code   RO          918    i.HAL_PCD_MspInit   usbd_conf.o
    0x0800268c   0x0800268c   0x00000026   Code   RO          919    i.HAL_PCD_ResetCallback  usbd_conf.o
    0x080026b2   0x080026b2   0x00000002   PAD
    0x080026b4   0x080026b4   0x00000034   Code   RO          920    i.HAL_PCD_ResumeCallback  usbd_conf.o
    0x080026e8   0x080026e8   0x00000008   Code   RO          921    i.HAL_PCD_SOFCallback  usbd_conf.o
    0x080026f0   0x080026f0   0x00000028   Code   RO         1144    i.HAL_PCD_SetAddress  stm32l4xx_hal_pcd.o
    0x08002718   0x08002718   0x0000000e   Code   RO          922    i.HAL_PCD_SetupStageCallback  usbd_conf.o
    0x08002726   0x08002726   0x0000003c   Code   RO         1146    i.HAL_PCD_Start     stm32l4xx_hal_pcd.o
    0x08002762   0x08002762   0x00000002   PAD
    0x08002764   0x08002764   0x00000030   Code   RO          923    i.HAL_PCD_SuspendCallback  usbd_conf.o
    0x08002794   0x08002794   0x00000068   Code   RO         3209    i.HAL_PWREx_ControlVoltageScaling  stm32l4xx_hal_pwr_ex.o
    0x080027fc   0x080027fc   0x00000010   Code   RO         3234    i.HAL_PWREx_EnableVddIO2  stm32l4xx_hal_pwr_ex.o
    0x0800280c   0x0800280c   0x00000010   Code   RO         3235    i.HAL_PWREx_EnableVddUSB  stm32l4xx_hal_pwr_ex.o
    0x0800281c   0x0800281c   0x00000010   Code   RO         3240    i.HAL_PWREx_GetVoltageRange  stm32l4xx_hal_pwr_ex.o
    0x0800282c   0x0800282c   0x00000010   Code   RO         3101    i.HAL_PWR_EnableBkUpAccess  stm32l4xx_hal_pwr.o
    0x0800283c   0x0800283c   0x00000010   Code   RO         2564    i.HAL_RCCEx_EnableMSIPLLMode  stm32l4xx_hal_rcc_ex.o
    0x0800284c   0x0800284c   0x000003ae   Code   RO         2571    i.HAL_RCCEx_PeriphCLKConfig  stm32l4xx_hal_rcc_ex.o
    0x08002bfa   0x08002bfa   0x00000002   PAD
    0x08002bfc   0x08002bfc   0x00000120   Code   RO         2456    i.HAL_RCC_ClockConfig  stm32l4xx_hal_rcc.o
    0x08002d1c   0x08002d1c   0x0000000c   Code   RO         2460    i.HAL_RCC_GetHCLKFreq  stm32l4xx_hal_rcc.o
    0x08002d28   0x08002d28   0x00000024   Code   RO         2462    i.HAL_RCC_GetPCLK1Freq  stm32l4xx_hal_rcc.o
    0x08002d4c   0x08002d4c   0x00000024   Code   RO         2463    i.HAL_RCC_GetPCLK2Freq  stm32l4xx_hal_rcc.o
    0x08002d70   0x08002d70   0x000000a4   Code   RO         2464    i.HAL_RCC_GetSysClockFreq  stm32l4xx_hal_rcc.o
    0x08002e14   0x08002e14   0x00000528   Code   RO         2467    i.HAL_RCC_OscConfig  stm32l4xx_hal_rcc.o
    0x0800333c   0x0800333c   0x00000028   Code   RO         3476    i.HAL_SYSTICK_Config  stm32l4xx_hal_cortex.o
    0x08003364   0x08003364   0x00000002   Code   RO         4084    i.HAL_UARTEx_WakeupCallback  stm32l4xx_hal_uart_ex.o
    0x08003366   0x08003366   0x00000002   Code   RO         3727    i.HAL_UART_ErrorCallback  stm32l4xx_hal_uart.o
    0x08003368   0x08003368   0x00000164   Code   RO         3730    i.HAL_UART_IRQHandler  stm32l4xx_hal_uart.o
    0x080034cc   0x080034cc   0x00000066   Code   RO         3731    i.HAL_UART_Init     stm32l4xx_hal_uart.o
    0x08003532   0x08003532   0x00000002   PAD
    0x08003534   0x08003534   0x000001bc   Code   RO          282    i.HAL_UART_MspInit  usart.o
    0x080036f0   0x080036f0   0x000000ac   Code   RO         3736    i.HAL_UART_Receive_IT  stm32l4xx_hal_uart.o
    0x0800379c   0x0800379c   0x000000a0   Code   RO          283    i.HAL_UART_RxCpltCallback  usart.o
    0x0800383c   0x0800383c   0x000000b6   Code   RO         3740    i.HAL_UART_Transmit  stm32l4xx_hal_uart.o
    0x080038f2   0x080038f2   0x00000002   Code   RO         3743    i.HAL_UART_TxCpltCallback  stm32l4xx_hal_uart.o
    0x080038f4   0x080038f4   0x00000002   Code   RO          357    i.HardFault_Handler  stm32l4xx_it.o
    0x080038f6   0x080038f6   0x00000002   PAD
    0x080038f8   0x080038f8   0x0000000c   Code   RO          358    i.I2C1_EV_IRQHandler  stm32l4xx_it.o
    0x08003904   0x08003904   0x0000000c   Code   RO          359    i.I2C2_EV_IRQHandler  stm32l4xx_it.o
    0x08003910   0x08003910   0x00000022   Code   RO         1997    i.I2C_Flush_TXDR    stm32l4xx_hal_i2c.o
    0x08003932   0x08003932   0x00000002   PAD
    0x08003934   0x08003934   0x00000084   Code   RO         2005    i.I2C_IsAcknowledgeFailed  stm32l4xx_hal_i2c.o
    0x080039b8   0x080039b8   0x0000002c   Code   RO         2012    i.I2C_TransferConfig  stm32l4xx_hal_i2c.o
    0x080039e4   0x080039e4   0x00000058   Code   RO         2014    i.I2C_WaitOnFlagUntilTimeout  stm32l4xx_hal_i2c.o
    0x08003a3c   0x08003a3c   0x00000084   Code   RO         2015    i.I2C_WaitOnRXNEFlagUntilTimeout  stm32l4xx_hal_i2c.o
    0x08003ac0   0x08003ac0   0x0000004c   Code   RO         2016    i.I2C_WaitOnSTOPFlagUntilTimeout  stm32l4xx_hal_i2c.o
    0x08003b0c   0x08003b0c   0x00000050   Code   RO         2017    i.I2C_WaitOnTXISFlagUntilTimeout  stm32l4xx_hal_i2c.o
    0x08003b5c   0x08003b5c   0x00000020   Code   RO          532    i.Init_BH1750       tem_hum_ill.o
    0x08003b7c   0x08003b7c   0x00000024   Code   RO          533    i.Init_SHT30        tem_hum_ill.o
    0x08003ba0   0x08003ba0   0x0000000e   Code   RO          534    i.Init_Tem_Hum_Ill_Sensor  tem_hum_ill.o
    0x08003bae   0x08003bae   0x00000002   PAD
    0x08003bb0   0x08003bb0   0x00000038   Code   RO          761    i.IntToUnicode      usbd_desc.o
    0x08003be8   0x08003be8   0x0000000c   Code   RO         4172    i.LL_ADC_GetOffsetChannel  stm32l4xx_hal_adc.o
    0x08003bf4   0x08003bf4   0x00000008   Code   RO         4173    i.LL_ADC_INJ_IsConversionOngoing  stm32l4xx_hal_adc.o
    0x08003bfc   0x08003bfc   0x00000008   Code   RO         4174    i.LL_ADC_REG_IsConversionOngoing  stm32l4xx_hal_adc.o
    0x08003c04   0x08003c04   0x00000008   Code   RO         4401    i.LL_ADC_REG_IsConversionOngoing  stm32l4xx_hal_adc_ex.o
    0x08003c0c   0x08003c0c   0x00000010   Code   RO         4175    i.LL_ADC_REG_IsTriggerSourceSWStart  stm32l4xx_hal_adc.o
    0x08003c1c   0x08003c1c   0x0000001e   Code   RO         4177    i.LL_ADC_SetChannelSamplingTime  stm32l4xx_hal_adc.o
    0x08003c3a   0x08003c3a   0x00000010   Code   RO         4178    i.LL_ADC_SetOffsetState  stm32l4xx_hal_adc.o
    0x08003c4a   0x08003c4a   0x00000002   PAD
    0x08003c4c   0x08003c4c   0x0000008c   Code   RO          668    i.MX_ADC1_Init      adc.o
    0x08003cd8   0x08003cd8   0x00000270   Code   RO          209    i.MX_GPIO_Init      gpio.o
    0x08003f48   0x08003f48   0x00000058   Code   RO          235    i.MX_I2C1_Init      i2c.o
    0x08003fa0   0x08003fa0   0x00000058   Code   RO          236    i.MX_I2C2_Init      i2c.o
    0x08003ff8   0x08003ff8   0x0000003c   Code   RO          284    i.MX_UART4_Init     usart.o
    0x08004034   0x08004034   0x0000003c   Code   RO          285    i.MX_UART5_Init     usart.o
    0x08004070   0x08004070   0x0000003c   Code   RO          286    i.MX_USART1_UART_Init  usart.o
    0x080040ac   0x080040ac   0x00000044   Code   RO          287    i.MX_USART2_UART_Init  usart.o
    0x080040f0   0x080040f0   0x0000003c   Code   RO          288    i.MX_USART3_UART_Init  usart.o
    0x0800412c   0x0800412c   0x00000054   Code   RO          713    i.MX_USB_DEVICE_Init  usb_device.o
    0x08004180   0x08004180   0x00000002   Code   RO          360    i.MemManage_Handler  stm32l4xx_it.o
    0x08004182   0x08004182   0x00000002   Code   RO          361    i.NMI_Handler       stm32l4xx_it.o
    0x08004184   0x08004184   0x0000000c   Code   RO          362    i.OTG_FS_IRQHandler  stm32l4xx_it.o
    0x08004190   0x08004190   0x00000098   Code   RO         1149    i.PCD_WriteEmptyTxFifo  stm32l4xx_hal_pcd.o
    0x08004228   0x08004228   0x00000002   Code   RO          363    i.PendSV_Handler    stm32l4xx_it.o
    0x0800422a   0x0800422a   0x00000002   PAD
    0x0800422c   0x0800422c   0x0000012c   Code   RO         2575    i.RCCEx_PLLSAI1_Config  stm32l4xx_hal_rcc_ex.o
    0x08004358   0x08004358   0x00000108   Code   RO         2576    i.RCCEx_PLLSAI2_Config  stm32l4xx_hal_rcc_ex.o
    0x08004460   0x08004460   0x0000007c   Code   RO         2468    i.RCC_SetFlashLatencyFromMSIRange  stm32l4xx_hal_rcc.o
    0x080044dc   0x080044dc   0x00000028   Code   RO          536    i.SHT3x_CalcRH      tem_hum_ill.o
    0x08004504   0x08004504   0x00000034   Code   RO          537    i.SHT3x_CalcTemperatureC  tem_hum_ill.o
    0x08004538   0x08004538   0x0000003c   Code   RO          538    i.SHT3x_CheckCrc    tem_hum_ill.o
    0x08004574   0x08004574   0x00000002   Code   RO          364    i.SVC_Handler       stm32l4xx_it.o
    0x08004576   0x08004576   0x0000000a   Code   RO         4756    i.SWAPBYTE          usbd_ctlreq.o
    0x08004580   0x08004580   0x00000020   Code   RO          539    i.Start_BH1750      tem_hum_ill.o
    0x080045a0   0x080045a0   0x00000020   Code   RO          613    i.Start_VEML6070_High  veml6070.o
    0x080045c0   0x080045c0   0x00000020   Code   RO          614    i.Start_VEML6070_Low  veml6070.o
    0x080045e0   0x080045e0   0x00000004   Code   RO          365    i.SysTick_Handler   stm32l4xx_it.o
    0x080045e4   0x080045e4   0x000000b4   Code   RO           14    i.SystemClock_Config  main.o
    0x08004698   0x08004698   0x00000044   Code   RO         4581    i.SystemInit        system_stm32l4xx.o
    0x080046dc   0x080046dc   0x000000a4   Code   RO          540    i.Tem_Hum_Ill_Sensor_Read_Data  tem_hum_ill.o
    0x08004780   0x08004780   0x0000000c   Code   RO          366    i.UART4_IRQHandler  stm32l4xx_it.o
    0x0800478c   0x0800478c   0x0000000c   Code   RO          367    i.UART5_IRQHandler  stm32l4xx_it.o
    0x08004798   0x08004798   0x000000c8   Code   RO         3745    i.UART_AdvFeatureConfig  stm32l4xx_hal_uart.o
    0x08004860   0x08004860   0x00000058   Code   RO         3746    i.UART_CheckIdleState  stm32l4xx_hal_uart.o
    0x080048b8   0x080048b8   0x00000014   Code   RO         3747    i.UART_DMAAbortOnError  stm32l4xx_hal_uart.o
    0x080048cc   0x080048cc   0x0000001e   Code   RO         3757    i.UART_EndRxTransfer  stm32l4xx_hal_uart.o
    0x080048ea   0x080048ea   0x0000005a   Code   RO         3759    i.UART_RxISR_16BIT  stm32l4xx_hal_uart.o
    0x08004944   0x08004944   0x0000005a   Code   RO         3760    i.UART_RxISR_8BIT   stm32l4xx_hal_uart.o
    0x0800499e   0x0800499e   0x00000002   PAD
    0x080049a0   0x080049a0   0x0000024c   Code   RO         3761    i.UART_SetConfig    stm32l4xx_hal_uart.o
    0x08004bec   0x08004bec   0x000000a4   Code   RO         3764    i.UART_WaitOnFlagUntilTimeout  stm32l4xx_hal_uart.o
    0x08004c90   0x08004c90   0x0000000c   Code   RO          368    i.USART1_IRQHandler  stm32l4xx_it.o
    0x08004c9c   0x08004c9c   0x0000000c   Code   RO          369    i.USART2_IRQHandler  stm32l4xx_it.o
    0x08004ca8   0x08004ca8   0x0000000c   Code   RO          370    i.USART3_IRQHandler  stm32l4xx_it.o
    0x08004cb4   0x08004cb4   0x00000062   Code   RO         4889    i.USBD_CDC_DataIn   usbd_cdc.o
    0x08004d16   0x08004d16   0x0000002a   Code   RO         4890    i.USBD_CDC_DataOut  usbd_cdc.o
    0x08004d40   0x08004d40   0x00000048   Code   RO         4891    i.USBD_CDC_DeInit   usbd_cdc.o
    0x08004d88   0x08004d88   0x00000024   Code   RO         4892    i.USBD_CDC_EP0_RxReady  usbd_cdc.o
    0x08004dac   0x08004dac   0x0000000c   Code   RO         4893    i.USBD_CDC_GetDeviceQualifierDescriptor  usbd_cdc.o
    0x08004db8   0x08004db8   0x0000000c   Code   RO         4894    i.USBD_CDC_GetFSCfgDesc  usbd_cdc.o
    0x08004dc4   0x08004dc4   0x0000000c   Code   RO         4895    i.USBD_CDC_GetHSCfgDesc  usbd_cdc.o
    0x08004dd0   0x08004dd0   0x0000000c   Code   RO         4896    i.USBD_CDC_GetOtherSpeedCfgDesc  usbd_cdc.o
    0x08004ddc   0x08004ddc   0x000000a2   Code   RO         4897    i.USBD_CDC_Init     usbd_cdc.o
    0x08004e7e   0x08004e7e   0x00000028   Code   RO         4898    i.USBD_CDC_ReceivePacket  usbd_cdc.o
    0x08004ea6   0x08004ea6   0x0000000e   Code   RO         4899    i.USBD_CDC_RegisterInterface  usbd_cdc.o
    0x08004eb4   0x08004eb4   0x0000000c   Code   RO         4900    i.USBD_CDC_SetRxBuffer  usbd_cdc.o
    0x08004ec0   0x08004ec0   0x00000010   Code   RO         4901    i.USBD_CDC_SetTxBuffer  usbd_cdc.o
    0x08004ed0   0x08004ed0   0x000000b0   Code   RO         4902    i.USBD_CDC_Setup    usbd_cdc.o
    0x08004f80   0x08004f80   0x00000010   Code   RO         4618    i.USBD_ClrClassConfig  usbd_core.o
    0x08004f90   0x08004f90   0x00000010   Code   RO         4829    i.USBD_CtlContinueRx  usbd_ioreq.o
    0x08004fa0   0x08004fa0   0x00000010   Code   RO         4830    i.USBD_CtlContinueSendData  usbd_ioreq.o
    0x08004fb0   0x08004fb0   0x00000016   Code   RO         4757    i.USBD_CtlError     usbd_ctlreq.o
    0x08004fc6   0x08004fc6   0x0000001e   Code   RO         4831    i.USBD_CtlPrepareRx  usbd_ioreq.o
    0x08004fe4   0x08004fe4   0x00000016   Code   RO         4832    i.USBD_CtlReceiveStatus  usbd_ioreq.o
    0x08004ffa   0x08004ffa   0x0000001a   Code   RO         4833    i.USBD_CtlSendData  usbd_ioreq.o
    0x08005014   0x08005014   0x00000016   Code   RO         4834    i.USBD_CtlSendStatus  usbd_ioreq.o
    0x0800502a   0x0800502a   0x00000002   PAD
    0x0800502c   0x0800502c   0x00000020   Code   RO          762    i.USBD_FS_ConfigStrDescriptor  usbd_desc.o
    0x0800504c   0x0800504c   0x0000000c   Code   RO          763    i.USBD_FS_DeviceDescriptor  usbd_desc.o
    0x08005058   0x08005058   0x00000024   Code   RO          764    i.USBD_FS_InterfaceStrDescriptor  usbd_desc.o
    0x0800507c   0x0800507c   0x0000000c   Code   RO          765    i.USBD_FS_LangIDStrDescriptor  usbd_desc.o
    0x08005088   0x08005088   0x00000028   Code   RO          766    i.USBD_FS_ManufacturerStrDescriptor  usbd_desc.o
    0x080050b0   0x080050b0   0x0000002c   Code   RO          767    i.USBD_FS_ProductStrDescriptor  usbd_desc.o
    0x080050dc   0x080050dc   0x00000038   Code   RO          768    i.USBD_FS_SerialStrDescriptor  usbd_desc.o
    0x08005114   0x08005114   0x0000000c   Code   RO          769    i.USBD_FS_USR_BOSDescriptor  usbd_desc.o
    0x08005120   0x08005120   0x000000fa   Code   RO         4758    i.USBD_GetDescriptor  usbd_ctlreq.o
    0x0800521a   0x0800521a   0x00000048   Code   RO         4759    i.USBD_GetString    usbd_ctlreq.o
    0x08005262   0x08005262   0x00000026   Code   RO         4620    i.USBD_Init         usbd_core.o
    0x08005288   0x08005288   0x00000020   Code   RO          924    i.USBD_LL_ClearStallEP  usbd_conf.o
    0x080052a8   0x080052a8   0x00000020   Code   RO          925    i.USBD_LL_CloseEP   usbd_conf.o
    0x080052c8   0x080052c8   0x000000aa   Code   RO         4621    i.USBD_LL_DataInStage  usbd_core.o
    0x08005372   0x08005372   0x0000006e   Code   RO         4622    i.USBD_LL_DataOutStage  usbd_core.o
    0x080053e0   0x080053e0   0x00000004   Code   RO         4623    i.USBD_LL_DevConnected  usbd_core.o
    0x080053e4   0x080053e4   0x00000018   Code   RO         4624    i.USBD_LL_DevDisconnected  usbd_core.o
    0x080053fc   0x080053fc   0x00000008   Code   RO          929    i.USBD_LL_GetRxDataSize  usbd_conf.o
    0x08005404   0x08005404   0x00000060   Code   RO          930    i.USBD_LL_Init      usbd_conf.o
    0x08005464   0x08005464   0x00000020   Code   RO          931    i.USBD_LL_IsStallEP  usbd_conf.o
    0x08005484   0x08005484   0x00000004   Code   RO         4625    i.USBD_LL_IsoINIncomplete  usbd_core.o
    0x08005488   0x08005488   0x00000004   Code   RO         4626    i.USBD_LL_IsoOUTIncomplete  usbd_core.o
    0x0800548c   0x0800548c   0x00000026   Code   RO          932    i.USBD_LL_OpenEP    usbd_conf.o
    0x080054b2   0x080054b2   0x00000020   Code   RO          933    i.USBD_LL_PrepareReceive  usbd_conf.o
    0x080054d2   0x080054d2   0x00000052   Code   RO         4627    i.USBD_LL_Reset     usbd_core.o
    0x08005524   0x08005524   0x00000014   Code   RO         4628    i.USBD_LL_Resume    usbd_core.o
    0x08005538   0x08005538   0x00000018   Code   RO         4629    i.USBD_LL_SOF       usbd_core.o
    0x08005550   0x08005550   0x00000006   Code   RO         4630    i.USBD_LL_SetSpeed  usbd_core.o
    0x08005556   0x08005556   0x00000020   Code   RO          934    i.USBD_LL_SetUSBAddress  usbd_conf.o
    0x08005576   0x08005576   0x00000060   Code   RO         4631    i.USBD_LL_SetupStage  usbd_core.o
    0x080055d6   0x080055d6   0x00000020   Code   RO          935    i.USBD_LL_StallEP   usbd_conf.o
    0x080055f6   0x080055f6   0x00000020   Code   RO          936    i.USBD_LL_Start     usbd_conf.o
    0x08005616   0x08005616   0x00000012   Code   RO         4632    i.USBD_LL_Suspend   usbd_core.o
    0x08005628   0x08005628   0x00000020   Code   RO          938    i.USBD_LL_Transmit  usbd_conf.o
    0x08005648   0x08005648   0x0000002c   Code   RO         4760    i.USBD_ParseSetupRequest  usbd_ctlreq.o
    0x08005674   0x08005674   0x00000024   Code   RO         4633    i.USBD_RegisterClass  usbd_core.o
    0x08005698   0x08005698   0x00000014   Code   RO         4635    i.USBD_SetClassConfig  usbd_core.o
    0x080056ac   0x080056ac   0x000000bc   Code   RO         4761    i.USBD_SetConfig    usbd_ctlreq.o
    0x08005768   0x08005768   0x00000004   Code   RO         4636    i.USBD_Start        usbd_core.o
    0x0800576c   0x0800576c   0x00000114   Code   RO         4762    i.USBD_StdDevReq    usbd_ctlreq.o
    0x08005880   0x08005880   0x00000140   Code   RO         4763    i.USBD_StdEPReq     usbd_ctlreq.o
    0x080059c0   0x080059c0   0x00000052   Code   RO         4764    i.USBD_StdItfReq    usbd_ctlreq.o
    0x08005a12   0x08005a12   0x00000002   PAD
    0x08005a14   0x08005a14   0x00000080   Code   RO         1405    i.USB_ActivateEndpoint  stm32l4xx_ll_usb.o
    0x08005a94   0x08005a94   0x0000001c   Code   RO         1407    i.USB_ActivateSetup  stm32l4xx_ll_usb.o
    0x08005ab0   0x08005ab0   0x00000060   Code   RO         1409    i.USB_CoreInit      stm32l4xx_ll_usb.o
    0x08005b10   0x08005b10   0x00000038   Code   RO         1410    i.USB_CoreReset     stm32l4xx_ll_usb.o
    0x08005b48   0x08005b48   0x000000cc   Code   RO         1413    i.USB_DeactivateEndpoint  stm32l4xx_ll_usb.o
    0x08005c14   0x08005c14   0x0000001c   Code   RO         1414    i.USB_DevConnect    stm32l4xx_ll_usb.o
    0x08005c30   0x08005c30   0x0000001c   Code   RO         1415    i.USB_DevDisconnect  stm32l4xx_ll_usb.o
    0x08005c4c   0x08005c4c   0x0000015a   Code   RO         1416    i.USB_DevInit       stm32l4xx_ll_usb.o
    0x08005da6   0x08005da6   0x0000000c   Code   RO         1417    i.USB_DisableGlobalInt  stm32l4xx_ll_usb.o
    0x08005db2   0x08005db2   0x00000002   PAD
    0x08005db4   0x08005db4   0x000000ec   Code   RO         1420    i.USB_EP0StartXfer  stm32l4xx_ll_usb.o
    0x08005ea0   0x08005ea0   0x00000044   Code   RO         1421    i.USB_EP0_OutStart  stm32l4xx_ll_usb.o
    0x08005ee4   0x08005ee4   0x00000058   Code   RO         1422    i.USB_EPClearStall  stm32l4xx_ll_usb.o
    0x08005f3c   0x08005f3c   0x00000058   Code   RO         1423    i.USB_EPSetStall    stm32l4xx_ll_usb.o
    0x08005f94   0x08005f94   0x00000194   Code   RO         1424    i.USB_EPStartXfer   stm32l4xx_ll_usb.o
    0x08006128   0x08006128   0x0000000c   Code   RO         1425    i.USB_EnableGlobalInt  stm32l4xx_ll_usb.o
    0x08006134   0x08006134   0x00000020   Code   RO         1426    i.USB_FlushRxFifo   stm32l4xx_ll_usb.o
    0x08006154   0x08006154   0x00000024   Code   RO         1427    i.USB_FlushTxFifo   stm32l4xx_ll_usb.o
    0x08006178   0x08006178   0x00000018   Code   RO         1429    i.USB_GetDevSpeed   stm32l4xx_ll_usb.o
    0x08006190   0x08006190   0x00000008   Code   RO         1431    i.USB_GetMode       stm32l4xx_ll_usb.o
    0x08006198   0x08006198   0x0000000e   Code   RO         1438    i.USB_ReadDevAllInEpInterrupt  stm32l4xx_ll_usb.o
    0x080061a6   0x080061a6   0x0000000e   Code   RO         1439    i.USB_ReadDevAllOutEpInterrupt  stm32l4xx_ll_usb.o
    0x080061b4   0x080061b4   0x00000024   Code   RO         1440    i.USB_ReadDevInEPInterrupt  stm32l4xx_ll_usb.o
    0x080061d8   0x080061d8   0x00000010   Code   RO         1441    i.USB_ReadDevOutEPInterrupt  stm32l4xx_ll_usb.o
    0x080061e8   0x080061e8   0x00000008   Code   RO         1442    i.USB_ReadInterrupts  stm32l4xx_ll_usb.o
    0x080061f0   0x080061f0   0x0000001c   Code   RO         1443    i.USB_ReadPacket    stm32l4xx_ll_usb.o
    0x0800620c   0x0800620c   0x0000002e   Code   RO         1445    i.USB_SetCurrentMode  stm32l4xx_ll_usb.o
    0x0800623a   0x0800623a   0x00000022   Code   RO         1446    i.USB_SetDevAddress  stm32l4xx_ll_usb.o
    0x0800625c   0x0800625c   0x000000e8   Code   RO         1448    i.USB_SetTurnaroundTime  stm32l4xx_ll_usb.o
    0x08006344   0x08006344   0x00000020   Code   RO         1451    i.USB_WritePacket   stm32l4xx_ll_usb.o
    0x08006364   0x08006364   0x00000002   Code   RO          371    i.UsageFault_Handler  stm32l4xx_it.o
    0x08006366   0x08006366   0x00000002   PAD
    0x08006368   0x08006368   0x00000020   Code   RO          615    i.VEML6070_Init     veml6070.o
    0x08006388   0x08006388   0x00000014   Code   RO          616    i.VEML6070_Read_Data  veml6070.o
    0x0800639c   0x0800639c   0x00000020   Code   RO         5236    i.__0printf         mc_w.l(printfa.o)
    0x080063bc   0x080063bc   0x00000020   Code   RO         3478    i.__NVIC_SetPriority  stm32l4xx_hal_cortex.o
    0x080063dc   0x080063dc   0x0000000e   Code   RO         5344    i.__scatterload_copy  mc_w.l(handlers.o)
    0x080063ea   0x080063ea   0x00000002   Code   RO         5345    i.__scatterload_null  mc_w.l(handlers.o)
    0x080063ec   0x080063ec   0x0000000e   Code   RO         5346    i.__scatterload_zeroinit  mc_w.l(handlers.o)
    0x080063fa   0x080063fa   0x00000002   PAD
    0x080063fc   0x080063fc   0x0000018a   Code   RO         5243    i._fp_digits        mc_w.l(printfa.o)
    0x08006586   0x08006586   0x00000002   PAD
    0x08006588   0x08006588   0x000006e2   Code   RO         5244    i._printf_core      mc_w.l(printfa.o)
    0x08006c6a   0x08006c6a   0x00000024   Code   RO         5245    i._printf_post_padding  mc_w.l(printfa.o)
    0x08006c8e   0x08006c8e   0x0000002e   Code   RO         5246    i._printf_pre_padding  mc_w.l(printfa.o)
    0x08006cbc   0x08006cbc   0x00000018   Code   RO          503    i.fputc             bsp_usart.o
    0x08006cd4   0x08006cd4   0x00000050   Code   RO         5264    i.free              mc_w.l(malloc.o)
    0x08006d24   0x08006d24   0x0000020c   Code   RO           15    i.main              main.o
    0x08006f30   0x08006f30   0x0000006c   Code   RO         5265    i.malloc            mc_w.l(malloc.o)
    0x08006f9c   0x08006f9c   0x00000040   Data   RO         4582    .constdata          system_stm32l4xx.o
    0x08006fdc   0x08006fdc   0x00000008   Data   RO         4583    .constdata          system_stm32l4xx.o
    0x08006fe4   0x08006fe4   0x00000097   Data   RO          290    .conststring        usart.o
    0x0800707b   0x0800707b   0x00000001   PAD
    0x0800707c   0x0800707c   0x00000020   Data   RO         5342    Region$$Table       anon$$obj.o


    Execution Region RW_IRAM2 (Exec base: 0x10000000, Load base: 0x0800716c, Size: 0x00000000, Max: 0x00008000, ABSOLUTE)

    **** No section assigned to this execution region ****


    Execution Region RW_IRAM1 (Exec base: 0x20000000, Load base: 0x0800709c, Size: 0x00002670, Max: 0x00018000, ABSOLUTE, COMPRESSED[0x000000d0])

    Exec Addr    Load Addr    Size         Type   Attr      Idx    E Section Name        Object

    0x20000000   COMPRESSED   0x00000006   Data   RW          291    .data               usart.o
    0x20000006   COMPRESSED   0x00000002   PAD
    0x20000008   COMPRESSED   0x00000020   Data   RW          771    .data               usbd_desc.o
    0x20000028   COMPRESSED   0x0000003e   Data   RW          772    .data               usbd_desc.o
    0x20000066   COMPRESSED   0x00000002   PAD
    0x20000068   COMPRESSED   0x00000014   Data   RW          860    .data               usbd_cdc_if.o
    0x2000007c   COMPRESSED   0x0000000c   Data   RW         1740    .data               stm32l4xx_hal.o
    0x20000088   COMPRESSED   0x00000004   Data   RW         4584    .data               system_stm32l4xx.o
    0x2000008c   COMPRESSED   0x00000001   Data   RW         4765    .data               usbd_ctlreq.o
    0x2000008d   COMPRESSED   0x00000003   PAD
    0x20000090   COMPRESSED   0x000000d7   Data   RW         4904    .data               usbd_cdc.o
    0x20000167   COMPRESSED   0x00000001   PAD
    0x20000168   COMPRESSED   0x00000038   Data   RW         4905    .data               usbd_cdc.o
    0x200001a0   COMPRESSED   0x00000004   Data   RW         5318    .data               mc_w.l(stdout.o)
    0x200001a4   COMPRESSED   0x00000004   Data   RW         5325    .data               mc_w.l(mvars.o)
    0x200001a8   COMPRESSED   0x00000004   Data   RW         5326    .data               mc_w.l(mvars.o)
    0x200001ac        -       0x0000002c   Zero   RW           16    .bss                main.o
    0x200001d8        -       0x00000098   Zero   RW          237    .bss                i2c.o
    0x20000270        -       0x000002a0   Zero   RW          289    .bss                usart.o
    0x20000510        -       0x00000064   Zero   RW          669    .bss                adc.o
    0x20000574        -       0x000002d0   Zero   RW          714    .bss                usb_device.o
    0x20000844        -       0x00000200   Zero   RW          770    .bss                usbd_desc.o
    0x20000a44        -       0x00001000   Zero   RW          859    .bss                usbd_cdc_if.o
    0x20001a44        -       0x00000628   Zero   RW          941    .bss                usbd_conf.o
    0x2000206c   COMPRESSED   0x00000004   PAD
    0x20002070        -       0x00000200   Zero   RW            2    HEAP                startup_stm32l476xx.o
    0x20002270        -       0x00000400   Zero   RW            1    STACK               startup_stm32l476xx.o


==============================================================================

Image component sizes


      Code (inc. data)   RO Data    RW Data    ZI Data      Debug   Object Name

       308         42          0          0        100       2337   adc.o
        24          4          0          0          0        512   bsp_usart.o
       624         20          0          0          0       1311   gpio.o
       364         40          0          0        152       2418   i2c.o
       706        300          0          0         44     853334   main.o
        36          8        392          0       1536        836   startup_stm32l476xx.o
       162         24          0         12          0      14397   stm32l4xx_hal.o
      2556        136          0          0          0      72949   stm32l4xx_hal_adc.o
       248         18          0          0          0      59915   stm32l4xx_hal_adc_ex.o
       198         14          0          0          0      33859   stm32l4xx_hal_cortex.o
        78          0          0          0          0       1083   stm32l4xx_hal_dma.o
       640         38          0          0          0       3325   stm32l4xx_hal_gpio.o
      1382         38          0          0          0      11302   stm32l4xx_hal_i2c.o
       168          0          0          0          0       1923   stm32l4xx_hal_i2c_ex.o
        44          6          0          0          0        854   stm32l4xx_hal_msp.o
      2116         10          0          0          0      12053   stm32l4xx_hal_pcd.o
       116          6          0          0          0       2602   stm32l4xx_hal_pcd_ex.o
        16          4          0          0          0        547   stm32l4xx_hal_pwr.o
       152         28          0          0          0       2468   stm32l4xx_hal_pwr_ex.o
      1980        104          0          0          0       7416   stm32l4xx_hal_rcc.o
      1522         48          0          0          0       4625   stm32l4xx_hal_rcc_ex.o
      2086         76          0          0          0      12288   stm32l4xx_hal_uart.o
         2          0          0          0          0       1008   stm32l4xx_hal_uart_ex.o
       116         48          0          0          0       7942   stm32l4xx_it.o
      2382        132          0          0          0      22096   stm32l4xx_ll_usb.o
        68         12         72          4          0       1241   system_stm32l4xx.o
       510         72          0          0          0       6317   tem_hum_ill.o
       912         98        151          6        672       6892   usart.o
        84         18          0          0        720       2591   usb_device.o
       716         16          0        271          0      12731   usbd_cdc.o
        72         16          0         20       4096       3238   usbd_cdc_if.o
       876         22          0          0       1576      16764   usbd_conf.o
       676          0          0          0          0      12353   usbd_core.o
      1264         22          0          1          0      14080   usbd_ctlreq.o
       300        108          0         94        512       6829   usbd_desc.o
       132          0          0          0          0       4520   usbd_ioreq.o
       196         30          0          0          0       3117   veml6070.o

    ----------------------------------------------------------------------
     23872       1558        648        416       9412    1224073   Object Totals
         0          0         32          0          0          0   (incl. Generated)
        40          0          1          8          4          0   (incl. Padding)

    ----------------------------------------------------------------------

      Code (inc. data)   RO Data    RW Data    ZI Data      Debug   Library Member Name

        86          0          0          0          0          0   __dczerorl2.o
         0          0          0          0          0          0   entry.o
         0          0          0          0          0          0   entry10a.o
         0          0          0          0          0          0   entry11a.o
         8          4          0          0          0          0   entry2.o
         4          0          0          0          0          0   entry5.o
         0          0          0          0          0          0   entry7b.o
         0          0          0          0          0          0   entry8b.o
         8          4          0          0          0          0   entry9a.o
        30          0          0          0          0          0   handlers.o
        36          8          0          0          0         68   init.o
         0          0          0          0          0          0   iusefp.o
        30          0          0          0          0         68   llshl.o
        36          0          0          0          0         68   llsshr.o
        32          0          0          0          0         68   llushr.o
       188         20          0          0          0        160   malloc.o
        36          0          0          0          0         68   memcpya.o
        36          0          0          0          0        108   memseta.o
         0          0          0          8          0          0   mvars.o
      2270         90          0          0          0        452   printfa.o
         0          0          0          4          0          0   stdout.o
        44          0          0          0          0         80   uidiv.o
       104          0          0          0          0         92   uldiv.o
        48          0          0          0          0         68   cdrcmple.o
        56          0          0          0          0         88   d2f.o
       350          0          0          0          0        148   dadd.o
       222          0          0          0          0        100   ddiv.o
       186          0          0          0          0        176   depilogue.o
        48          0          0          0          0         68   dfixul.o
        34          0          0          0          0         76   dflti.o
        26          0          0          0          0         76   dfltui.o
       234          0          0          0          0         96   dmul.o
        38          0          0          0          0         68   f2d.o
       110          0          0          0          0        168   fepilogue.o

    ----------------------------------------------------------------------
      4308        126          0         12          0       2364   Library Totals
         8          0          0          0          0          0   (incl. Padding)

    ----------------------------------------------------------------------

      Code (inc. data)   RO Data    RW Data    ZI Data      Debug   Library Name

      2948        126          0         12          0       1232   mc_w.l
      1352          0          0          0          0       1132   mf_w.l

    ----------------------------------------------------------------------
      4308        126          0         12          0       2364   Library Totals

    ----------------------------------------------------------------------

==============================================================================


      Code (inc. data)   RO Data    RW Data    ZI Data      Debug   

     28180       1684        648        428       9412    1200925   Grand Totals
     28180       1684        648        208       9412    1200925   ELF Image Totals (compressed)
     28180       1684        648        208          0          0   ROM Totals

==============================================================================

    Total RO  Size (Code + RO Data)                28828 (  28.15kB)
    Total RW  Size (RW Data + ZI Data)              9840 (   9.61kB)
    Total ROM Size (Code + RO Data + RW Data)      29036 (  28.36kB)

==============================================================================

