<html>
<body>
<pre>
<h1>µVision Build Log</h1>
<h2>Tool Versions:</h2>
IDE-Version: ¦ÌVision V5.24.2.0
Copyright (C) 2017 ARM Ltd and ARM Germany GmbH. All rights reserved.
License Information: gu junfeng, cug, LIC=VGX8T-REZVI-UG87Q-N7IE8-IIFFP-ZX5Z7
 
Tool Versions:
Toolchain:       MDK-ARM Plus  Version: 5.24.1
Toolchain Path:  D:\Program Files\keil5\ARM\ARMCC\Bin
C Compiler:      Armcc.exe V5.06 update 5 (build 528)
Assembler:       Armasm.exe V5.06 update 5 (build 528)
Linker/Locator:  ArmLink.exe V5.06 update 5 (build 528)
Library Manager: ArmAr.exe V5.06 update 5 (build 528)
Hex Converter:   FromElf.exe V5.06 update 5 (build 528)
CPU DLL:         SARMCM3.DLL V5.24.1
Dialog DLL:      DCM.DLL V1.16.0.0
Target DLL:      Segger\JL2CM3.dll V2.99.15.0
Dialog DLL:      TCM.DLL V1.32.0.0
 
<h2>Project:</h2>
D:\Git_WorkSpace\Sensor_Workspace\Environment_Sensors\EnvironmentSensor\MDK-ARM\EnvironmentSensor.uvprojx
Project File Date:  04/09/2021

<h2>Output:</h2>
*** Using Compiler 'V5.06 update 5 (build 528)', folder: 'D:\Program Files\keil5\ARM\ARMCC\Bin'
Build target 'EnvironmentSensor'
compiling usart.c...
compiling gpio.c...
compiling i2c.c...
compiling stm32l4xx_hal_msp.c...
compiling main.c...
compiling particulate_matter.c...
compiling adc.c...
compiling co2.c...
compiling noise.c...
compiling bsp_usart.c...
compiling stm32l4xx_it.c...
compiling ultravioletray.c...
compiling usbd_ioreq.c...
compiling usbd_ctlreq.c...
compiling tem_hum_lux.c...
compiling usbd_cdc.c...
compiling usb_device.c...
compiling usbd_conf.c...
compiling usbd_cdc_if.c...
compiling usbd_desc.c...
compiling usbd_core.c...
linking...
Program Size: Code=21588 RO-data=496 RW-data=400 ZI-data=9416  
FromELF: creating hex file...
"EnvironmentSensor\EnvironmentSensor.axf" - 0 Error(s), 0 Warning(s).

<h2>Software Packages used:</h2>

Package Vendor: ARM
                http://www.keil.com/pack/ARM.CMSIS.5.0.1.pack
                ARM.CMSIS.5.0.1
                CMSIS (Cortex Microcontroller Software Interface Standard)
   * Component: CORE Version: 5.0.1

Package Vendor: Keil
                http://www.keil.com/pack/Keil.STM32L4xx_DFP.2.1.0.pack
                Keil.STM32L4xx_DFP.2.1.0
                STMicroelectronics STM32L4 Series Device Support, Drivers and Examples

<h2>Collection of Component include folders:</h2>
  .\RTE\_EnvironmentSensor
  D:\Program Files\keil5\ARM\PACK\ARM\CMSIS\5.0.1\CMSIS\Include
  D:\Program Files\keil5\ARM\PACK\Keil\STM32L4xx_DFP\2.1.0\Drivers\CMSIS\Device\ST\STM32L4xx\Include

<h2>Collection of Component Files used:</h2>

   * Component: ARM::CMSIS:CORE:5.0.1
Build Time Elapsed:  00:00:29
</pre>
</body>
</html>
