Component: ARM Compiler 5.06 update 5 (build 528) Tool: armlink [4d35e2]

==============================================================================

Section Cross References

    startup_stm32l476xx.o(RESET) refers to startup_stm32l476xx.o(STACK) for __initial_sp
    startup_stm32l476xx.o(RESET) refers to startup_stm32l476xx.o(.text) for Reset_Handler
    startup_stm32l476xx.o(RESET) refers to stm32l4xx_it.o(i.NMI_Handler) for NMI_Handler
    startup_stm32l476xx.o(RESET) refers to stm32l4xx_it.o(i.HardFault_Handler) for HardFault_Handler
    startup_stm32l476xx.o(RESET) refers to stm32l4xx_it.o(i.MemManage_Handler) for MemManage_Handler
    startup_stm32l476xx.o(RESET) refers to stm32l4xx_it.o(i.BusFault_Handler) for BusFault_Handler
    startup_stm32l476xx.o(RESET) refers to stm32l4xx_it.o(i.UsageFault_Handler) for UsageFault_Handler
    startup_stm32l476xx.o(RESET) refers to stm32l4xx_it.o(i.SVC_Handler) for SVC_Handler
    startup_stm32l476xx.o(RESET) refers to stm32l4xx_it.o(i.DebugMon_Handler) for DebugMon_Handler
    startup_stm32l476xx.o(RESET) refers to stm32l4xx_it.o(i.PendSV_Handler) for PendSV_Handler
    startup_stm32l476xx.o(RESET) refers to stm32l4xx_it.o(i.SysTick_Handler) for SysTick_Handler
    startup_stm32l476xx.o(RESET) refers to stm32l4xx_it.o(i.I2C1_EV_IRQHandler) for I2C1_EV_IRQHandler
    startup_stm32l476xx.o(RESET) refers to stm32l4xx_it.o(i.I2C2_EV_IRQHandler) for I2C2_EV_IRQHandler
    startup_stm32l476xx.o(RESET) refers to stm32l4xx_it.o(i.USART1_IRQHandler) for USART1_IRQHandler
    startup_stm32l476xx.o(RESET) refers to stm32l4xx_it.o(i.USART2_IRQHandler) for USART2_IRQHandler
    startup_stm32l476xx.o(RESET) refers to stm32l4xx_it.o(i.USART3_IRQHandler) for USART3_IRQHandler
    startup_stm32l476xx.o(RESET) refers to stm32l4xx_it.o(i.UART4_IRQHandler) for UART4_IRQHandler
    startup_stm32l476xx.o(RESET) refers to stm32l4xx_it.o(i.UART5_IRQHandler) for UART5_IRQHandler
    startup_stm32l476xx.o(RESET) refers to stm32l4xx_it.o(i.OTG_FS_IRQHandler) for OTG_FS_IRQHandler
    startup_stm32l476xx.o(.text) refers to system_stm32l4xx.o(i.SystemInit) for SystemInit
    startup_stm32l476xx.o(.text) refers to entry.o(.ARM.Collect$$$$00000000) for __main
    main.o(i.SystemClock_Config) refers to memseta.o(.text) for __aeabi_memclr4
    main.o(i.SystemClock_Config) refers to stm32l4xx_hal_pwr.o(i.HAL_PWR_EnableBkUpAccess) for HAL_PWR_EnableBkUpAccess
    main.o(i.SystemClock_Config) refers to stm32l4xx_hal_rcc.o(i.HAL_RCC_OscConfig) for HAL_RCC_OscConfig
    main.o(i.SystemClock_Config) refers to stm32l4xx_hal_rcc.o(i.HAL_RCC_ClockConfig) for HAL_RCC_ClockConfig
    main.o(i.SystemClock_Config) refers to stm32l4xx_hal_rcc_ex.o(i.HAL_RCCEx_PeriphCLKConfig) for HAL_RCCEx_PeriphCLKConfig
    main.o(i.SystemClock_Config) refers to stm32l4xx_hal_pwr_ex.o(i.HAL_PWREx_ControlVoltageScaling) for HAL_PWREx_ControlVoltageScaling
    main.o(i.SystemClock_Config) refers to stm32l4xx_hal_rcc_ex.o(i.HAL_RCCEx_EnableMSIPLLMode) for HAL_RCCEx_EnableMSIPLLMode
    main.o(i.main) refers to stm32l4xx_hal.o(i.HAL_Init) for HAL_Init
    main.o(i.main) refers to main.o(i.SystemClock_Config) for SystemClock_Config
    main.o(i.main) refers to gpio.o(i.MX_GPIO_Init) for MX_GPIO_Init
    main.o(i.main) refers to i2c.o(i.MX_I2C1_Init) for MX_I2C1_Init
    main.o(i.main) refers to i2c.o(i.MX_I2C2_Init) for MX_I2C2_Init
    main.o(i.main) refers to usart.o(i.MX_UART4_Init) for MX_UART4_Init
    main.o(i.main) refers to usart.o(i.MX_UART5_Init) for MX_UART5_Init
    main.o(i.main) refers to usart.o(i.MX_USART1_UART_Init) for MX_USART1_UART_Init
    main.o(i.main) refers to usart.o(i.MX_USART2_UART_Init) for MX_USART2_UART_Init
    main.o(i.main) refers to usart.o(i.MX_USART3_UART_Init) for MX_USART3_UART_Init
    main.o(i.main) refers to usb_device.o(i.MX_USB_DEVICE_Init) for MX_USB_DEVICE_Init
    main.o(i.main) refers to ultravioletray.o(i.UltravioletRay_Init) for UltravioletRay_Init
    main.o(i.main) refers to adc.o(i.MX_ADC1_Init) for MX_ADC1_Init
    main.o(i.main) refers to tem_hum_lux.o(i.Init_Tem_Hum_Ill_Sensor) for Init_Tem_Hum_Ill_Sensor
    main.o(i.main) refers to particulate_matter.o(i.Sensor_PM_Init) for Sensor_PM_Init
    main.o(i.main) refers to co2.o(i.Sensor_Co2_Init) for Sensor_Co2_Init
    main.o(i.main) refers to noise.o(i.Sensor_Noise_Init) for Sensor_Noise_Init
    gpio.o(i.MX_GPIO_Init) refers to memseta.o(.text) for __aeabi_memclr4
    gpio.o(i.MX_GPIO_Init) refers to stm32l4xx_hal_pwr_ex.o(i.HAL_PWREx_EnableVddIO2) for HAL_PWREx_EnableVddIO2
    gpio.o(i.MX_GPIO_Init) refers to stm32l4xx_hal_gpio.o(i.HAL_GPIO_Init) for HAL_GPIO_Init
    gpio.o(i.MX_GPIO_Init) refers to stm32l4xx_hal_gpio.o(i.HAL_GPIO_WritePin) for HAL_GPIO_WritePin
    i2c.o(i.HAL_I2C_MspDeInit) refers to stm32l4xx_hal_gpio.o(i.HAL_GPIO_DeInit) for HAL_GPIO_DeInit
    i2c.o(i.HAL_I2C_MspDeInit) refers to stm32l4xx_hal_cortex.o(i.HAL_NVIC_DisableIRQ) for HAL_NVIC_DisableIRQ
[...]
    USBD_CDC_GetOtherSpeedCfgDesc            0x08003f05   Thumb Code     8  usbd_cdc.o(i.USBD_CDC_GetOtherSpeedCfgDesc)
    i.USBD_CDC_Init                          0x08003f10   Section        0  usbd_cdc.o(i.USBD_CDC_Init)
    USBD_CDC_Init                            0x08003f11   Thumb Code   162  usbd_cdc.o(i.USBD_CDC_Init)
    i.USBD_CDC_ReceivePacket                 0x08003fb2   Section        0  usbd_cdc.o(i.USBD_CDC_ReceivePacket)
    i.USBD_CDC_RegisterInterface             0x08003fda   Section        0  usbd_cdc.o(i.USBD_CDC_RegisterInterface)
    i.USBD_CDC_SetRxBuffer                   0x08003fe8   Section        0  usbd_cdc.o(i.USBD_CDC_SetRxBuffer)
    i.USBD_CDC_SetTxBuffer                   0x08003ff4   Section        0  usbd_cdc.o(i.USBD_CDC_SetTxBuffer)
    i.USBD_CDC_Setup                         0x08004004   Section        0  usbd_cdc.o(i.USBD_CDC_Setup)
    USBD_CDC_Setup                           0x08004005   Thumb Code   176  usbd_cdc.o(i.USBD_CDC_Setup)
    i.USBD_ClrClassConfig                    0x080040b4   Section        0  usbd_core.o(i.USBD_ClrClassConfig)
    i.USBD_CtlContinueRx                     0x080040c4   Section        0  usbd_ioreq.o(i.USBD_CtlContinueRx)
    i.USBD_CtlContinueSendData               0x080040d4   Section        0  usbd_ioreq.o(i.USBD_CtlContinueSendData)
    i.USBD_CtlError                          0x080040e4   Section        0  usbd_ctlreq.o(i.USBD_CtlError)
    i.USBD_CtlPrepareRx                      0x080040fa   Section        0  usbd_ioreq.o(i.USBD_CtlPrepareRx)
    i.USBD_CtlReceiveStatus                  0x08004118   Section        0  usbd_ioreq.o(i.USBD_CtlReceiveStatus)
    i.USBD_CtlSendData                       0x0800412e   Section        0  usbd_ioreq.o(i.USBD_CtlSendData)
    i.USBD_CtlSendStatus                     0x08004148   Section        0  usbd_ioreq.o(i.USBD_CtlSendStatus)
    i.USBD_FS_ConfigStrDescriptor            0x08004160   Section        0  usbd_desc.o(i.USBD_FS_ConfigStrDescriptor)
    i.USBD_FS_DeviceDescriptor               0x08004180   Section        0  usbd_desc.o(i.USBD_FS_DeviceDescriptor)
    i.USBD_FS_InterfaceStrDescriptor         0x0800418c   Section        0  usbd_desc.o(i.USBD_FS_InterfaceStrDescriptor)
    i.USBD_FS_LangIDStrDescriptor            0x080041b0   Section        0  usbd_desc.o(i.USBD_FS_LangIDStrDescriptor)
    i.USBD_FS_ManufacturerStrDescriptor      0x080041bc   Section        0  usbd_desc.o(i.USBD_FS_ManufacturerStrDescriptor)
    i.USBD_FS_ProductStrDescriptor           0x080041e4   Section        0  usbd_desc.o(i.USBD_FS_ProductStrDescriptor)
    i.USBD_FS_SerialStrDescriptor            0x08004210   Section        0  usbd_desc.o(i.USBD_FS_SerialStrDescriptor)
    i.USBD_GetDescriptor                     0x08004248   Section        0  usbd_ctlreq.o(i.USBD_GetDescriptor)
    USBD_GetDescriptor                       0x08004249   Thumb Code   230  usbd_ctlreq.o(i.USBD_GetDescriptor)
    i.USBD_GetString                         0x0800432e   Section        0  usbd_ctlreq.o(i.USBD_GetString)
    i.USBD_Init                              0x08004376   Section        0  usbd_core.o(i.USBD_Init)
    i.USBD_LL_ClearStallEP                   0x0800439c   Section        0  usbd_conf.o(i.USBD_LL_ClearStallEP)
    i.USBD_LL_CloseEP                        0x080043bc   Section        0  usbd_conf.o(i.USBD_LL_CloseEP)
    i.USBD_LL_DataInStage                    0x080043dc   Section        0  usbd_core.o(i.USBD_LL_DataInStage)
    i.USBD_LL_DataOutStage                   0x08004486   Section        0  usbd_core.o(i.USBD_LL_DataOutStage)
    i.USBD_LL_DevConnected                   0x080044f4   Section        0  usbd_core.o(i.USBD_LL_DevConnected)
    i.USBD_LL_DevDisconnected                0x080044f8   Section        0  usbd_core.o(i.USBD_LL_DevDisconnected)
    i.USBD_LL_GetRxDataSize                  0x08004510   Section        0  usbd_conf.o(i.USBD_LL_GetRxDataSize)
    i.USBD_LL_Init                           0x08004518   Section        0  usbd_conf.o(i.USBD_LL_Init)
    i.USBD_LL_IsStallEP                      0x08004578   Section        0  usbd_conf.o(i.USBD_LL_IsStallEP)
    i.USBD_LL_IsoINIncomplete                0x08004598   Section        0  usbd_core.o(i.USBD_LL_IsoINIncomplete)
    i.USBD_LL_IsoOUTIncomplete               0x0800459c   Section        0  usbd_core.o(i.USBD_LL_IsoOUTIncomplete)
    i.USBD_LL_OpenEP                         0x080045a0   Section        0  usbd_conf.o(i.USBD_LL_OpenEP)
    i.USBD_LL_PrepareReceive                 0x080045c6   Section        0  usbd_conf.o(i.USBD_LL_PrepareReceive)
    i.USBD_LL_Reset                          0x080045e6   Section        0  usbd_core.o(i.USBD_LL_Reset)
    i.USBD_LL_Resume                         0x08004638   Section        0  usbd_core.o(i.USBD_LL_Resume)
    i.USBD_LL_SOF                            0x0800464c   Section        0  usbd_core.o(i.USBD_LL_SOF)
    i.USBD_LL_SetSpeed                       0x08004664   Section        0  usbd_core.o(i.USBD_LL_SetSpeed)
    i.USBD_LL_SetUSBAddress                  0x0800466a   Section        0  usbd_conf.o(i.USBD_LL_SetUSBAddress)
    i.USBD_LL_SetupStage                     0x0800468a   Section        0  usbd_core.o(i.USBD_LL_SetupStage)
    i.USBD_LL_StallEP                        0x080046ea   Section        0  usbd_conf.o(i.USBD_LL_StallEP)
    i.USBD_LL_Start                          0x0800470a   Section        0  usbd_conf.o(i.USBD_LL_Start)
    i.USBD_LL_Suspend                        0x0800472a   Section        0  usbd_core.o(i.USBD_LL_Suspend)
    i.USBD_LL_Transmit                       0x0800473c   Section        0  usbd_conf.o(i.USBD_LL_Transmit)
    i.USBD_ParseSetupRequest                 0x0800475c   Section        0  usbd_ctlreq.o(i.USBD_ParseSetupRequest)
    i.USBD_RegisterClass                     0x08004788   Section        0  usbd_core.o(i.USBD_RegisterClass)
    i.USBD_SetClassConfig                    0x080047ac   Section        0  usbd_core.o(i.USBD_SetClassConfig)
    i.USBD_SetConfig                         0x080047c0   Section        0  usbd_ctlreq.o(i.USBD_SetConfig)
    USBD_SetConfig                           0x080047c1   Thumb Code   182  usbd_ctlreq.o(i.USBD_SetConfig)
    i.USBD_Start                             0x0800487c   Section        0  usbd_core.o(i.USBD_Start)
    i.USBD_StdDevReq                         0x08004880   Section        0  usbd_ctlreq.o(i.USBD_StdDevReq)
    i.USBD_StdEPReq                          0x08004994   Section        0  usbd_ctlreq.o(i.USBD_StdEPReq)
    i.USBD_StdItfReq                         0x08004ad4   Section        0  usbd_ctlreq.o(i.USBD_StdItfReq)
    i.USB_ActivateEndpoint                   0x08004b28   Section        0  stm32l4xx_ll_usb.o(i.USB_ActivateEndpoint)
    i.USB_ActivateSetup                      0x08004ba8   Section        0  stm32l4xx_ll_usb.o(i.USB_ActivateSetup)
    i.USB_CoreInit                           0x08004bc4   Section        0  stm32l4xx_ll_usb.o(i.USB_CoreInit)
    i.USB_CoreReset                          0x08004c24   Section        0  stm32l4xx_ll_usb.o(i.USB_CoreReset)
    USB_CoreReset                            0x08004c25   Thumb Code    50  stm32l4xx_ll_usb.o(i.USB_CoreReset)
    i.USB_DeactivateEndpoint                 0x08004c5c   Section        0  stm32l4xx_ll_usb.o(i.USB_DeactivateEndpoint)
    i.USB_DevConnect                         0x08004d28   Section        0  stm32l4xx_ll_usb.o(i.USB_DevConnect)
    i.USB_DevDisconnect                      0x08004d44   Section        0  stm32l4xx_ll_usb.o(i.USB_DevDisconnect)
    i.USB_DevInit                            0x08004d60   Section        0  stm32l4xx_ll_usb.o(i.USB_DevInit)
    i.USB_DisableGlobalInt                   0x08004eba   Section        0  stm32l4xx_ll_usb.o(i.USB_DisableGlobalInt)
    i.USB_EP0StartXfer                       0x08004ec8   Section        0  stm32l4xx_ll_usb.o(i.USB_EP0StartXfer)
    i.USB_EP0_OutStart                       0x08004fb4   Section        0  stm32l4xx_ll_usb.o(i.USB_EP0_OutStart)
    i.USB_EPClearStall                       0x08004ff8   Section        0  stm32l4xx_ll_usb.o(i.USB_EPClearStall)
    i.USB_EPSetStall                         0x08005050   Section        0  stm32l4xx_ll_usb.o(i.USB_EPSetStall)
    i.USB_EPStartXfer                        0x080050a8   Section        0  stm32l4xx_ll_usb.o(i.USB_EPStartXfer)
    i.USB_EnableGlobalInt                    0x0800523c   Section        0  stm32l4xx_ll_usb.o(i.USB_EnableGlobalInt)
    i.USB_FlushRxFifo                        0x08005248   Section        0  stm32l4xx_ll_usb.o(i.USB_FlushRxFifo)
    i.USB_FlushTxFifo                        0x08005268   Section        0  stm32l4xx_ll_usb.o(i.USB_FlushTxFifo)
    i.USB_GetDevSpeed                        0x0800528c   Section        0  stm32l4xx_ll_usb.o(i.USB_GetDevSpeed)
    i.USB_GetMode                            0x080052a4   Section        0  stm32l4xx_ll_usb.o(i.USB_GetMode)
    i.USB_ReadDevAllInEpInterrupt            0x080052ac   Section        0  stm32l4xx_ll_usb.o(i.USB_ReadDevAllInEpInterrupt)
    i.USB_ReadDevAllOutEpInterrupt           0x080052ba   Section        0  stm32l4xx_ll_usb.o(i.USB_ReadDevAllOutEpInterrupt)
    i.USB_ReadDevInEPInterrupt               0x080052c8   Section        0  stm32l4xx_ll_usb.o(i.USB_ReadDevInEPInterrupt)
    i.USB_ReadDevOutEPInterrupt              0x080052ec   Section        0  stm32l4xx_ll_usb.o(i.USB_ReadDevOutEPInterrupt)
    i.USB_ReadInterrupts                     0x080052fc   Section        0  stm32l4xx_ll_usb.o(i.USB_ReadInterrupts)
    i.USB_ReadPacket                         0x08005304   Section        0  stm32l4xx_ll_usb.o(i.USB_ReadPacket)
    i.USB_SetCurrentMode                     0x08005320   Section        0  stm32l4xx_ll_usb.o(i.USB_SetCurrentMode)
    i.USB_SetDevAddress                      0x0800534e   Section        0  stm32l4xx_ll_usb.o(i.USB_SetDevAddress)
    i.USB_SetTurnaroundTime                  0x08005370   Section        0  stm32l4xx_ll_usb.o(i.USB_SetTurnaroundTime)
    i.USB_WritePacket                        0x08005458   Section        0  stm32l4xx_ll_usb.o(i.USB_WritePacket)
    i.UltravioletRay_Init                    0x08005478   Section        0  ultravioletray.o(i.UltravioletRay_Init)
    i.UsageFault_Handler                     0x08005498   Section        0  stm32l4xx_it.o(i.UsageFault_Handler)
    i.__NVIC_SetPriority                     0x0800549a   Section        0  stm32l4xx_hal_cortex.o(i.__NVIC_SetPriority)
    __NVIC_SetPriority                       0x0800549b   Thumb Code    32  stm32l4xx_hal_cortex.o(i.__NVIC_SetPriority)
    i.__scatterload_copy                     0x080054ba   Section       14  handlers.o(i.__scatterload_copy)
    i.__scatterload_null                     0x080054c8   Section        2  handlers.o(i.__scatterload_null)
    i.__scatterload_zeroinit                 0x080054ca   Section       14  handlers.o(i.__scatterload_zeroinit)
    i.free                                   0x080054d8   Section        0  malloc.o(i.free)
    i.main                                   0x08005528   Section        0  main.o(i.main)
    i.malloc                                 0x08005570   Section        0  malloc.o(i.malloc)
    .constdata                               0x080055dc   Section       64  system_stm32l4xx.o(.constdata)
    .constdata                               0x0800561c   Section        8  system_stm32l4xx.o(.constdata)
    .data                                    0x20000000   Section       28  usbd_desc.o(.data)
    .data                                    0x2000001c   Section       50  usbd_desc.o(.data)
    .data                                    0x20000050   Section       20  usbd_cdc_if.o(.data)
    .data                                    0x20000064   Section       12  stm32l4xx_hal.o(.data)
    .data                                    0x20000070   Section        4  system_stm32l4xx.o(.data)
    .data                                    0x20000074   Section        1  usbd_ctlreq.o(.data)
    cfgidx                                   0x20000074   Data           1  usbd_ctlreq.o(.data)
    .data                                    0x20000078   Section      215  usbd_cdc.o(.data)
    USBD_CDC_DeviceQualifierDesc             0x20000078   Data          10  usbd_cdc.o(.data)
    USBD_CDC_CfgHSDesc                       0x20000084   Data          67  usbd_cdc.o(.data)
    USBD_CDC_CfgFSDesc                       0x200000c8   Data          67  usbd_cdc.o(.data)
    USBD_CDC_OtherSpeedCfgDesc               0x2000010c   Data          67  usbd_cdc.o(.data)
    .data                                    0x20000150   Section       56  usbd_cdc.o(.data)
    .data                                    0x20000188   Section        4  mvars.o(.data)
    .data                                    0x2000018c   Section        4  mvars.o(.data)
    .bss                                     0x20000190   Section      152  i2c.o(.bss)
    .bss                                     0x20000228   Section      640  usart.o(.bss)
    .bss                                     0x200004a8   Section      100  adc.o(.bss)
    .bss                                     0x2000050c   Section       14  noise.o(.bss)
    .bss                                     0x2000051a   Section       14  co2.o(.bss)
    .bss                                     0x20000528   Section       50  particulate_matter.o(.bss)
    .bss                                     0x2000055c   Section      720  usb_device.o(.bss)
    .bss                                     0x2000082c   Section      512  usbd_desc.o(.bss)
    .bss                                     0x20000a2c   Section     4096  usbd_cdc_if.o(.bss)
    .bss                                     0x20001a2c   Section     1576  usbd_conf.o(.bss)
    mem                                      0x20001a2c   Data         544  usbd_conf.o(.bss)
    HEAP                                     0x20002058   Section      512  startup_stm32l476xx.o(HEAP)
    STACK                                    0x20002258   Section     1024  startup_stm32l476xx.o(STACK)

    Global Symbols

    Symbol Name                              Value     Ov Type        Size  Object(Section)

    BuildAttributes$$THM_ISAv4$E$P$D$K$B$S$7EM$VFPi3$EXTD16$VFPS$VFMA$PE$A:L22UL41UL21$X:L11$S22US41US21$IEEE1$IW$USESV6$~STKCKD$USESV7$~SHL$OTIME$ROPI$EBA8$MICROLIB$REQ8$PRES8$EABIv2 0x00000000   Number         0  anon$$obj.o ABSOLUTE
    __ARM_use_no_argv                        0x00000000   Number         0  main.o ABSOLUTE
    _printf_a                                0x00000000   Number         0  stubs.o ABSOLUTE
    _printf_c                                0x00000000   Number         0  stubs.o ABSOLUTE
    _printf_charcount                        0x00000000   Number         0  stubs.o ABSOLUTE
    _printf_d                                0x00000000   Number         0  stubs.o ABSOLUTE
    _printf_e                                0x00000000   Number         0  stubs.o ABSOLUTE
    _printf_f                                0x00000000   Number         0  stubs.o ABSOLUTE
    _printf_flags                            0x00000000   Number         0  stubs.o ABSOLUTE
    _printf_fp_dec                           0x00000000   Number         0  stubs.o ABSOLUTE
    _printf_fp_hex                           0x00000000   Number         0  stubs.o ABSOLUTE
    _printf_g                                0x00000000   Number         0  stubs.o ABSOLUTE
    _printf_i                                0x00000000   Number         0  stubs.o ABSOLUTE
    _printf_int_dec                          0x00000000   Number         0  stubs.o ABSOLUTE
    _printf_l                                0x00000000   Number         0  stubs.o ABSOLUTE
    _printf_lc                               0x00000000   Number         0  stubs.o ABSOLUTE
    _printf_ll                               0x00000000   Number         0  stubs.o ABSOLUTE
    _printf_lld                              0x00000000   Number         0  stubs.o ABSOLUTE
    _printf_lli                              0x00000000   Number         0  stubs.o ABSOLUTE
    _printf_llo                              0x00000000   Number         0  stubs.o ABSOLUTE
    _printf_llu                              0x00000000   Number         0  stubs.o ABSOLUTE
    _printf_llx                              0x00000000   Number         0  stubs.o ABSOLUTE
    _printf_longlong_dec                     0x00000000   Number         0  stubs.o ABSOLUTE
    _printf_longlong_hex                     0x00000000   Number         0  stubs.o ABSOLUTE
    _printf_longlong_oct                     0x00000000   Number         0  stubs.o ABSOLUTE
    _printf_ls                               0x00000000   Number         0  stubs.o ABSOLUTE
    _printf_mbtowc                           0x00000000   Number         0  stubs.o ABSOLUTE
    _printf_n                                0x00000000   Number         0  stubs.o ABSOLUTE
    _printf_o                                0x00000000   Number         0  stubs.o ABSOLUTE
    _printf_p                                0x00000000   Number         0  stubs.o ABSOLUTE
    _printf_percent                          0x00000000   Number         0  stubs.o ABSOLUTE
    _printf_pre_padding                      0x00000000   Number         0  stubs.o ABSOLUTE
    _printf_return_value                     0x00000000   Number         0  stubs.o ABSOLUTE
    _printf_s                                0x00000000   Number         0  stubs.o ABSOLUTE
    _printf_sizespec                         0x00000000   Number         0  stubs.o ABSOLUTE
    _printf_str                              0x00000000   Number         0  stubs.o ABSOLUTE
    _printf_truncate_signed                  0x00000000   Number         0  stubs.o ABSOLUTE
    _printf_truncate_unsigned                0x00000000   Number         0  stubs.o ABSOLUTE
    _printf_u                                0x00000000   Number         0  stubs.o ABSOLUTE
    _printf_wc                               0x00000000   Number         0  stubs.o ABSOLUTE
    _printf_wctomb                           0x00000000   Number         0  stubs.o ABSOLUTE
    _printf_widthprec                        0x00000000   Number         0  stubs.o ABSOLUTE
    _printf_x                                0x00000000   Number         0  stubs.o ABSOLUTE
    __cpp_initialize__aeabi_                  - Undefined Weak Reference
    __cxa_finalize                            - Undefined Weak Reference
    _clock_init                               - Undefined Weak Reference
    _microlib_exit                            - Undefined Weak Reference
    __Vectors_Size                           0x00000188   Number         0  startup_stm32l476xx.o ABSOLUTE
    __Vectors                                0x08000000   Data           4  startup_stm32l476xx.o(RESET)
    __Vectors_End                            0x08000188   Data           0  startup_stm32l476xx.o(RESET)
    __main                                   0x08000189   Thumb Code     0  entry.o(.ARM.Collect$$$$00000000)
    _main_stk                                0x08000189   Thumb Code     0  entry2.o(.ARM.Collect$$$$00000001)
    _main_scatterload                        0x0800018d   Thumb Code     0  entry5.o(.ARM.Collect$$$$00000004)
    __main_after_scatterload                 0x08000191   Thumb Code     0  entry5.o(.ARM.Collect$$$$00000004)
    _main_clock                              0x08000191   Thumb Code     0  entry7b.o(.ARM.Collect$$$$00000008)
    _main_cpp_init                           0x08000191   Thumb Code     0  entry8b.o(.ARM.Collect$$$$0000000A)
    _main_init                               0x08000191   Thumb Code     0  entry9a.o(.ARM.Collect$$$$0000000B)
    __rt_final_cpp                           0x08000199   Thumb Code     0  entry10a.o(.ARM.Collect$$$$0000000D)
    __rt_final_exit                          0x08000199   Thumb Code     0  entry11a.o(.ARM.Collect$$$$0000000F)
    Reset_Handler                            0x0800019d   Thumb Code     8  startup_stm32l476xx.o(.text)
    ADC1_2_IRQHandler                        0x080001b7   Thumb Code     0  startup_stm32l476xx.o(.text)
    ADC3_IRQHandler                          0x080001b7   Thumb Code     0  startup_stm32l476xx.o(.text)
    CAN1_RX0_IRQHandler                      0x080001b7   Thumb Code     0  startup_stm32l476xx.o(.text)
    CAN1_RX1_IRQHandler                      0x080001b7   Thumb Code     0  startup_stm32l476xx.o(.text)
    CAN1_SCE_IRQHandler                      0x080001b7   Thumb Code     0  startup_stm32l476xx.o(.text)
    CAN1_TX_IRQHandler                       0x080001b7   Thumb Code     0  startup_stm32l476xx.o(.text)
    COMP_IRQHandler                          0x080001b7   Thumb Code     0  startup_stm32l476xx.o(.text)
    DFSDM1_FLT0_IRQHandler                   0x080001b7   Thumb Code     0  startup_stm32l476xx.o(.text)
    DFSDM1_FLT1_IRQHandler                   0x080001b7   Thumb Code     0  startup_stm32l476xx.o(.text)
    DFSDM1_FLT2_IRQHandler                   0x080001b7   Thumb Code     0  startup_stm32l476xx.o(.text)
    DFSDM1_FLT3_IRQHandler                   0x080001b7   Thumb Code     0  startup_stm32l476xx.o(.text)
    DMA1_Channel1_IRQHandler                 0x080001b7   Thumb Code     0  startup_stm32l476xx.o(.text)
    DMA1_Channel2_IRQHandler                 0x080001b7   Thumb Code     0  startup_stm32l476xx.o(.text)
    DMA1_Channel3_IRQHandler                 0x080001b7   Thumb Code     0  startup_stm32l476xx.o(.text)
    DMA1_Channel4_IRQHandler                 0x080001b7   Thumb Code     0  startup_stm32l476xx.o(.text)
    DMA1_Channel5_IRQHandler                 0x080001b7   Thumb Code     0  startup_stm32l476xx.o(.text)
    DMA1_Channel6_IRQHandler                 0x080001b7   Thumb Code     0  startup_stm32l476xx.o(.text)
    DMA1_Channel7_IRQHandler                 0x080001b7   Thumb Code     0  startup_stm32l476xx.o(.text)
    DMA2_Channel1_IRQHandler                 0x080001b7   Thumb Code     0  startup_stm32l476xx.o(.text)
    DMA2_Channel2_IRQHandler                 0x080001b7   Thumb Code     0  startup_stm32l476xx.o(.text)
    DMA2_Channel3_IRQHandler                 0x080001b7   Thumb Code     0  startup_stm32l476xx.o(.text)
    DMA2_Channel4_IRQHandler                 0x080001b7   Thumb Code     0  startup_stm32l476xx.o(.text)
    DMA2_Channel5_IRQHandler                 0x080001b7   Thumb Code     0  startup_stm32l476xx.o(.text)
    DMA2_Channel6_IRQHandler                 0x080001b7   Thumb Code     0  startup_stm32l476xx.o(.text)
    DMA2_Channel7_IRQHandler                 0x080001b7   Thumb Code     0  startup_stm32l476xx.o(.text)
    EXTI0_IRQHandler                         0x080001b7   Thumb Code     0  startup_stm32l476xx.o(.text)
    EXTI15_10_IRQHandler                     0x080001b7   Thumb Code     0  startup_stm32l476xx.o(.text)
    EXTI1_IRQHandler                         0x080001b7   Thumb Code     0  startup_stm32l476xx.o(.text)
    EXTI2_IRQHandler                         0x080001b7   Thumb Code     0  startup_stm32l476xx.o(.text)
    EXTI3_IRQHandler                         0x080001b7   Thumb Code     0  startup_stm32l476xx.o(.text)
    EXTI4_IRQHandler                         0x080001b7   Thumb Code     0  startup_stm32l476xx.o(.text)
    EXTI9_5_IRQHandler                       0x080001b7   Thumb Code     0  startup_stm32l476xx.o(.text)
    FLASH_IRQHandler                         0x080001b7   Thumb Code     0  startup_stm32l476xx.o(.text)
    FMC_IRQHandler                           0x080001b7   Thumb Code     0  startup_stm32l476xx.o(.text)
    FPU_IRQHandler                           0x080001b7   Thumb Code     0  startup_stm32l476xx.o(.text)
    I2C1_ER_IRQHandler                       0x080001b7   Thumb Code     0  startup_stm32l476xx.o(.text)
    I2C2_ER_IRQHandler                       0x080001b7   Thumb Code     0  startup_stm32l476xx.o(.text)
    I2C3_ER_IRQHandler                       0x080001b7   Thumb Code     0  startup_stm32l476xx.o(.text)
    I2C3_EV_IRQHandler                       0x080001b7   Thumb Code     0  startup_stm32l476xx.o(.text)
    LCD_IRQHandler                           0x080001b7   Thumb Code     0  startup_stm32l476xx.o(.text)
    LPTIM1_IRQHandler                        0x080001b7   Thumb Code     0  startup_stm32l476xx.o(.text)
    LPTIM2_IRQHandler                        0x080001b7   Thumb Code     0  startup_stm32l476xx.o(.text)
    LPUART1_IRQHandler                       0x080001b7   Thumb Code     0  startup_stm32l476xx.o(.text)
    PVD_PVM_IRQHandler                       0x080001b7   Thumb Code     0  startup_stm32l476xx.o(.text)
    QUADSPI_IRQHandler                       0x080001b7   Thumb Code     0  startup_stm32l476xx.o(.text)
    RCC_IRQHandler                           0x080001b7   Thumb Code     0  startup_stm32l476xx.o(.text)
    RNG_IRQHandler                           0x080001b7   Thumb Code     0  startup_stm32l476xx.o(.text)
    RTC_Alarm_IRQHandler                     0x080001b7   Thumb Code     0  startup_stm32l476xx.o(.text)
    RTC_WKUP_IRQHandler                      0x080001b7   Thumb Code     0  startup_stm32l476xx.o(.text)
    SAI1_IRQHandler                          0x080001b7   Thumb Code     0  startup_stm32l476xx.o(.text)
    SAI2_IRQHandler                          0x080001b7   Thumb Code     0  startup_stm32l476xx.o(.text)
    SDMMC1_IRQHandler                        0x080001b7   Thumb Code     0  startup_stm32l476xx.o(.text)
    SPI1_IRQHandler                          0x080001b7   Thumb Code     0  startup_stm32l476xx.o(.text)
    SPI2_IRQHandler                          0x080001b7   Thumb Code     0  startup_stm32l476xx.o(.text)
    SPI3_IRQHandler                          0x080001b7   Thumb Code     0  startup_stm32l476xx.o(.text)
    SWPMI1_IRQHandler                        0x080001b7   Thumb Code     0  startup_stm32l476xx.o(.text)
    TAMP_STAMP_IRQHandler                    0x080001b7   Thumb Code     0  startup_stm32l476xx.o(.text)
    TIM1_BRK_TIM15_IRQHandler                0x080001b7   Thumb Code     0  startup_stm32l476xx.o(.text)
    TIM1_CC_IRQHandler                       0x080001b7   Thumb Code     0  startup_stm32l476xx.o(.text)
    TIM1_TRG_COM_TIM17_IRQHandler            0x080001b7   Thumb Code     0  startup_stm32l476xx.o(.text)
    TIM1_UP_TIM16_IRQHandler                 0x080001b7   Thumb Code     0  startup_stm32l476xx.o(.text)
    TIM2_IRQHandler                          0x080001b7   Thumb Code     0  startup_stm32l476xx.o(.text)
    TIM3_IRQHandler                          0x080001b7   Thumb Code     0  startup_stm32l476xx.o(.text)
    TIM4_IRQHandler                          0x080001b7   Thumb Code     0  startup_stm32l476xx.o(.text)
    TIM5_IRQHandler                          0x080001b7   Thumb Code     0  startup_stm32l476xx.o(.text)
    TIM6_DAC_IRQHandler                      0x080001b7   Thumb Code     0  startup_stm32l476xx.o(.text)
    TIM7_IRQHandler                          0x080001b7   Thumb Code     0  startup_stm32l476xx.o(.text)
    TIM8_BRK_IRQHandler                      0x080001b7   Thumb Code     0  startup_stm32l476xx.o(.text)
    TIM8_CC_IRQHandler                       0x080001b7   Thumb Code     0  startup_stm32l476xx.o(.text)
    TIM8_TRG_COM_IRQHandler                  0x080001b7   Thumb Code     0  startup_stm32l476xx.o(.text)
    TIM8_UP_IRQHandler                       0x080001b7   Thumb Code     0  startup_stm32l476xx.o(.text)
    TSC_IRQHandler                           0x080001b7   Thumb Code     0  startup_stm32l476xx.o(.text)
    WWDG_IRQHandler                          0x080001b7   Thumb Code     0  startup_stm32l476xx.o(.text)
    __aeabi_uldivmod                         0x080001c1   Thumb Code    98  uldiv.o(.text)
    __aeabi_memcpy                           0x08000229   Thumb Code    36  memcpya.o(.text)
    __aeabi_memcpy4                          0x08000229   Thumb Code     0  memcpya.o(.text)
    __aeabi_memcpy8                          0x08000229   Thumb Code     0  memcpya.o(.text)
    __aeabi_memset                           0x0800024d   Thumb Code    14  memseta.o(.text)
    __aeabi_memset4                          0x0800024d   Thumb Code     0  memseta.o(.text)
    __aeabi_memset8                          0x0800024d   Thumb Code     0  memseta.o(.text)
    __aeabi_memclr                           0x0800025b   Thumb Code     4  memseta.o(.text)
    __aeabi_memclr4                          0x0800025b   Thumb Code     0  memseta.o(.text)
    __aeabi_memclr8                          0x0800025b   Thumb Code     0  memseta.o(.text)
    _memset$wrapper                          0x0800025f   Thumb Code    18  memseta.o(.text)
    __aeabi_llsl                             0x08000271   Thumb Code    30  llshl.o(.text)
    _ll_shift_l                              0x08000271   Thumb Code     0  llshl.o(.text)
    __aeabi_llsr                             0x0800028f   Thumb Code    32  llushr.o(.text)
    _ll_ushift_r                             0x0800028f   Thumb Code     0  llushr.o(.text)
    __scatterload                            0x080002b1   Thumb Code    28  init.o(.text)
    __scatterload_rt2                        0x080002b1   Thumb Code     0  init.o(.text)
    __decompress                             0x080002d5   Thumb Code     0  __dczerorl2.o(.text)
    __decompress1                            0x080002d5   Thumb Code    86  __dczerorl2.o(.text)
    BusFault_Handler                         0x0800032b   Thumb Code     2  stm32l4xx_it.o(i.BusFault_Handler)
    DebugMon_Handler                         0x08000375   Thumb Code     2  stm32l4xx_it.o(i.DebugMon_Handler)
    Error_Handler                            0x08000377   Thumb Code     2  main.o(i.Error_Handler)
    HAL_ADCEx_MultiModeConfigChannel         0x08000379   Thumb Code   222  stm32l4xx_hal_adc_ex.o(i.HAL_ADCEx_MultiModeConfigChannel)
    HAL_ADC_ConfigChannel                    0x08000469   Thumb Code   968  stm32l4xx_hal_adc.o(i.HAL_ADC_ConfigChannel)
    HAL_ADC_Init                             0x08000869   Thumb Code   416  stm32l4xx_hal_adc.o(i.HAL_ADC_Init)
    HAL_ADC_MspInit                          0x08000a31   Thumb Code    80  adc.o(i.HAL_ADC_MspInit)
    HAL_DMA_Abort_IT                         0x08000a8d   Thumb Code    78  stm32l4xx_hal_dma.o(i.HAL_DMA_Abort_IT)
    HAL_Delay                                0x08000add   Thumb Code    32  stm32l4xx_hal.o(i.HAL_Delay)
    HAL_GPIO_Init                            0x08000b01   Thumb Code   570  stm32l4xx_hal_gpio.o(i.HAL_GPIO_Init)
    HAL_GPIO_WritePin                        0x08000d67   Thumb Code    10  stm32l4xx_hal_gpio.o(i.HAL_GPIO_WritePin)
    HAL_GetTick                              0x08000d71   Thumb Code     6  stm32l4xx_hal.o(i.HAL_GetTick)
    HAL_I2CEx_ConfigAnalogFilter             0x08000d7d   Thumb Code    86  stm32l4xx_hal_i2c_ex.o(i.HAL_I2CEx_ConfigAnalogFilter)
    HAL_I2CEx_ConfigDigitalFilter            0x08000dd3   Thumb Code    82  stm32l4xx_hal_i2c_ex.o(i.HAL_I2CEx_ConfigDigitalFilter)
    HAL_I2C_EV_IRQHandler                    0x08000e25   Thumb Code    16  stm32l4xx_hal_i2c.o(i.HAL_I2C_EV_IRQHandler)
    HAL_I2C_Init                             0x08000e35   Thumb Code   178  stm32l4xx_hal_i2c.o(i.HAL_I2C_Init)
    HAL_I2C_Master_Transmit                  0x08000eed   Thumb Code   282  stm32l4xx_hal_i2c.o(i.HAL_I2C_Master_Transmit)
    HAL_I2C_MspInit                          0x08001019   Thumb Code   172  i2c.o(i.HAL_I2C_MspInit)
    HAL_IncTick                              0x080010d5   Thumb Code    12  stm32l4xx_hal.o(i.HAL_IncTick)
    HAL_Init                                 0x080010e5   Thumb Code    30  stm32l4xx_hal.o(i.HAL_Init)
    HAL_InitTick                             0x08001105   Thumb Code    58  stm32l4xx_hal.o(i.HAL_InitTick)
    HAL_MspInit                              0x08001149   Thumb Code    38  stm32l4xx_hal_msp.o(i.HAL_MspInit)
    HAL_NVIC_EnableIRQ                       0x08001175   Thumb Code    26  stm32l4xx_hal_cortex.o(i.HAL_NVIC_EnableIRQ)
    HAL_NVIC_SetPriority                     0x08001191   Thumb Code    60  stm32l4xx_hal_cortex.o(i.HAL_NVIC_SetPriority)
    HAL_NVIC_SetPriorityGrouping             0x080011d1   Thumb Code    26  stm32l4xx_hal_cortex.o(i.HAL_NVIC_SetPriorityGrouping)
    HAL_PCDEx_ActivateLPM                    0x080011f5   Thumb Code    34  stm32l4xx_hal_pcd_ex.o(i.HAL_PCDEx_ActivateLPM)
    HAL_PCDEx_LPM_Callback                   0x0800121d   Thumb Code    92  usbd_conf.o(i.HAL_PCDEx_LPM_Callback)
    HAL_PCDEx_SetRxFiFo                      0x0800127d   Thumb Code     8  stm32l4xx_hal_pcd_ex.o(i.HAL_PCDEx_SetRxFiFo)
    HAL_PCDEx_SetTxFiFo                      0x08001285   Thumb Code    68  stm32l4xx_hal_pcd_ex.o(i.HAL_PCDEx_SetTxFiFo)
    HAL_PCD_ConnectCallback                  0x080012c9   Thumb Code     8  usbd_conf.o(i.HAL_PCD_ConnectCallback)
    HAL_PCD_DataInStageCallback              0x080012d1   Thumb Code    18  usbd_conf.o(i.HAL_PCD_DataInStageCallback)
    HAL_PCD_DataOutStageCallback             0x080012e3   Thumb Code    20  usbd_conf.o(i.HAL_PCD_DataOutStageCallback)
    HAL_PCD_DisconnectCallback               0x080012f7   Thumb Code     8  usbd_conf.o(i.HAL_PCD_DisconnectCallback)
    HAL_PCD_EP_Close                         0x080012ff   Thumb Code    76  stm32l4xx_hal_pcd.o(i.HAL_PCD_EP_Close)
    HAL_PCD_EP_ClrStall                      0x0800134b   Thumb Code    92  stm32l4xx_hal_pcd.o(i.HAL_PCD_EP_ClrStall)
    HAL_PCD_EP_GetRxCount                    0x080013a7   Thumb Code    18  stm32l4xx_hal_pcd.o(i.HAL_PCD_EP_GetRxCount)
    HAL_PCD_EP_Open                          0x080013b9   Thumb Code    96  stm32l4xx_hal_pcd.o(i.HAL_PCD_EP_Open)
    HAL_PCD_EP_Receive                       0x08001419   Thumb Code    58  stm32l4xx_hal_pcd.o(i.HAL_PCD_EP_Receive)
    HAL_PCD_EP_SetStall                      0x08001453   Thumb Code   114  stm32l4xx_hal_pcd.o(i.HAL_PCD_EP_SetStall)
    HAL_PCD_EP_Transmit                      0x080014c5   Thumb Code    54  stm32l4xx_hal_pcd.o(i.HAL_PCD_EP_Transmit)
    HAL_PCD_IRQHandler                       0x080014fd   Thumb Code  1102  stm32l4xx_hal_pcd.o(i.HAL_PCD_IRQHandler)
    HAL_PCD_ISOINIncompleteCallback          0x0800195b   Thumb Code     8  usbd_conf.o(i.HAL_PCD_ISOINIncompleteCallback)
    HAL_PCD_ISOOUTIncompleteCallback         0x08001963   Thumb Code     8  usbd_conf.o(i.HAL_PCD_ISOOUTIncompleteCallback)
    HAL_PCD_Init                             0x0800196b   Thumb Code   238  stm32l4xx_hal_pcd.o(i.HAL_PCD_Init)
    HAL_PCD_MspInit                          0x08001a59   Thumb Code   148  usbd_conf.o(i.HAL_PCD_MspInit)
    HAL_PCD_ResetCallback                    0x08001af1   Thumb Code    38  usbd_conf.o(i.HAL_PCD_ResetCallback)
    HAL_PCD_ResumeCallback                   0x08001b19   Thumb Code    48  usbd_conf.o(i.HAL_PCD_ResumeCallback)
    HAL_PCD_SOFCallback                      0x08001b4d   Thumb Code     8  usbd_conf.o(i.HAL_PCD_SOFCallback)
    HAL_PCD_SetAddress                       0x08001b55   Thumb Code    40  stm32l4xx_hal_pcd.o(i.HAL_PCD_SetAddress)
    HAL_PCD_SetupStageCallback               0x08001b7d   Thumb Code    14  usbd_conf.o(i.HAL_PCD_SetupStageCallback)
    HAL_PCD_Start                            0x08001b8b   Thumb Code    60  stm32l4xx_hal_pcd.o(i.HAL_PCD_Start)
    HAL_PCD_SuspendCallback                  0x08001bc9   Thumb Code    44  usbd_conf.o(i.HAL_PCD_SuspendCallback)
    HAL_PWREx_ControlVoltageScaling          0x08001bf9   Thumb Code    90  stm32l4xx_hal_pwr_ex.o(i.HAL_PWREx_ControlVoltageScaling)
    HAL_PWREx_EnableVddIO2                   0x08001c61   Thumb Code    12  stm32l4xx_hal_pwr_ex.o(i.HAL_PWREx_EnableVddIO2)
    HAL_PWREx_EnableVddUSB                   0x08001c71   Thumb Code    12  stm32l4xx_hal_pwr_ex.o(i.HAL_PWREx_EnableVddUSB)
    HAL_PWREx_GetVoltageRange                0x08001c81   Thumb Code    10  stm32l4xx_hal_pwr_ex.o(i.HAL_PWREx_GetVoltageRange)
    HAL_PWR_EnableBkUpAccess                 0x08001c91   Thumb Code    12  stm32l4xx_hal_pwr.o(i.HAL_PWR_EnableBkUpAccess)
    HAL_RCCEx_EnableMSIPLLMode               0x08001ca1   Thumb Code    12  stm32l4xx_hal_rcc_ex.o(i.HAL_RCCEx_EnableMSIPLLMode)
    HAL_RCCEx_PeriphCLKConfig                0x08001cb1   Thumb Code   928  stm32l4xx_hal_rcc_ex.o(i.HAL_RCCEx_PeriphCLKConfig)
    HAL_RCC_ClockConfig                      0x08002061   Thumb Code   266  stm32l4xx_hal_rcc.o(i.HAL_RCC_ClockConfig)
    HAL_RCC_GetHCLKFreq                      0x08002181   Thumb Code     6  stm32l4xx_hal_rcc.o(i.HAL_RCC_GetHCLKFreq)
    HAL_RCC_GetPCLK1Freq                     0x0800218d   Thumb Code    24  stm32l4xx_hal_rcc.o(i.HAL_RCC_GetPCLK1Freq)
    HAL_RCC_GetPCLK2Freq                     0x080021b1   Thumb Code    24  stm32l4xx_hal_rcc.o(i.HAL_RCC_GetPCLK2Freq)
    HAL_RCC_GetSysClockFreq                  0x080021d5   Thumb Code   150  stm32l4xx_hal_rcc.o(i.HAL_RCC_GetSysClockFreq)
    HAL_RCC_OscConfig                        0x08002279   Thumb Code  1310  stm32l4xx_hal_rcc.o(i.HAL_RCC_OscConfig)
    HAL_SYSTICK_Config                       0x080027a1   Thumb Code    40  stm32l4xx_hal_cortex.o(i.HAL_SYSTICK_Config)
    HAL_UARTEx_WakeupCallback                0x080027c9   Thumb Code     2  stm32l4xx_hal_uart_ex.o(i.HAL_UARTEx_WakeupCallback)
    HAL_UART_ErrorCallback                   0x080027cb   Thumb Code     2  stm32l4xx_hal_uart.o(i.HAL_UART_ErrorCallback)
    HAL_UART_IRQHandler                      0x080027cd   Thumb Code   348  stm32l4xx_hal_uart.o(i.HAL_UART_IRQHandler)
    HAL_UART_Init                            0x08002931   Thumb Code   102  stm32l4xx_hal_uart.o(i.HAL_UART_Init)
    HAL_UART_MspInit                         0x08002999   Thumb Code   412  usart.o(i.HAL_UART_MspInit)
    HAL_UART_Receive_IT                      0x08002b55   Thumb Code   164  stm32l4xx_hal_uart.o(i.HAL_UART_Receive_IT)
    HAL_UART_RxCpltCallback                  0x08002c01   Thumb Code     2  stm32l4xx_hal_uart.o(i.HAL_UART_RxCpltCallback)
    HAL_UART_TxCpltCallback                  0x08002c03   Thumb Code     2  stm32l4xx_hal_uart.o(i.HAL_UART_TxCpltCallback)
    HardFault_Handler                        0x08002c05   Thumb Code     2  stm32l4xx_it.o(i.HardFault_Handler)
    I2C1_EV_IRQHandler                       0x08002c09   Thumb Code     6  stm32l4xx_it.o(i.I2C1_EV_IRQHandler)
    I2C2_EV_IRQHandler                       0x08002c15   Thumb Code     6  stm32l4xx_it.o(i.I2C2_EV_IRQHandler)
    Init_BH1750                              0x08002de9   Thumb Code    26  tem_hum_lux.o(i.Init_BH1750)
    Init_SHT30                               0x08002e09   Thumb Code    26  tem_hum_lux.o(i.Init_SHT30)
    Init_Tem_Hum_Ill_Sensor                  0x08002e2d   Thumb Code    14  tem_hum_lux.o(i.Init_Tem_Hum_Ill_Sensor)
    MX_ADC1_Init                             0x08002ec9   Thumb Code   128  adc.o(i.MX_ADC1_Init)
    MX_GPIO_Init                             0x08002f55   Thumb Code   604  gpio.o(i.MX_GPIO_Init)
    MX_I2C1_Init                             0x080031c5   Thumb Code    76  i2c.o(i.MX_I2C1_Init)
    MX_I2C2_Init                             0x0800321d   Thumb Code    76  i2c.o(i.MX_I2C2_Init)
    MX_UART4_Init                            0x08003275   Thumb Code    52  usart.o(i.MX_UART4_Init)
    MX_UART5_Init                            0x080032b1   Thumb Code    52  usart.o(i.MX_UART5_Init)
    MX_USART1_UART_Init                      0x080032ed   Thumb Code    52  usart.o(i.MX_USART1_UART_Init)
    MX_USART2_UART_Init                      0x08003329   Thumb Code    58  usart.o(i.MX_USART2_UART_Init)
    MX_USART3_UART_Init                      0x0800336d   Thumb Code    52  usart.o(i.MX_USART3_UART_Init)
    MX_USB_DEVICE_Init                       0x080033a9   Thumb Code    66  usb_device.o(i.MX_USB_DEVICE_Init)
    MemManage_Handler                        0x080033fd   Thumb Code     2  stm32l4xx_it.o(i.MemManage_Handler)
    NMI_Handler                              0x080033ff   Thumb Code     2  stm32l4xx_it.o(i.NMI_Handler)
    OTG_FS_IRQHandler                        0x08003401   Thumb Code     6  stm32l4xx_it.o(i.OTG_FS_IRQHandler)
    PendSV_Handler                           0x080034a5   Thumb Code     2  stm32l4xx_it.o(i.PendSV_Handler)
    SVC_Handler                              0x08003759   Thumb Code     2  stm32l4xx_it.o(i.SVC_Handler)
    Sensor_Co2_Init                          0x08003765   Thumb Code    20  co2.o(i.Sensor_Co2_Init)
    Sensor_Noise_Init                        0x08003781   Thumb Code    20  noise.o(i.Sensor_Noise_Init)
    Sensor_PM_Init                           0x0800379d   Thumb Code    20  particulate_matter.o(i.Sensor_PM_Init)
    SysTick_Handler                          0x080037b9   Thumb Code     4  stm32l4xx_it.o(i.SysTick_Handler)
    SystemClock_Config                       0x080037bd   Thumb Code   174  main.o(i.SystemClock_Config)
    SystemInit                               0x08003871   Thumb Code    56  system_stm32l4xx.o(i.SystemInit)
    UART4_IRQHandler                         0x080038b5   Thumb Code     6  stm32l4xx_it.o(i.UART4_IRQHandler)
    UART5_IRQHandler                         0x080038c1   Thumb Code     6  stm32l4xx_it.o(i.UART5_IRQHandler)
    UART_AdvFeatureConfig                    0x080038cd   Thumb Code   200  stm32l4xx_hal_uart.o(i.UART_AdvFeatureConfig)
    UART_CheckIdleState                      0x08003995   Thumb Code    88  stm32l4xx_hal_uart.o(i.UART_CheckIdleState)
    UART_SetConfig                           0x08003ad5   Thumb Code   548  stm32l4xx_hal_uart.o(i.UART_SetConfig)
    UART_WaitOnFlagUntilTimeout              0x08003d21   Thumb Code   164  stm32l4xx_hal_uart.o(i.UART_WaitOnFlagUntilTimeout)
    USART1_IRQHandler                        0x08003dc5   Thumb Code     6  stm32l4xx_it.o(i.USART1_IRQHandler)
    USART2_IRQHandler                        0x08003dd1   Thumb Code     6  stm32l4xx_it.o(i.USART2_IRQHandler)
    USART3_IRQHandler                        0x08003ddd   Thumb Code     6  stm32l4xx_it.o(i.USART3_IRQHandler)
    USBD_CDC_GetDeviceQualifierDescriptor    0x08003ee1   Thumb Code     8  usbd_cdc.o(i.USBD_CDC_GetDeviceQualifierDescriptor)
    USBD_CDC_ReceivePacket                   0x08003fb3   Thumb Code    40  usbd_cdc.o(i.USBD_CDC_ReceivePacket)
    USBD_CDC_RegisterInterface               0x08003fdb   Thumb Code    14  usbd_cdc.o(i.USBD_CDC_RegisterInterface)
    USBD_CDC_SetRxBuffer                     0x08003fe9   Thumb Code    12  usbd_cdc.o(i.USBD_CDC_SetRxBuffer)
    USBD_CDC_SetTxBuffer                     0x08003ff5   Thumb Code    16  usbd_cdc.o(i.USBD_CDC_SetTxBuffer)
    USBD_ClrClassConfig                      0x080040b5   Thumb Code    16  usbd_core.o(i.USBD_ClrClassConfig)
    USBD_CtlContinueRx                       0x080040c5   Thumb Code    16  usbd_ioreq.o(i.USBD_CtlContinueRx)
    USBD_CtlContinueSendData                 0x080040d5   Thumb Code    16  usbd_ioreq.o(i.USBD_CtlContinueSendData)
    USBD_CtlError                            0x080040e5   Thumb Code    22  usbd_ctlreq.o(i.USBD_CtlError)
    USBD_CtlPrepareRx                        0x080040fb   Thumb Code    30  usbd_ioreq.o(i.USBD_CtlPrepareRx)
    USBD_CtlReceiveStatus                    0x08004119   Thumb Code    22  usbd_ioreq.o(i.USBD_CtlReceiveStatus)
    USBD_CtlSendData                         0x0800412f   Thumb Code    26  usbd_ioreq.o(i.USBD_CtlSendData)
    USBD_CtlSendStatus                       0x08004149   Thumb Code    22  usbd_ioreq.o(i.USBD_CtlSendStatus)
    USBD_FS_ConfigStrDescriptor              0x08004161   Thumb Code    16  usbd_desc.o(i.USBD_FS_ConfigStrDescriptor)
    USBD_FS_DeviceDescriptor                 0x08004181   Thumb Code     8  usbd_desc.o(i.USBD_FS_DeviceDescriptor)
    USBD_FS_InterfaceStrDescriptor           0x0800418d   Thumb Code    16  usbd_desc.o(i.USBD_FS_InterfaceStrDescriptor)
    USBD_FS_LangIDStrDescriptor              0x080041b1   Thumb Code     8  usbd_desc.o(i.USBD_FS_LangIDStrDescriptor)
    USBD_FS_ManufacturerStrDescriptor        0x080041bd   Thumb Code    16  usbd_desc.o(i.USBD_FS_ManufacturerStrDescriptor)
    USBD_FS_ProductStrDescriptor             0x080041e5   Thumb Code    16  usbd_desc.o(i.USBD_FS_ProductStrDescriptor)
    USBD_FS_SerialStrDescriptor              0x08004211   Thumb Code    48  usbd_desc.o(i.USBD_FS_SerialStrDescriptor)
    USBD_GetString                           0x0800432f   Thumb Code    72  usbd_ctlreq.o(i.USBD_GetString)
    USBD_Init                                0x08004377   Thumb Code    38  usbd_core.o(i.USBD_Init)
    USBD_LL_ClearStallEP                     0x0800439d   Thumb Code    32  usbd_conf.o(i.USBD_LL_ClearStallEP)
    USBD_LL_CloseEP                          0x080043bd   Thumb Code    32  usbd_conf.o(i.USBD_LL_CloseEP)
    USBD_LL_DataInStage                      0x080043dd   Thumb Code   170  usbd_core.o(i.USBD_LL_DataInStage)
    USBD_LL_DataOutStage                     0x08004487   Thumb Code   110  usbd_core.o(i.USBD_LL_DataOutStage)
    USBD_LL_DevConnected                     0x080044f5   Thumb Code     4  usbd_core.o(i.USBD_LL_DevConnected)
    USBD_LL_DevDisconnected                  0x080044f9   Thumb Code    24  usbd_core.o(i.USBD_LL_DevDisconnected)
    USBD_LL_GetRxDataSize                    0x08004511   Thumb Code     8  usbd_conf.o(i.USBD_LL_GetRxDataSize)
    USBD_LL_Init                             0x08004519   Thumb Code    90  usbd_conf.o(i.USBD_LL_Init)
    USBD_LL_IsStallEP                        0x08004579   Thumb Code    32  usbd_conf.o(i.USBD_LL_IsStallEP)
    USBD_LL_IsoINIncomplete                  0x08004599   Thumb Code     4  usbd_core.o(i.USBD_LL_IsoINIncomplete)
    USBD_LL_IsoOUTIncomplete                 0x0800459d   Thumb Code     4  usbd_core.o(i.USBD_LL_IsoOUTIncomplete)
    USBD_LL_OpenEP                           0x080045a1   Thumb Code    38  usbd_conf.o(i.USBD_LL_OpenEP)
    USBD_LL_PrepareReceive                   0x080045c7   Thumb Code    32  usbd_conf.o(i.USBD_LL_PrepareReceive)
    USBD_LL_Reset                            0x080045e7   Thumb Code    82  usbd_core.o(i.USBD_LL_Reset)
    USBD_LL_Resume                           0x08004639   Thumb Code    20  usbd_core.o(i.USBD_LL_Resume)
    USBD_LL_SOF                              0x0800464d   Thumb Code    24  usbd_core.o(i.USBD_LL_SOF)
    USBD_LL_SetSpeed                         0x08004665   Thumb Code     6  usbd_core.o(i.USBD_LL_SetSpeed)
    USBD_LL_SetUSBAddress                    0x0800466b   Thumb Code    32  usbd_conf.o(i.USBD_LL_SetUSBAddress)
    USBD_LL_SetupStage                       0x0800468b   Thumb Code    96  usbd_core.o(i.USBD_LL_SetupStage)
    USBD_LL_StallEP                          0x080046eb   Thumb Code    32  usbd_conf.o(i.USBD_LL_StallEP)
    USBD_LL_Start                            0x0800470b   Thumb Code    32  usbd_conf.o(i.USBD_LL_Start)
    USBD_LL_Suspend                          0x0800472b   Thumb Code    18  usbd_core.o(i.USBD_LL_Suspend)
    USBD_LL_Transmit                         0x0800473d   Thumb Code    32  usbd_conf.o(i.USBD_LL_Transmit)
    USBD_ParseSetupRequest                   0x0800475d   Thumb Code    44  usbd_ctlreq.o(i.USBD_ParseSetupRequest)
    USBD_RegisterClass                       0x08004789   Thumb Code    36  usbd_core.o(i.USBD_RegisterClass)
    USBD_SetClassConfig                      0x080047ad   Thumb Code    20  usbd_core.o(i.USBD_SetClassConfig)
    USBD_Start                               0x0800487d   Thumb Code     4  usbd_core.o(i.USBD_Start)
    USBD_StdDevReq                           0x08004881   Thumb Code   276  usbd_ctlreq.o(i.USBD_StdDevReq)
    USBD_StdEPReq                            0x08004995   Thumb Code   320  usbd_ctlreq.o(i.USBD_StdEPReq)
    USBD_StdItfReq                           0x08004ad5   Thumb Code    82  usbd_ctlreq.o(i.USBD_StdItfReq)
    USB_ActivateEndpoint                     0x08004b29   Thumb Code   122  stm32l4xx_ll_usb.o(i.USB_ActivateEndpoint)
    USB_ActivateSetup                        0x08004ba9   Thumb Code    28  stm32l4xx_ll_usb.o(i.USB_ActivateSetup)
    USB_CoreInit                             0x08004bc5   Thumb Code    92  stm32l4xx_ll_usb.o(i.USB_CoreInit)
    USB_DeactivateEndpoint                   0x08004c5d   Thumb Code   194  stm32l4xx_ll_usb.o(i.USB_DeactivateEndpoint)
    USB_DevConnect                           0x08004d29   Thumb Code    28  stm32l4xx_ll_usb.o(i.USB_DevConnect)
    USB_DevDisconnect                        0x08004d45   Thumb Code    28  stm32l4xx_ll_usb.o(i.USB_DevDisconnect)
    USB_DevInit                              0x08004d61   Thumb Code   330  stm32l4xx_ll_usb.o(i.USB_DevInit)
    USB_DisableGlobalInt                     0x08004ebb   Thumb Code    12  stm32l4xx_ll_usb.o(i.USB_DisableGlobalInt)
    USB_EP0StartXfer                         0x08004ec9   Thumb Code   232  stm32l4xx_ll_usb.o(i.USB_EP0StartXfer)
    USB_EP0_OutStart                         0x08004fb5   Thumb Code    62  stm32l4xx_ll_usb.o(i.USB_EP0_OutStart)
    USB_EPClearStall                         0x08004ff9   Thumb Code    88  stm32l4xx_ll_usb.o(i.USB_EPClearStall)
    USB_EPSetStall                           0x08005051   Thumb Code    88  stm32l4xx_ll_usb.o(i.USB_EPSetStall)
    USB_EPStartXfer                          0x080050a9   Thumb Code   400  stm32l4xx_ll_usb.o(i.USB_EPStartXfer)
    USB_EnableGlobalInt                      0x0800523d   Thumb Code    12  stm32l4xx_ll_usb.o(i.USB_EnableGlobalInt)
    USB_FlushRxFifo                          0x08005249   Thumb Code    28  stm32l4xx_ll_usb.o(i.USB_FlushRxFifo)
    USB_FlushTxFifo                          0x08005269   Thumb Code    32  stm32l4xx_ll_usb.o(i.USB_FlushTxFifo)
    USB_GetDevSpeed                          0x0800528d   Thumb Code    24  stm32l4xx_ll_usb.o(i.USB_GetDevSpeed)
    USB_GetMode                              0x080052a5   Thumb Code     8  stm32l4xx_ll_usb.o(i.USB_GetMode)
    USB_ReadDevAllInEpInterrupt              0x080052ad   Thumb Code    14  stm32l4xx_ll_usb.o(i.USB_ReadDevAllInEpInterrupt)
    USB_ReadDevAllOutEpInterrupt             0x080052bb   Thumb Code    14  stm32l4xx_ll_usb.o(i.USB_ReadDevAllOutEpInterrupt)
    USB_ReadDevInEPInterrupt                 0x080052c9   Thumb Code    36  stm32l4xx_ll_usb.o(i.USB_ReadDevInEPInterrupt)
    USB_ReadDevOutEPInterrupt                0x080052ed   Thumb Code    16  stm32l4xx_ll_usb.o(i.USB_ReadDevOutEPInterrupt)
    USB_ReadInterrupts                       0x080052fd   Thumb Code     8  stm32l4xx_ll_usb.o(i.USB_ReadInterrupts)
    USB_ReadPacket                           0x08005305   Thumb Code    28  stm32l4xx_ll_usb.o(i.USB_ReadPacket)
    USB_SetCurrentMode                       0x08005321   Thumb Code    46  stm32l4xx_ll_usb.o(i.USB_SetCurrentMode)
    USB_SetDevAddress                        0x0800534f   Thumb Code    34  stm32l4xx_ll_usb.o(i.USB_SetDevAddress)
    USB_SetTurnaroundTime                    0x08005371   Thumb Code   158  stm32l4xx_ll_usb.o(i.USB_SetTurnaroundTime)
    USB_WritePacket                          0x08005459   Thumb Code    32  stm32l4xx_ll_usb.o(i.USB_WritePacket)
    UltravioletRay_Init                      0x08005479   Thumb Code    26  ultravioletray.o(i.UltravioletRay_Init)
    UsageFault_Handler                       0x08005499   Thumb Code     2  stm32l4xx_it.o(i.UsageFault_Handler)
    __scatterload_copy                       0x080054bb   Thumb Code    14  handlers.o(i.__scatterload_copy)
    __scatterload_null                       0x080054c9   Thumb Code     2  handlers.o(i.__scatterload_null)
    __scatterload_zeroinit                   0x080054cb   Thumb Code    14  handlers.o(i.__scatterload_zeroinit)
    free                                     0x080054d9   Thumb Code    76  malloc.o(i.free)
    main                                     0x08005529   Thumb Code    70  main.o(i.main)
    malloc                                   0x08005571   Thumb Code    92  malloc.o(i.malloc)
    AHBPrescTable                            0x080055dc   Data          16  system_stm32l4xx.o(.constdata)
    MSIRangeTable                            0x080055ec   Data          48  system_stm32l4xx.o(.constdata)
    APBPrescTable                            0x0800561c   Data           8  system_stm32l4xx.o(.constdata)
    Region$$Table$$Base                      0x08005624   Number         0  anon$$obj.o(Region$$Table)
    Region$$Table$$Limit                     0x08005644   Number         0  anon$$obj.o(Region$$Table)
    FS_Desc                                  0x20000000   Data          28  usbd_desc.o(.data)
    USBD_LangIDDesc                          0x2000001c   Data           4  usbd_desc.o(.data)
    USBD_FS_DeviceDesc                       0x20000020   Data          18  usbd_desc.o(.data)
    USBD_StringSerial                        0x20000034   Data          26  usbd_desc.o(.data)
    USBD_Interface_fops_FS                   0x20000050   Data          20  usbd_cdc_if.o(.data)
    uwTickFreq                               0x20000064   Data           1  stm32l4xx_hal.o(.data)
    uwTickPrio                               0x20000068   Data           4  stm32l4xx_hal.o(.data)
    uwTick                                   0x2000006c   Data           4  stm32l4xx_hal.o(.data)
    SystemCoreClock                          0x20000070   Data           4  system_stm32l4xx.o(.data)
    USBD_CDC                                 0x20000150   Data          56  usbd_cdc.o(.data)
    __microlib_freelist                      0x20000188   Data           4  mvars.o(.data)
    __microlib_freelist_initialised          0x2000018c   Data           4  mvars.o(.data)
    hi2c1                                    0x20000190   Data          76  i2c.o(.bss)
    hi2c2                                    0x200001dc   Data          76  i2c.o(.bss)
    huart4                                   0x20000228   Data         128  usart.o(.bss)
    huart5                                   0x200002a8   Data         128  usart.o(.bss)
    huart1                                   0x20000328   Data         128  usart.o(.bss)
    huart2                                   0x200003a8   Data         128  usart.o(.bss)
    huart3                                   0x20000428   Data         128  usart.o(.bss)
    hadc1                                    0x200004a8   Data         100  adc.o(.bss)
    Noise_uart                               0x2000050c   Data          14  noise.o(.bss)
    Co2_uart                                 0x2000051a   Data          14  co2.o(.bss)
    PM_uart                                  0x20000528   Data          50  particulate_matter.o(.bss)
    hUsbDeviceFS                             0x2000055c   Data         720  usb_device.o(.bss)
    USBD_StrDesc                             0x2000082c   Data         512  usbd_desc.o(.bss)
    UserRxBufferFS                           0x20000a2c   Data        2048  usbd_cdc_if.o(.bss)
    UserTxBufferFS                           0x2000122c   Data        2048  usbd_cdc_if.o(.bss)
    hpcd_USB_OTG_FS                          0x20001c4c   Data        1032  usbd_conf.o(.bss)
    __heap_base                              0x20002058   Data           0  startup_stm32l476xx.o(HEAP)
    __heap_limit                             0x20002258   Data           0  startup_stm32l476xx.o(HEAP)
    __initial_sp                             0x20002658   Data           0  startup_stm32l476xx.o(STACK)



==============================================================================

Memory Map of the image

  Image Entry point : 0x08000189

  Load Region LR_IROM1 (Base: 0x08000000, Size: 0x000057d4, Max: 0x00100000, ABSOLUTE, COMPRESSED[0x00005708])

    Execution Region ER_IROM1 (Exec base: 0x08000000, Load base: 0x08000000, Size: 0x00005644, Max: 0x00100000, ABSOLUTE)

    Exec Addr    Load Addr    Size         Type   Attr      Idx    E Section Name        Object

    0x08000000   0x08000000   0x00000188   Data   RO            3    RESET               startup_stm32l476xx.o
    0x08000188   0x08000188   0x00000000   Code   RO         5124  * .ARM.Collect$$$$00000000  mc_w.l(entry.o)
    0x08000188   0x08000188   0x00000004   Code   RO         5436    .ARM.Collect$$$$00000001  mc_w.l(entry2.o)
    0x0800018c   0x0800018c   0x00000004   Code   RO         5439    .ARM.Collect$$$$00000004  mc_w.l(entry5.o)
    0x08000190   0x08000190   0x00000000   Code   RO         5441    .ARM.Collect$$$$00000008  mc_w.l(entry7b.o)
    0x08000190   0x08000190   0x00000000   Code   RO         5443    .ARM.Collect$$$$0000000A  mc_w.l(entry8b.o)
    0x08000190   0x08000190   0x00000008   Code   RO         5444    .ARM.Collect$$$$0000000B  mc_w.l(entry9a.o)
    0x08000198   0x08000198   0x00000000   Code   RO         5446    .ARM.Collect$$$$0000000D  mc_w.l(entry10a.o)
    0x08000198   0x08000198   0x00000000   Code   RO         5448    .ARM.Collect$$$$0000000F  mc_w.l(entry11a.o)
    0x08000198   0x08000198   0x00000004   Code   RO         5437    .ARM.Collect$$$$00002712  mc_w.l(entry2.o)
    0x0800019c   0x0800019c   0x00000024   Code   RO            4    .text               startup_stm32l476xx.o
    0x080001c0   0x080001c0   0x00000068   Code   RO         5127    .text               mc_w.l(uldiv.o)
    0x08000228   0x08000228   0x00000024   Code   RO         5129    .text               mc_w.l(memcpya.o)
    0x0800024c   0x0800024c   0x00000024   Code   RO         5131    .text               mc_w.l(memseta.o)
    0x08000270   0x08000270   0x0000001e   Code   RO         5453    .text               mc_w.l(llshl.o)
    0x0800028e   0x0800028e   0x00000020   Code   RO         5455    .text               mc_w.l(llushr.o)
    0x080002ae   0x080002ae   0x00000002   PAD
    0x080002b0   0x080002b0   0x00000024   Code   RO         5470    .text               mc_w.l(init.o)
    0x080002d4   0x080002d4   0x00000056   Code   RO         5482    .text               mc_w.l(__dczerorl2.o)
    0x0800032a   0x0800032a   0x00000002   Code   RO          363    i.BusFault_Handler  stm32l4xx_it.o
    0x0800032c   0x0800032c   0x00000004   Code   RO          985    i.CDC_Control_FS    usbd_cdc_if.o
    0x08000330   0x08000330   0x00000004   Code   RO          986    i.CDC_DeInit_FS     usbd_cdc_if.o
    0x08000334   0x08000334   0x00000024   Code   RO          987    i.CDC_Init_FS       usbd_cdc_if.o
    0x08000358   0x08000358   0x00000018   Code   RO          988    i.CDC_Receive_FS    usbd_cdc_if.o
    0x08000370   0x08000370   0x00000004   Code   RO          989    i.CDC_TransmitCplt_FS  usbd_cdc_if.o
    0x08000374   0x08000374   0x00000002   Code   RO          364    i.DebugMon_Handler  stm32l4xx_it.o
    0x08000376   0x08000376   0x00000002   Code   RO           13    i.Error_Handler     main.o
    0x08000378   0x08000378   0x000000f0   Code   RO         4523    i.HAL_ADCEx_MultiModeConfigChannel  stm32l4xx_hal_adc_ex.o
    0x08000468   0x08000468   0x000003fe   Code   RO         4282    i.HAL_ADC_ConfigChannel  stm32l4xx_hal_adc.o
    0x08000866   0x08000866   0x00000002   PAD
    0x08000868   0x08000868   0x000001c8   Code   RO         4291    i.HAL_ADC_Init      stm32l4xx_hal_adc.o
    0x08000a30   0x08000a30   0x0000005c   Code   RO          540    i.HAL_ADC_MspInit   adc.o
    0x08000a8c   0x08000a8c   0x0000004e   Code   RO         3115    i.HAL_DMA_Abort_IT  stm32l4xx_hal_dma.o
    0x08000ada   0x08000ada   0x00000002   PAD
    0x08000adc   0x08000adc   0x00000024   Code   RO         1844    i.HAL_Delay         stm32l4xx_hal.o
    0x08000b00   0x08000b00   0x00000266   Code   RO         3050    i.HAL_GPIO_Init     stm32l4xx_hal_gpio.o
    0x08000d66   0x08000d66   0x0000000a   Code   RO         3054    i.HAL_GPIO_WritePin  stm32l4xx_hal_gpio.o
    0x08000d70   0x08000d70   0x0000000c   Code   RO         1848    i.HAL_GetTick       stm32l4xx_hal.o
    0x08000d7c   0x08000d7c   0x00000056   Code   RO         2533    i.HAL_I2CEx_ConfigAnalogFilter  stm32l4xx_hal_i2c_ex.o
    0x08000dd2   0x08000dd2   0x00000052   Code   RO         2534    i.HAL_I2CEx_ConfigDigitalFilter  stm32l4xx_hal_i2c_ex.o
    0x08000e24   0x08000e24   0x00000010   Code   RO         2076    i.HAL_I2C_EV_IRQHandler  stm32l4xx_hal_i2c.o
    0x08000e34   0x08000e34   0x000000b8   Code   RO         2082    i.HAL_I2C_Init      stm32l4xx_hal_i2c.o
    0x08000eec   0x08000eec   0x0000012a   Code   RO         2095    i.HAL_I2C_Master_Transmit  stm32l4xx_hal_i2c.o
    0x08001016   0x08001016   0x00000002   PAD
    0x08001018   0x08001018   0x000000bc   Code   RO          250    i.HAL_I2C_MspInit   i2c.o
    0x080010d4   0x080010d4   0x00000010   Code   RO         1854    i.HAL_IncTick       stm32l4xx_hal.o
    0x080010e4   0x080010e4   0x0000001e   Code   RO         1855    i.HAL_Init          stm32l4xx_hal.o
    0x08001102   0x08001102   0x00000002   PAD
    0x08001104   0x08001104   0x00000044   Code   RO         1856    i.HAL_InitTick      stm32l4xx_hal.o
    0x08001148   0x08001148   0x0000002c   Code   RO          487    i.HAL_MspInit       stm32l4xx_hal_msp.o
    0x08001174   0x08001174   0x0000001a   Code   RO         3597    i.HAL_NVIC_EnableIRQ  stm32l4xx_hal_cortex.o
    0x0800118e   0x0800118e   0x00000002   PAD
    0x08001190   0x08001190   0x00000040   Code   RO         3603    i.HAL_NVIC_SetPriority  stm32l4xx_hal_cortex.o
    0x080011d0   0x080011d0   0x00000024   Code   RO         3604    i.HAL_NVIC_SetPriorityGrouping  stm32l4xx_hal_cortex.o
    0x080011f4   0x080011f4   0x00000028   Code   RO         1465    i.HAL_PCDEx_ActivateLPM  stm32l4xx_hal_pcd_ex.o
    0x0800121c   0x0800121c   0x00000060   Code   RO         1042    i.HAL_PCDEx_LPM_Callback  usbd_conf.o
    0x0800127c   0x0800127c   0x00000008   Code   RO         1471    i.HAL_PCDEx_SetRxFiFo  stm32l4xx_hal_pcd_ex.o
    0x08001284   0x08001284   0x00000044   Code   RO         1472    i.HAL_PCDEx_SetTxFiFo  stm32l4xx_hal_pcd_ex.o
    0x080012c8   0x080012c8   0x00000008   Code   RO         1043    i.HAL_PCD_ConnectCallback  usbd_conf.o
    0x080012d0   0x080012d0   0x00000012   Code   RO         1044    i.HAL_PCD_DataInStageCallback  usbd_conf.o
    0x080012e2   0x080012e2   0x00000014   Code   RO         1045    i.HAL_PCD_DataOutStageCallback  usbd_conf.o
    0x080012f6   0x080012f6   0x00000008   Code   RO         1046    i.HAL_PCD_DisconnectCallback  usbd_conf.o
    0x080012fe   0x080012fe   0x0000004c   Code   RO         1258    i.HAL_PCD_EP_Close  stm32l4xx_hal_pcd.o
    0x0800134a   0x0800134a   0x0000005c   Code   RO         1259    i.HAL_PCD_EP_ClrStall  stm32l4xx_hal_pcd.o
    0x080013a6   0x080013a6   0x00000012   Code   RO         1261    i.HAL_PCD_EP_GetRxCount  stm32l4xx_hal_pcd.o
    0x080013b8   0x080013b8   0x00000060   Code   RO         1262    i.HAL_PCD_EP_Open   stm32l4xx_hal_pcd.o
    0x08001418   0x08001418   0x0000003a   Code   RO         1263    i.HAL_PCD_EP_Receive  stm32l4xx_hal_pcd.o
    0x08001452   0x08001452   0x00000072   Code   RO         1264    i.HAL_PCD_EP_SetStall  stm32l4xx_hal_pcd.o
    0x080014c4   0x080014c4   0x00000036   Code   RO         1265    i.HAL_PCD_EP_Transmit  stm32l4xx_hal_pcd.o
    0x080014fa   0x080014fa   0x00000002   PAD
    0x080014fc   0x080014fc   0x0000045e   Code   RO         1267    i.HAL_PCD_IRQHandler  stm32l4xx_hal_pcd.o
    0x0800195a   0x0800195a   0x00000008   Code   RO         1047    i.HAL_PCD_ISOINIncompleteCallback  usbd_conf.o
    0x08001962   0x08001962   0x00000008   Code   RO         1048    i.HAL_PCD_ISOOUTIncompleteCallback  usbd_conf.o
    0x0800196a   0x0800196a   0x000000ee   Code   RO         1270    i.HAL_PCD_Init      stm32l4xx_hal_pcd.o
    0x08001a58   0x08001a58   0x00000098   Code   RO         1050    i.HAL_PCD_MspInit   usbd_conf.o
    0x08001af0   0x08001af0   0x00000026   Code   RO         1051    i.HAL_PCD_ResetCallback  usbd_conf.o
    0x08001b16   0x08001b16   0x00000002   PAD
    0x08001b18   0x08001b18   0x00000034   Code   RO         1052    i.HAL_PCD_ResumeCallback  usbd_conf.o
    0x08001b4c   0x08001b4c   0x00000008   Code   RO         1053    i.HAL_PCD_SOFCallback  usbd_conf.o
    0x08001b54   0x08001b54   0x00000028   Code   RO         1276    i.HAL_PCD_SetAddress  stm32l4xx_hal_pcd.o
    0x08001b7c   0x08001b7c   0x0000000e   Code   RO         1054    i.HAL_PCD_SetupStageCallback  usbd_conf.o
    0x08001b8a   0x08001b8a   0x0000003c   Code   RO         1278    i.HAL_PCD_Start     stm32l4xx_hal_pcd.o
    0x08001bc6   0x08001bc6   0x00000002   PAD
    0x08001bc8   0x08001bc8   0x00000030   Code   RO         1055    i.HAL_PCD_SuspendCallback  usbd_conf.o
    0x08001bf8   0x08001bf8   0x00000068   Code   RO         3341    i.HAL_PWREx_ControlVoltageScaling  stm32l4xx_hal_pwr_ex.o
    0x08001c60   0x08001c60   0x00000010   Code   RO         3366    i.HAL_PWREx_EnableVddIO2  stm32l4xx_hal_pwr_ex.o
    0x08001c70   0x08001c70   0x00000010   Code   RO         3367    i.HAL_PWREx_EnableVddUSB  stm32l4xx_hal_pwr_ex.o
    0x08001c80   0x08001c80   0x00000010   Code   RO         3372    i.HAL_PWREx_GetVoltageRange  stm32l4xx_hal_pwr_ex.o
    0x08001c90   0x08001c90   0x00000010   Code   RO         3233    i.HAL_PWR_EnableBkUpAccess  stm32l4xx_hal_pwr.o
    0x08001ca0   0x08001ca0   0x00000010   Code   RO         2696    i.HAL_RCCEx_EnableMSIPLLMode  stm32l4xx_hal_rcc_ex.o
    0x08001cb0   0x08001cb0   0x000003ae   Code   RO         2703    i.HAL_RCCEx_PeriphCLKConfig  stm32l4xx_hal_rcc_ex.o
    0x0800205e   0x0800205e   0x00000002   PAD
    0x08002060   0x08002060   0x00000120   Code   RO         2588    i.HAL_RCC_ClockConfig  stm32l4xx_hal_rcc.o
    0x08002180   0x08002180   0x0000000c   Code   RO         2592    i.HAL_RCC_GetHCLKFreq  stm32l4xx_hal_rcc.o
    0x0800218c   0x0800218c   0x00000024   Code   RO         2594    i.HAL_RCC_GetPCLK1Freq  stm32l4xx_hal_rcc.o
    0x080021b0   0x080021b0   0x00000024   Code   RO         2595    i.HAL_RCC_GetPCLK2Freq  stm32l4xx_hal_rcc.o
    0x080021d4   0x080021d4   0x000000a4   Code   RO         2596    i.HAL_RCC_GetSysClockFreq  stm32l4xx_hal_rcc.o
    0x08002278   0x08002278   0x00000528   Code   RO         2599    i.HAL_RCC_OscConfig  stm32l4xx_hal_rcc.o
    0x080027a0   0x080027a0   0x00000028   Code   RO         3608    i.HAL_SYSTICK_Config  stm32l4xx_hal_cortex.o
    0x080027c8   0x080027c8   0x00000002   Code   RO         4216    i.HAL_UARTEx_WakeupCallback  stm32l4xx_hal_uart_ex.o
    0x080027ca   0x080027ca   0x00000002   Code   RO         3859    i.HAL_UART_ErrorCallback  stm32l4xx_hal_uart.o
    0x080027cc   0x080027cc   0x00000164   Code   RO         3862    i.HAL_UART_IRQHandler  stm32l4xx_hal_uart.o
    0x08002930   0x08002930   0x00000066   Code   RO         3863    i.HAL_UART_Init     stm32l4xx_hal_uart.o
    0x08002996   0x08002996   0x00000002   PAD
    0x08002998   0x08002998   0x000001bc   Code   RO          298    i.HAL_UART_MspInit  usart.o
    0x08002b54   0x08002b54   0x000000ac   Code   RO         3868    i.HAL_UART_Receive_IT  stm32l4xx_hal_uart.o
    0x08002c00   0x08002c00   0x00000002   Code   RO         3870    i.HAL_UART_RxCpltCallback  stm32l4xx_hal_uart.o
    0x08002c02   0x08002c02   0x00000002   Code   RO         3875    i.HAL_UART_TxCpltCallback  stm32l4xx_hal_uart.o
    0x08002c04   0x08002c04   0x00000002   Code   RO          365    i.HardFault_Handler  stm32l4xx_it.o
    0x08002c06   0x08002c06   0x00000002   PAD
    0x08002c08   0x08002c08   0x0000000c   Code   RO          366    i.I2C1_EV_IRQHandler  stm32l4xx_it.o
    0x08002c14   0x08002c14   0x0000000c   Code   RO          367    i.I2C2_EV_IRQHandler  stm32l4xx_it.o
    0x08002c20   0x08002c20   0x00000022   Code   RO         2129    i.I2C_Flush_TXDR    stm32l4xx_hal_i2c.o
    0x08002c42   0x08002c42   0x00000002   PAD
    0x08002c44   0x08002c44   0x00000084   Code   RO         2137    i.I2C_IsAcknowledgeFailed  stm32l4xx_hal_i2c.o
    0x08002cc8   0x08002cc8   0x0000002c   Code   RO         2144    i.I2C_TransferConfig  stm32l4xx_hal_i2c.o
    0x08002cf4   0x08002cf4   0x00000058   Code   RO         2146    i.I2C_WaitOnFlagUntilTimeout  stm32l4xx_hal_i2c.o
    0x08002d4c   0x08002d4c   0x0000004c   Code   RO         2148    i.I2C_WaitOnSTOPFlagUntilTimeout  stm32l4xx_hal_i2c.o
    0x08002d98   0x08002d98   0x00000050   Code   RO         2149    i.I2C_WaitOnTXISFlagUntilTimeout  stm32l4xx_hal_i2c.o
    0x08002de8   0x08002de8   0x00000020   Code   RO          772    i.Init_BH1750       tem_hum_lux.o
    0x08002e08   0x08002e08   0x00000024   Code   RO          773    i.Init_SHT30        tem_hum_lux.o
    0x08002e2c   0x08002e2c   0x0000000e   Code   RO          774    i.Init_Tem_Hum_Ill_Sensor  tem_hum_lux.o
    0x08002e3a   0x08002e3a   0x00000002   PAD
    0x08002e3c   0x08002e3c   0x00000038   Code   RO          896    i.IntToUnicode      usbd_desc.o
    0x08002e74   0x08002e74   0x0000000c   Code   RO         4304    i.LL_ADC_GetOffsetChannel  stm32l4xx_hal_adc.o
    0x08002e80   0x08002e80   0x00000008   Code   RO         4305    i.LL_ADC_INJ_IsConversionOngoing  stm32l4xx_hal_adc.o
    0x08002e88   0x08002e88   0x00000008   Code   RO         4306    i.LL_ADC_REG_IsConversionOngoing  stm32l4xx_hal_adc.o
    0x08002e90   0x08002e90   0x00000008   Code   RO         4533    i.LL_ADC_REG_IsConversionOngoing  stm32l4xx_hal_adc_ex.o
    0x08002e98   0x08002e98   0x0000001e   Code   RO         4309    i.LL_ADC_SetChannelSamplingTime  stm32l4xx_hal_adc.o
    0x08002eb6   0x08002eb6   0x00000010   Code   RO         4310    i.LL_ADC_SetOffsetState  stm32l4xx_hal_adc.o
    0x08002ec6   0x08002ec6   0x00000002   PAD
    0x08002ec8   0x08002ec8   0x0000008c   Code   RO          541    i.MX_ADC1_Init      adc.o
    0x08002f54   0x08002f54   0x00000270   Code   RO          221    i.MX_GPIO_Init      gpio.o
    0x080031c4   0x080031c4   0x00000058   Code   RO          251    i.MX_I2C1_Init      i2c.o
    0x0800321c   0x0800321c   0x00000058   Code   RO          252    i.MX_I2C2_Init      i2c.o
    0x08003274   0x08003274   0x0000003c   Code   RO          299    i.MX_UART4_Init     usart.o
    0x080032b0   0x080032b0   0x0000003c   Code   RO          300    i.MX_UART5_Init     usart.o
    0x080032ec   0x080032ec   0x0000003c   Code   RO          301    i.MX_USART1_UART_Init  usart.o
    0x08003328   0x08003328   0x00000044   Code   RO          302    i.MX_USART2_UART_Init  usart.o
    0x0800336c   0x0800336c   0x0000003c   Code   RO          303    i.MX_USART3_UART_Init  usart.o
    0x080033a8   0x080033a8   0x00000054   Code   RO          848    i.MX_USB_DEVICE_Init  usb_device.o
    0x080033fc   0x080033fc   0x00000002   Code   RO          368    i.MemManage_Handler  stm32l4xx_it.o
    0x080033fe   0x080033fe   0x00000002   Code   RO          369    i.NMI_Handler       stm32l4xx_it.o
    0x08003400   0x08003400   0x0000000c   Code   RO          370    i.OTG_FS_IRQHandler  stm32l4xx_it.o
    0x0800340c   0x0800340c   0x00000098   Code   RO         1281    i.PCD_WriteEmptyTxFifo  stm32l4xx_hal_pcd.o
    0x080034a4   0x080034a4   0x00000002   Code   RO          371    i.PendSV_Handler    stm32l4xx_it.o
    0x080034a6   0x080034a6   0x00000002   PAD
    0x080034a8   0x080034a8   0x0000012c   Code   RO         2707    i.RCCEx_PLLSAI1_Config  stm32l4xx_hal_rcc_ex.o
    0x080035d4   0x080035d4   0x00000108   Code   RO         2708    i.RCCEx_PLLSAI2_Config  stm32l4xx_hal_rcc_ex.o
    0x080036dc   0x080036dc   0x0000007c   Code   RO         2600    i.RCC_SetFlashLatencyFromMSIRange  stm32l4xx_hal_rcc.o
    0x08003758   0x08003758   0x00000002   Code   RO          372    i.SVC_Handler       stm32l4xx_it.o
    0x0800375a   0x0800375a   0x0000000a   Code   RO         4888    i.SWAPBYTE          usbd_ctlreq.o
    0x08003764   0x08003764   0x0000001c   Code   RO          632    i.Sensor_Co2_Init   co2.o
    0x08003780   0x08003780   0x0000001c   Code   RO          588    i.Sensor_Noise_Init  noise.o
    0x0800379c   0x0800379c   0x0000001c   Code   RO          676    i.Sensor_PM_Init    particulate_matter.o
    0x080037b8   0x080037b8   0x00000004   Code   RO          373    i.SysTick_Handler   stm32l4xx_it.o
    0x080037bc   0x080037bc   0x000000b4   Code   RO           14    i.SystemClock_Config  main.o
    0x08003870   0x08003870   0x00000044   Code   RO         4713    i.SystemInit        system_stm32l4xx.o
    0x080038b4   0x080038b4   0x0000000c   Code   RO          374    i.UART4_IRQHandler  stm32l4xx_it.o
    0x080038c0   0x080038c0   0x0000000c   Code   RO          375    i.UART5_IRQHandler  stm32l4xx_it.o
    0x080038cc   0x080038cc   0x000000c8   Code   RO         3877    i.UART_AdvFeatureConfig  stm32l4xx_hal_uart.o
    0x08003994   0x08003994   0x00000058   Code   RO         3878    i.UART_CheckIdleState  stm32l4xx_hal_uart.o
    0x080039ec   0x080039ec   0x00000014   Code   RO         3879    i.UART_DMAAbortOnError  stm32l4xx_hal_uart.o
    0x08003a00   0x08003a00   0x0000001e   Code   RO         3889    i.UART_EndRxTransfer  stm32l4xx_hal_uart.o
    0x08003a1e   0x08003a1e   0x0000005a   Code   RO         3891    i.UART_RxISR_16BIT  stm32l4xx_hal_uart.o
    0x08003a78   0x08003a78   0x0000005a   Code   RO         3892    i.UART_RxISR_8BIT   stm32l4xx_hal_uart.o
    0x08003ad2   0x08003ad2   0x00000002   PAD
    0x08003ad4   0x08003ad4   0x0000024c   Code   RO         3893    i.UART_SetConfig    stm32l4xx_hal_uart.o
    0x08003d20   0x08003d20   0x000000a4   Code   RO         3896    i.UART_WaitOnFlagUntilTimeout  stm32l4xx_hal_uart.o
    0x08003dc4   0x08003dc4   0x0000000c   Code   RO          376    i.USART1_IRQHandler  stm32l4xx_it.o
    0x08003dd0   0x08003dd0   0x0000000c   Code   RO          377    i.USART2_IRQHandler  stm32l4xx_it.o
    0x08003ddc   0x08003ddc   0x0000000c   Code   RO          378    i.USART3_IRQHandler  stm32l4xx_it.o
    0x08003de8   0x08003de8   0x00000062   Code   RO         5021    i.USBD_CDC_DataIn   usbd_cdc.o
    0x08003e4a   0x08003e4a   0x0000002a   Code   RO         5022    i.USBD_CDC_DataOut  usbd_cdc.o
    0x08003e74   0x08003e74   0x00000048   Code   RO         5023    i.USBD_CDC_DeInit   usbd_cdc.o
    0x08003ebc   0x08003ebc   0x00000024   Code   RO         5024    i.USBD_CDC_EP0_RxReady  usbd_cdc.o
    0x08003ee0   0x08003ee0   0x0000000c   Code   RO         5025    i.USBD_CDC_GetDeviceQualifierDescriptor  usbd_cdc.o
    0x08003eec   0x08003eec   0x0000000c   Code   RO         5026    i.USBD_CDC_GetFSCfgDesc  usbd_cdc.o
    0x08003ef8   0x08003ef8   0x0000000c   Code   RO         5027    i.USBD_CDC_GetHSCfgDesc  usbd_cdc.o
    0x08003f04   0x08003f04   0x0000000c   Code   RO         5028    i.USBD_CDC_GetOtherSpeedCfgDesc  usbd_cdc.o
    0x08003f10   0x08003f10   0x000000a2   Code   RO         5029    i.USBD_CDC_Init     usbd_cdc.o
    0x08003fb2   0x08003fb2   0x00000028   Code   RO         5030    i.USBD_CDC_ReceivePacket  usbd_cdc.o
    0x08003fda   0x08003fda   0x0000000e   Code   RO         5031    i.USBD_CDC_RegisterInterface  usbd_cdc.o
    0x08003fe8   0x08003fe8   0x0000000c   Code   RO         5032    i.USBD_CDC_SetRxBuffer  usbd_cdc.o
    0x08003ff4   0x08003ff4   0x00000010   Code   RO         5033    i.USBD_CDC_SetTxBuffer  usbd_cdc.o
    0x08004004   0x08004004   0x000000b0   Code   RO         5034    i.USBD_CDC_Setup    usbd_cdc.o
    0x080040b4   0x080040b4   0x00000010   Code   RO         4750    i.USBD_ClrClassConfig  usbd_core.o
    0x080040c4   0x080040c4   0x00000010   Code   RO         4961    i.USBD_CtlContinueRx  usbd_ioreq.o
    0x080040d4   0x080040d4   0x00000010   Code   RO         4962    i.USBD_CtlContinueSendData  usbd_ioreq.o
    0x080040e4   0x080040e4   0x00000016   Code   RO         4889    i.USBD_CtlError     usbd_ctlreq.o
    0x080040fa   0x080040fa   0x0000001e   Code   RO         4963    i.USBD_CtlPrepareRx  usbd_ioreq.o
    0x08004118   0x08004118   0x00000016   Code   RO         4964    i.USBD_CtlReceiveStatus  usbd_ioreq.o
    0x0800412e   0x0800412e   0x0000001a   Code   RO         4965    i.USBD_CtlSendData  usbd_ioreq.o
    0x08004148   0x08004148   0x00000016   Code   RO         4966    i.USBD_CtlSendStatus  usbd_ioreq.o
    0x0800415e   0x0800415e   0x00000002   PAD
    0x08004160   0x08004160   0x00000020   Code   RO          897    i.USBD_FS_ConfigStrDescriptor  usbd_desc.o
    0x08004180   0x08004180   0x0000000c   Code   RO          898    i.USBD_FS_DeviceDescriptor  usbd_desc.o
    0x0800418c   0x0800418c   0x00000024   Code   RO          899    i.USBD_FS_InterfaceStrDescriptor  usbd_desc.o
    0x080041b0   0x080041b0   0x0000000c   Code   RO          900    i.USBD_FS_LangIDStrDescriptor  usbd_desc.o
    0x080041bc   0x080041bc   0x00000028   Code   RO          901    i.USBD_FS_ManufacturerStrDescriptor  usbd_desc.o
    0x080041e4   0x080041e4   0x0000002c   Code   RO          902    i.USBD_FS_ProductStrDescriptor  usbd_desc.o
    0x08004210   0x08004210   0x00000038   Code   RO          903    i.USBD_FS_SerialStrDescriptor  usbd_desc.o
    0x08004248   0x08004248   0x000000e6   Code   RO         4890    i.USBD_GetDescriptor  usbd_ctlreq.o
    0x0800432e   0x0800432e   0x00000048   Code   RO         4891    i.USBD_GetString    usbd_ctlreq.o
    0x08004376   0x08004376   0x00000026   Code   RO         4752    i.USBD_Init         usbd_core.o
    0x0800439c   0x0800439c   0x00000020   Code   RO         1056    i.USBD_LL_ClearStallEP  usbd_conf.o
    0x080043bc   0x080043bc   0x00000020   Code   RO         1057    i.USBD_LL_CloseEP   usbd_conf.o
    0x080043dc   0x080043dc   0x000000aa   Code   RO         4753    i.USBD_LL_DataInStage  usbd_core.o
    0x08004486   0x08004486   0x0000006e   Code   RO         4754    i.USBD_LL_DataOutStage  usbd_core.o
    0x080044f4   0x080044f4   0x00000004   Code   RO         4755    i.USBD_LL_DevConnected  usbd_core.o
    0x080044f8   0x080044f8   0x00000018   Code   RO         4756    i.USBD_LL_DevDisconnected  usbd_core.o
    0x08004510   0x08004510   0x00000008   Code   RO         1061    i.USBD_LL_GetRxDataSize  usbd_conf.o
    0x08004518   0x08004518   0x00000060   Code   RO         1062    i.USBD_LL_Init      usbd_conf.o
    0x08004578   0x08004578   0x00000020   Code   RO         1063    i.USBD_LL_IsStallEP  usbd_conf.o
    0x08004598   0x08004598   0x00000004   Code   RO         4757    i.USBD_LL_IsoINIncomplete  usbd_core.o
    0x0800459c   0x0800459c   0x00000004   Code   RO         4758    i.USBD_LL_IsoOUTIncomplete  usbd_core.o
    0x080045a0   0x080045a0   0x00000026   Code   RO         1064    i.USBD_LL_OpenEP    usbd_conf.o
    0x080045c6   0x080045c6   0x00000020   Code   RO         1065    i.USBD_LL_PrepareReceive  usbd_conf.o
    0x080045e6   0x080045e6   0x00000052   Code   RO         4759    i.USBD_LL_Reset     usbd_core.o
    0x08004638   0x08004638   0x00000014   Code   RO         4760    i.USBD_LL_Resume    usbd_core.o
    0x0800464c   0x0800464c   0x00000018   Code   RO         4761    i.USBD_LL_SOF       usbd_core.o
    0x08004664   0x08004664   0x00000006   Code   RO         4762    i.USBD_LL_SetSpeed  usbd_core.o
    0x0800466a   0x0800466a   0x00000020   Code   RO         1066    i.USBD_LL_SetUSBAddress  usbd_conf.o
    0x0800468a   0x0800468a   0x00000060   Code   RO         4763    i.USBD_LL_SetupStage  usbd_core.o
    0x080046ea   0x080046ea   0x00000020   Code   RO         1067    i.USBD_LL_StallEP   usbd_conf.o
    0x0800470a   0x0800470a   0x00000020   Code   RO         1068    i.USBD_LL_Start     usbd_conf.o
    0x0800472a   0x0800472a   0x00000012   Code   RO         4764    i.USBD_LL_Suspend   usbd_core.o
    0x0800473c   0x0800473c   0x00000020   Code   RO         1070    i.USBD_LL_Transmit  usbd_conf.o
    0x0800475c   0x0800475c   0x0000002c   Code   RO         4892    i.USBD_ParseSetupRequest  usbd_ctlreq.o
    0x08004788   0x08004788   0x00000024   Code   RO         4765    i.USBD_RegisterClass  usbd_core.o
    0x080047ac   0x080047ac   0x00000014   Code   RO         4767    i.USBD_SetClassConfig  usbd_core.o
    0x080047c0   0x080047c0   0x000000bc   Code   RO         4893    i.USBD_SetConfig    usbd_ctlreq.o
    0x0800487c   0x0800487c   0x00000004   Code   RO         4768    i.USBD_Start        usbd_core.o
    0x08004880   0x08004880   0x00000114   Code   RO         4894    i.USBD_StdDevReq    usbd_ctlreq.o
    0x08004994   0x08004994   0x00000140   Code   RO         4895    i.USBD_StdEPReq     usbd_ctlreq.o
    0x08004ad4   0x08004ad4   0x00000052   Code   RO         4896    i.USBD_StdItfReq    usbd_ctlreq.o
    0x08004b26   0x08004b26   0x00000002   PAD
    0x08004b28   0x08004b28   0x00000080   Code   RO         1537    i.USB_ActivateEndpoint  stm32l4xx_ll_usb.o
    0x08004ba8   0x08004ba8   0x0000001c   Code   RO         1539    i.USB_ActivateSetup  stm32l4xx_ll_usb.o
    0x08004bc4   0x08004bc4   0x00000060   Code   RO         1541    i.USB_CoreInit      stm32l4xx_ll_usb.o
    0x08004c24   0x08004c24   0x00000038   Code   RO         1542    i.USB_CoreReset     stm32l4xx_ll_usb.o
    0x08004c5c   0x08004c5c   0x000000cc   Code   RO         1545    i.USB_DeactivateEndpoint  stm32l4xx_ll_usb.o
    0x08004d28   0x08004d28   0x0000001c   Code   RO         1546    i.USB_DevConnect    stm32l4xx_ll_usb.o
    0x08004d44   0x08004d44   0x0000001c   Code   RO         1547    i.USB_DevDisconnect  stm32l4xx_ll_usb.o
    0x08004d60   0x08004d60   0x0000015a   Code   RO         1548    i.USB_DevInit       stm32l4xx_ll_usb.o
    0x08004eba   0x08004eba   0x0000000c   Code   RO         1549    i.USB_DisableGlobalInt  stm32l4xx_ll_usb.o
    0x08004ec6   0x08004ec6   0x00000002   PAD
    0x08004ec8   0x08004ec8   0x000000ec   Code   RO         1552    i.USB_EP0StartXfer  stm32l4xx_ll_usb.o
    0x08004fb4   0x08004fb4   0x00000044   Code   RO         1553    i.USB_EP0_OutStart  stm32l4xx_ll_usb.o
    0x08004ff8   0x08004ff8   0x00000058   Code   RO         1554    i.USB_EPClearStall  stm32l4xx_ll_usb.o
    0x08005050   0x08005050   0x00000058   Code   RO         1555    i.USB_EPSetStall    stm32l4xx_ll_usb.o
    0x080050a8   0x080050a8   0x00000194   Code   RO         1556    i.USB_EPStartXfer   stm32l4xx_ll_usb.o
    0x0800523c   0x0800523c   0x0000000c   Code   RO         1557    i.USB_EnableGlobalInt  stm32l4xx_ll_usb.o
    0x08005248   0x08005248   0x00000020   Code   RO         1558    i.USB_FlushRxFifo   stm32l4xx_ll_usb.o
    0x08005268   0x08005268   0x00000024   Code   RO         1559    i.USB_FlushTxFifo   stm32l4xx_ll_usb.o
    0x0800528c   0x0800528c   0x00000018   Code   RO         1561    i.USB_GetDevSpeed   stm32l4xx_ll_usb.o
    0x080052a4   0x080052a4   0x00000008   Code   RO         1563    i.USB_GetMode       stm32l4xx_ll_usb.o
    0x080052ac   0x080052ac   0x0000000e   Code   RO         1570    i.USB_ReadDevAllInEpInterrupt  stm32l4xx_ll_usb.o
    0x080052ba   0x080052ba   0x0000000e   Code   RO         1571    i.USB_ReadDevAllOutEpInterrupt  stm32l4xx_ll_usb.o
    0x080052c8   0x080052c8   0x00000024   Code   RO         1572    i.USB_ReadDevInEPInterrupt  stm32l4xx_ll_usb.o
    0x080052ec   0x080052ec   0x00000010   Code   RO         1573    i.USB_ReadDevOutEPInterrupt  stm32l4xx_ll_usb.o
    0x080052fc   0x080052fc   0x00000008   Code   RO         1574    i.USB_ReadInterrupts  stm32l4xx_ll_usb.o
    0x08005304   0x08005304   0x0000001c   Code   RO         1575    i.USB_ReadPacket    stm32l4xx_ll_usb.o
    0x08005320   0x08005320   0x0000002e   Code   RO         1577    i.USB_SetCurrentMode  stm32l4xx_ll_usb.o
    0x0800534e   0x0800534e   0x00000022   Code   RO         1578    i.USB_SetDevAddress  stm32l4xx_ll_usb.o
    0x08005370   0x08005370   0x000000e8   Code   RO         1580    i.USB_SetTurnaroundTime  stm32l4xx_ll_usb.o
    0x08005458   0x08005458   0x00000020   Code   RO         1583    i.USB_WritePacket   stm32l4xx_ll_usb.o
    0x08005478   0x08005478   0x00000020   Code   RO          721    i.UltravioletRay_Init  ultravioletray.o
    0x08005498   0x08005498   0x00000002   Code   RO          379    i.UsageFault_Handler  stm32l4xx_it.o
    0x0800549a   0x0800549a   0x00000020   Code   RO         3610    i.__NVIC_SetPriority  stm32l4xx_hal_cortex.o
    0x080054ba   0x080054ba   0x0000000e   Code   RO         5476    i.__scatterload_copy  mc_w.l(handlers.o)
    0x080054c8   0x080054c8   0x00000002   Code   RO         5477    i.__scatterload_null  mc_w.l(handlers.o)
    0x080054ca   0x080054ca   0x0000000e   Code   RO         5478    i.__scatterload_zeroinit  mc_w.l(handlers.o)
    0x080054d8   0x080054d8   0x00000050   Code   RO         5396    i.free              mc_w.l(malloc.o)
    0x08005528   0x08005528   0x00000046   Code   RO           15    i.main              main.o
    0x0800556e   0x0800556e   0x00000002   PAD
    0x08005570   0x08005570   0x0000006c   Code   RO         5397    i.malloc            mc_w.l(malloc.o)
    0x080055dc   0x080055dc   0x00000040   Data   RO         4714    .constdata          system_stm32l4xx.o
    0x0800561c   0x0800561c   0x00000008   Data   RO         4715    .constdata          system_stm32l4xx.o
    0x08005624   0x08005624   0x00000020   Data   RO         5474    Region$$Table       anon$$obj.o


    Execution Region RW_IRAM2 (Exec base: 0x10000000, Load base: 0x08005708, Size: 0x00000000, Max: 0x00008000, ABSOLUTE)

    **** No section assigned to this execution region ****


    Execution Region RW_IRAM1 (Exec base: 0x20000000, Load base: 0x08005644, Size: 0x00002658, Max: 0x00018000, ABSOLUTE, COMPRESSED[0x000000c4])

    Exec Addr    Load Addr    Size         Type   Attr      Idx    E Section Name        Object

    0x20000000   COMPRESSED   0x0000001c   Data   RW          905    .data               usbd_desc.o
    0x2000001c   COMPRESSED   0x00000032   Data   RW          906    .data               usbd_desc.o
    0x2000004e   COMPRESSED   0x00000002   PAD
    0x20000050   COMPRESSED   0x00000014   Data   RW          992    .data               usbd_cdc_if.o
    0x20000064   COMPRESSED   0x0000000c   Data   RW         1872    .data               stm32l4xx_hal.o
    0x20000070   COMPRESSED   0x00000004   Data   RW         4716    .data               system_stm32l4xx.o
    0x20000074   COMPRESSED   0x00000001   Data   RW         4897    .data               usbd_ctlreq.o
    0x20000075   COMPRESSED   0x00000003   PAD
    0x20000078   COMPRESSED   0x000000d7   Data   RW         5036    .data               usbd_cdc.o
    0x2000014f   COMPRESSED   0x00000001   PAD
    0x20000150   COMPRESSED   0x00000038   Data   RW         5037    .data               usbd_cdc.o
    0x20000188   COMPRESSED   0x00000004   Data   RW         5457    .data               mc_w.l(mvars.o)
    0x2000018c   COMPRESSED   0x00000004   Data   RW         5458    .data               mc_w.l(mvars.o)
    0x20000190        -       0x00000098   Zero   RW          253    .bss                i2c.o
    0x20000228        -       0x00000280   Zero   RW          304    .bss                usart.o
    0x200004a8        -       0x00000064   Zero   RW          542    .bss                adc.o
    0x2000050c        -       0x0000000e   Zero   RW          589    .bss                noise.o
    0x2000051a        -       0x0000000e   Zero   RW          633    .bss                co2.o
    0x20000528        -       0x00000032   Zero   RW          677    .bss                particulate_matter.o
    0x2000055a   COMPRESSED   0x00000002   PAD
    0x2000055c        -       0x000002d0   Zero   RW          849    .bss                usb_device.o
    0x2000082c        -       0x00000200   Zero   RW          904    .bss                usbd_desc.o
    0x20000a2c        -       0x00001000   Zero   RW          991    .bss                usbd_cdc_if.o
    0x20001a2c        -       0x00000628   Zero   RW         1073    .bss                usbd_conf.o
    0x20002054   COMPRESSED   0x00000004   PAD
    0x20002058        -       0x00000200   Zero   RW            2    HEAP                startup_stm32l476xx.o
    0x20002258        -       0x00000400   Zero   RW            1    STACK               startup_stm32l476xx.o


==============================================================================

Image component sizes


      Code (inc. data)   RO Data    RW Data    ZI Data      Debug   Object Name

       232         24          0          0        100       1905   adc.o
        28          8          0          0         14       1658   co2.o
       624         20          0          0          0       1375   gpio.o
       364         40          0          0        152       2582   i2c.o
       252          6          0          0          0     851284   main.o
        28          8          0          0         14       1706   noise.o
        28          8          0          0         50       2063   particulate_matter.o
        36          8        392          0       1536        836   startup_stm32l476xx.o
       162         24          0         12          0      14661   stm32l4xx_hal.o
      1552         88          0          0          0      65271   stm32l4xx_hal_adc.o
       248         18          0          0          0      60047   stm32l4xx_hal_adc_ex.o
       198         14          0          0          0      34051   stm32l4xx_hal_cortex.o
        78          0          0          0          0       1155   stm32l4xx_hal_dma.o
       624         38          0          0          0       2784   stm32l4xx_hal_gpio.o
       952         24          0          0          0       9569   stm32l4xx_hal_i2c.o
       168          0          0          0          0       2019   stm32l4xx_hal_i2c_ex.o
        44          6          0          0          0        922   stm32l4xx_hal_msp.o
      2116         10          0          0          0      12481   stm32l4xx_hal_pcd.o
       116          6          0          0          0       2730   stm32l4xx_hal_pcd_ex.o
        16          4          0          0          0        579   stm32l4xx_hal_pwr.o
       152         28          0          0          0       2596   stm32l4xx_hal_pwr_ex.o
      1980        104          0          0          0       7676   stm32l4xx_hal_rcc.o
      1522         48          0          0          0       4785   stm32l4xx_hal_rcc_ex.o
      1906         76          0          0          0      12146   stm32l4xx_hal_uart.o
         2          0          0          0          0       1072   stm32l4xx_hal_uart_ex.o
       116         48          0          0          0       8502   stm32l4xx_it.o
      2382        132          0          0          0      23096   stm32l4xx_ll_usb.o
        68         12         72          4          0       1341   system_stm32l4xx.o
        82         16          0          0          0       2588   tem_hum_lux.o
        32          6          0          0          0        590   ultravioletray.o
       752         74          0          0        640       4766   usart.o
        84         18          0          0        720       2691   usb_device.o
       716         16          0        271          0      13279   usbd_cdc.o
        72         16          0         20       4096       3470   usbd_cdc_if.o
       876         22          0          0       1576      17668   usbd_conf.o
       676          0          0          0          0      12949   usbd_core.o
      1244         30          0          1          0      14436   usbd_ctlreq.o
       288        104          0         78        512      11713   usbd_desc.o
       132          0          0          0          0       4752   usbd_ioreq.o

    ----------------------------------------------------------------------
     20988       1104        496        392       9416    1219794   Object Totals
         0          0         32          0          0          0   (incl. Generated)
        40          0          0          6          6          0   (incl. Padding)

    ----------------------------------------------------------------------

      Code (inc. data)   RO Data    RW Data    ZI Data      Debug   Library Member Name

        86          0          0          0          0          0   __dczerorl2.o
         0          0          0          0          0          0   entry.o
         0          0          0          0          0          0   entry10a.o
         0          0          0          0          0          0   entry11a.o
         8          4          0          0          0          0   entry2.o
         4          0          0          0          0          0   entry5.o
         0          0          0          0          0          0   entry7b.o
         0          0          0          0          0          0   entry8b.o
         8          4          0          0          0          0   entry9a.o
        30          0          0          0          0          0   handlers.o
        36          8          0          0          0         68   init.o
        30          0          0          0          0         68   llshl.o
        32          0          0          0          0         68   llushr.o
       188         20          0          0          0        160   malloc.o
        36          0          0          0          0         68   memcpya.o
        36          0          0          0          0        108   memseta.o
         0          0          0          8          0          0   mvars.o
       104          0          0          0          0         92   uldiv.o

    ----------------------------------------------------------------------
       600         36          0          8          0        632   Library Totals
         2          0          0          0          0          0   (incl. Padding)

    ----------------------------------------------------------------------

      Code (inc. data)   RO Data    RW Data    ZI Data      Debug   Library Name

       598         36          0          8          0        632   mc_w.l

    ----------------------------------------------------------------------
       600         36          0          8          0        632   Library Totals

    ----------------------------------------------------------------------

==============================================================================


      Code (inc. data)   RO Data    RW Data    ZI Data      Debug   

     21588       1140        496        400       9416    1197950   Grand Totals
     21588       1140        496        196       9416    1197950   ELF Image Totals (compressed)
     21588       1140        496        196          0          0   ROM Totals

==============================================================================

    Total RO  Size (Code + RO Data)                22084 (  21.57kB)
    Total RW  Size (RW Data + ZI Data)              9816 (   9.59kB)
    Total ROM Size (Code + RO Data + RW Data)      22280 (  21.76kB)

==============================================================================

